Archive member included to satisfy reference by file (symbol)

/opt/toolchains/gcc-arm-none-eabi-7-2018-q2-update/bin/../lib/gcc/arm-none-eabi/7.3.1/../../../../arm-none-eabi/lib/thumb/v7-m/libc.a(lib_a-exit.o)
                              /opt/toolchains/gcc-arm-none-eabi-7-2018-q2-update/bin/../lib/gcc/arm-none-eabi/7.3.1/../../../../arm-none-eabi/lib/thumb/v7-m/crt0.o (exit)
/opt/toolchains/gcc-arm-none-eabi-7-2018-q2-update/bin/../lib/gcc/arm-none-eabi/7.3.1/../../../../arm-none-eabi/lib/thumb/v7-m/libc.a(lib_a-impure.o)
                              /opt/toolchains/gcc-arm-none-eabi-7-2018-q2-update/bin/../lib/gcc/arm-none-eabi/7.3.1/../../../../arm-none-eabi/lib/thumb/v7-m/libc.a(lib_a-exit.o) (_global_impure_ptr)
/opt/toolchains/gcc-arm-none-eabi-7-2018-q2-update/bin/../lib/gcc/arm-none-eabi/7.3.1/../../../../arm-none-eabi/lib/thumb/v7-m/libc.a(lib_a-init.o)
                              /opt/toolchains/gcc-arm-none-eabi-7-2018-q2-update/bin/../lib/gcc/arm-none-eabi/7.3.1/../../../../arm-none-eabi/lib/thumb/v7-m/crt0.o (__libc_init_array)
/opt/toolchains/gcc-arm-none-eabi-7-2018-q2-update/bin/../lib/gcc/arm-none-eabi/7.3.1/../../../../arm-none-eabi/lib/thumb/v7-m/libc.a(lib_a-memset.o)
                              /opt/toolchains/gcc-arm-none-eabi-7-2018-q2-update/bin/../lib/gcc/arm-none-eabi/7.3.1/../../../../arm-none-eabi/lib/thumb/v7-m/crt0.o (memset)
/opt/toolchains/gcc-arm-none-eabi-7-2018-q2-update/bin/../lib/gcc/arm-none-eabi/7.3.1/../../../../arm-none-eabi/lib/thumb/v7-m/libc.a(lib_a-__call_atexit.o)
                              /opt/toolchains/gcc-arm-none-eabi-7-2018-q2-update/bin/../lib/gcc/arm-none-eabi/7.3.1/../../../../arm-none-eabi/lib/thumb/v7-m/libc.a(lib_a-exit.o) (__call_exitprocs)
/opt/toolchains/gcc-arm-none-eabi-7-2018-q2-update/bin/../lib/gcc/arm-none-eabi/7.3.1/../../../../arm-none-eabi/lib/thumb/v7-m/libc.a(lib_a-atexit.o)
                              /opt/toolchains/gcc-arm-none-eabi-7-2018-q2-update/bin/../lib/gcc/arm-none-eabi/7.3.1/../../../../arm-none-eabi/lib/thumb/v7-m/libc.a(lib_a-__call_atexit.o) (atexit)
/opt/toolchains/gcc-arm-none-eabi-7-2018-q2-update/bin/../lib/gcc/arm-none-eabi/7.3.1/../../../../arm-none-eabi/lib/thumb/v7-m/libc.a(lib_a-fini.o)
                              /opt/toolchains/gcc-arm-none-eabi-7-2018-q2-update/bin/../lib/gcc/arm-none-eabi/7.3.1/../../../../arm-none-eabi/lib/thumb/v7-m/libc.a(lib_a-__call_atexit.o) (__libc_fini_array)
/opt/toolchains/gcc-arm-none-eabi-7-2018-q2-update/bin/../lib/gcc/arm-none-eabi/7.3.1/../../../../arm-none-eabi/lib/thumb/v7-m/libc.a(lib_a-lock.o)
                              /opt/toolchains/gcc-arm-none-eabi-7-2018-q2-update/bin/../lib/gcc/arm-none-eabi/7.3.1/../../../../arm-none-eabi/lib/thumb/v7-m/libc.a(lib_a-__call_atexit.o) (__retarget_lock_acquire_recursive)
/opt/toolchains/gcc-arm-none-eabi-7-2018-q2-update/bin/../lib/gcc/arm-none-eabi/7.3.1/../../../../arm-none-eabi/lib/thumb/v7-m/libc.a(lib_a-__atexit.o)
                              /opt/toolchains/gcc-arm-none-eabi-7-2018-q2-update/bin/../lib/gcc/arm-none-eabi/7.3.1/../../../../arm-none-eabi/lib/thumb/v7-m/libc.a(lib_a-atexit.o) (__register_exitproc)
../libstdperiph.a(misc.c.obj)
                              CMakeFiles/stm32-simple-neural-network.elf.dir/__/libs/stm32f1_dimtass_lib/src/dev_uart.c.obj (NVIC_PriorityGroupConfig)
../libstdperiph.a(stm32f10x_adc.c.obj)
                              CMakeFiles/stm32-simple-neural-network.elf.dir/__/libs/stm32f1_dimtass_lib/src/dev_adc.c.obj (ADC_Init)
../libstdperiph.a(stm32f10x_dma.c.obj)
                              CMakeFiles/stm32-simple-neural-network.elf.dir/__/libs/stm32f1_dimtass_lib/src/dev_spi_master.c.obj (DMA_DeInit)
../libstdperiph.a(stm32f10x_flash.c.obj)
                              CMakeFiles/stm32-simple-neural-network.elf.dir/__/libs/stm32f1_dimtass_lib/src/overclock_stm32f103.c.obj (FLASH_SetLatency)
../libstdperiph.a(stm32f10x_gpio.c.obj)
                              CMakeFiles/stm32-simple-neural-network.elf.dir/__/libs/stm32f1_dimtass_lib/src/dev_adc.c.obj (GPIO_Init)
../libstdperiph.a(stm32f10x_i2c.c.obj)
                              CMakeFiles/stm32-simple-neural-network.elf.dir/__/libs/stm32f1_dimtass_lib/src/dev_i2c.c.obj (I2C_Init)
../libstdperiph.a(stm32f10x_rcc.c.obj)
                              CMakeFiles/stm32-simple-neural-network.elf.dir/__/libs/stm32f1_dimtass_lib/src/overclock_stm32f103.c.obj (RCC_DeInit)
../libstdperiph.a(stm32f10x_spi.c.obj)
                              CMakeFiles/stm32-simple-neural-network.elf.dir/__/libs/stm32f1_dimtass_lib/src/dev_spi_slave.c.obj (SPI_I2S_DeInit)
../libstdperiph.a(stm32f10x_tim.c.obj)
                              CMakeFiles/stm32-simple-neural-network.elf.dir/__/libs/stm32f1_dimtass_lib/src/dev_pwm.c.obj (TIM_TimeBaseInit)
../libstdperiph.a(stm32f10x_usart.c.obj)
                              CMakeFiles/stm32-simple-neural-network.elf.dir/__/libs/stm32f1_dimtass_lib/src/dev_uart.c.obj (USART_DeInit)
[...]
Memory Configuration

Name             Origin             Length             Attributes
RAM              0x0000000020000000 0x0000000000005000 xrw
ROM              0x0000000008000000 0x0000000000010000 xr
*default*        0x0000000000000000 0xffffffffffffffff

Linker script and memory map

LOAD /opt/toolchains/gcc-arm-none-eabi-7-2018-q2-update/bin/../lib/gcc/arm-none-eabi/7.3.1/thumb/v7-m/crti.o
LOAD /opt/toolchains/gcc-arm-none-eabi-7-2018-q2-update/bin/../lib/gcc/arm-none-eabi/7.3.1/thumb/v7-m/crtbegin.o
LOAD /opt/toolchains/gcc-arm-none-eabi-7-2018-q2-update/bin/../lib/gcc/arm-none-eabi/7.3.1/../../../../arm-none-eabi/lib/thumb/v7-m/crt0.o
LOAD /opt/toolchains/gcc-arm-none-eabi-7-2018-q2-update/bin/../lib/gcc/arm-none-eabi/7.3.1/../../../../arm-none-eabi/lib/thumb/v7-m/libc.a
LOAD /opt/toolchains/gcc-arm-none-eabi-7-2018-q2-update/bin/../lib/gcc/arm-none-eabi/7.3.1/../../../../arm-none-eabi/lib/thumb/v7-m/libm.a
LOAD /opt/toolchains/gcc-arm-none-eabi-7-2018-q2-update/bin/../lib/gcc/arm-none-eabi/7.3.1/../../../../arm-none-eabi/lib/thumb/v7-m/libc.a
LOAD /opt/toolchains/gcc-arm-none-eabi-7-2018-q2-update/bin/../lib/gcc/arm-none-eabi/7.3.1/../../../../arm-none-eabi/lib/thumb/v7-m/libm.a
LOAD CMakeFiles/stm32-simple-neural-network.elf.dir/__/libs/stm32f1_dimtass_lib/src/cortexm_delay.c.obj
LOAD CMakeFiles/stm32-simple-neural-network.elf.dir/__/libs/stm32f1_dimtass_lib/src/dev_adc.c.obj
LOAD CMakeFiles/stm32-simple-neural-network.elf.dir/__/libs/stm32f1_dimtass_lib/src/dev_i2c.c.obj
LOAD CMakeFiles/stm32-simple-neural-network.elf.dir/__/libs/stm32f1_dimtass_lib/src/dev_pwm.c.obj
LOAD CMakeFiles/stm32-simple-neural-network.elf.dir/__/libs/stm32f1_dimtass_lib/src/dev_spi_master.c.obj
LOAD CMakeFiles/stm32-simple-neural-network.elf.dir/__/libs/stm32f1_dimtass_lib/src/dev_spi_slave.c.obj
LOAD CMakeFiles/stm32-simple-neural-network.elf.dir/__/libs/stm32f1_dimtass_lib/src/dev_uart.c.obj
LOAD CMakeFiles/stm32-simple-neural-network.elf.dir/__/libs/stm32f1_dimtass_lib/src/overclock_stm32f103.c.obj
LOAD CMakeFiles/stm32-simple-neural-network.elf.dir/main.c.obj
LOAD CMakeFiles/stm32-simple-neural-network.elf.dir/system_stm32f10x.c.obj
LOAD CMakeFiles/stm32-simple-neural-network.elf.dir/syscalls.c.obj
LOAD CMakeFiles/stm32-simple-neural-network.elf.dir/stm32f10x_it.c.obj
LOAD CMakeFiles/stm32-simple-neural-network.elf.dir/neural_network.c.obj
LOAD CMakeFiles/stm32-simple-neural-network.elf.dir/__/config/startup_stm32f10x_md.s.obj
LOAD ../libstdperiph.a
START GROUP
LOAD /opt/toolchains/gcc-arm-none-eabi-7-2018-q2-update/bin/../lib/gcc/arm-none-eabi/7.3.1/thumb/v7-m/libgcc.a
LOAD /opt/toolchains/gcc-arm-none-eabi-7-2018-q2-update/bin/../lib/gcc/arm-none-eabi/7.3.1/../../../../arm-none-eabi/lib/thumb/v7-m/libg.a
LOAD /opt/toolchains/gcc-arm-none-eabi-7-2018-q2-update/bin/../lib/gcc/arm-none-eabi/7.3.1/../../../../arm-none-eabi/lib/thumb/v7-m/libc.a
END GROUP
LOAD /opt/toolchains/gcc-arm-none-eabi-7-2018-q2-update/bin/../lib/gcc/arm-none-eabi/7.3.1/thumb/v7-m/crtend.o
LOAD /opt/toolchains/gcc-arm-none-eabi-7-2018-q2-update/bin/../lib/gcc/arm-none-eabi/7.3.1/thumb/v7-m/crtn.o
                0x0000000020005000                _estack = 0x20005000
                0x0000000000000000                _Min_Heap_Size = 0x0
                0x0000000000000400                _Min_Stack_Size = 0x400

.isr_vector     0x0000000008000000      0x10c
                0x0000000008000000                . = ALIGN (0x4)
 *(.isr_vector)
 .isr_vector    0x0000000008000000      0x10c CMakeFiles/stm32-simple-neural-network.elf.dir/__/config/startup_stm32f10x_md.s.obj
                0x0000000008000000                g_pfnVectors
                0x000000000800010c                . = ALIGN (0x4)

.text           0x0000000008000110     0xa41c
                0x0000000008000110                . = ALIGN (0x4)
 *(.text)
 .text          0x0000000008000110       0x40 /opt/toolchains/gcc-arm-none-eabi-7-2018-q2-update/bin/../lib/gcc/arm-none-eabi/7.3.1/thumb/v7-m/crtbegin.o
 .text          0x0000000008000150      0x850 CMakeFiles/stm32-simple-neural-network.elf.dir/__/libs/stm32f1_dimtass_lib/src/dev_i2c.c.obj
                0x0000000008000150                i2c_init
                0x000000000800030c                i2c_enable
                0x0000000008000320                i2c_disable
                0x0000000008000334                i2c_master_write_wait
                0x000000000800037c                i2c_master_write
                0x00000000080003c0                i2c_master_read_wait
                0x0000000008000400                i2c_master_read
                0x0000000008000444                I2Cx_ClearFlag
                0x0000000008000470                I2C1_EV_IRQHandler
                0x00000000080006e4                I2C2_EV_IRQHandler
                0x0000000008000958                I2C1_ER_IRQHandler
                0x000000000800097c                I2C2_ER_IRQHandler
 .text          0x00000000080009a0      0x4a8 CMakeFiles/stm32-simple-neural-network.elf.dir/__/libs/stm32f1_dimtass_lib/src/dev_spi_master.c.obj
                0x00000000080009a0                spi_init_master
                0x0000000008000b90                spi_start
                0x0000000008000ba0                spi_stop
                0x0000000008000bb0                spi_wait
                0x0000000008000bc4                spi_send8
                0x0000000008000bf4                spi_sendCircular8
                0x0000000008000c24                spi_recv8
                0x0000000008000c54                spi_recvCircular8
                0x0000000008000c84                spi_sendCircular16
                0x0000000008000cc0                spi_send16
                0x0000000008000cfc                spi_recv16
                0x0000000008000d34                spi_recvCircular16
                0x0000000008000d70                spi_set8
                0x0000000008000d98                spi_set16
                0x0000000008000dbc                spi_calculate_available_freq
                0x0000000008000dec                spi_get_available_freq
                0x0000000008000dfc                DMA1_Channel2_IRQHandler
                0x0000000008000e20                DMA1_Channel3_IRQHandler
 .text          0x0000000008000e48      0x294 CMakeFiles/stm32-simple-neural-network.elf.dir/__/libs/stm32f1_dimtass_lib/src/dev_spi_slave.c.obj
                0x0000000008000e48                spi_init_slave
                0x00000000080010b4                DMA1_Channel4_IRQHandler
 .text          0x00000000080010dc      0x5f4 CMakeFiles/stm32-simple-neural-network.elf.dir/__/libs/stm32f1_dimtass_lib/src/dev_uart.c.obj
                0x00000000080010dc                dev_uart_add
                0x0000000008001228                dev_uart_set_baud_rate
                0x0000000008001238                dev_uart_remove
                0x00000000080012b8                dev_uart_send
                0x0000000008001324                dev_uart_send_buffer
                0x00000000080013c4                USART1_IRQHandler
                0x000000000800146c                USART2_IRQHandler
                0x0000000008001514                dev_uart_update
                0x0000000008001554                dev_uart_irq
                0x00000000080015f0                __io_putchar
 .text          0x00000000080016d0       0x70 CMakeFiles/stm32-simple-neural-network.elf.dir/__/libs/stm32f1_dimtass_lib/src/overclock_stm32f103.c.obj
                0x00000000080016d0                overclock_stm32f103
 .text          0x0000000008001740      0x334 CMakeFiles/stm32-simple-neural-network.elf.dir/main.c.obj
                0x000000000800178c                led_on
                0x000000000800179c                led_off
                0x00000000080017ac                led_init
                0x00000000080017e8                benchmark_neural_network
                0x000000000800182c                dbg_uart_parser
                0x00000000080019d8                debug_pin_init
                0x0000000008001a18                test_neural_network
 .text          0x0000000008001a74      0x15c CMakeFiles/stm32-simple-neural-network.elf.dir/system_stm32f10x.c.obj
                0x0000000008001a74                SystemInit
                0x0000000008001b78                SystemCoreClockUpdate
 .text          0x0000000008001bd0      0x124 CMakeFiles/stm32-simple-neural-network.elf.dir/syscalls.c.obj
                0x0000000008001bd0                initialise_monitor_handles
                0x0000000008001bd4                _getpid
                0x0000000008001bd8                _kill
                0x0000000008001be8                _exit
                0x0000000008001bf4                _read
                0x0000000008001c10                _write
                0x0000000008001c2c                _sbrk
                0x0000000008001c68                _close
                0x0000000008001c70                _fstat
                0x0000000008001c7c                _isatty
                0x0000000008001c80                _lseek
                0x0000000008001c84                _open
                0x0000000008001c90                _wait
                0x0000000008001ca0                _unlink
                0x0000000008001cb0                _times
                0x0000000008001cb8                _stat
                0x0000000008001cc4                _link
                0x0000000008001cd4                _fork
                0x0000000008001ce4                _execve
 .text          0x0000000008001cf4       0x30 CMakeFiles/stm32-simple-neural-network.elf.dir/stm32f10x_it.c.obj
                0x0000000008001cf4                NMI_Handler
                0x0000000008001cf8                HardFault_Handler
                0x0000000008001cfc                MemManage_Handler
                0x0000000008001d00                BusFault_Handler
                0x0000000008001d04                UsageFault_Handler
                0x0000000008001d08                SVC_Handler
                0x0000000008001d0c                DebugMon_Handler
                0x0000000008001d10                PendSV_Handler
                0x0000000008001d14                SysTick_Handler
 .text          0x0000000008001d24      0x184 CMakeFiles/stm32-simple-neural-network.elf.dir/neural_network.c.obj
                0x0000000008001d24                dot
                0x0000000008001d84                sigmoid
                0x0000000008001dd8                nn_predict
 .text          0x0000000008001ea8       0xb0 ../libstdperiph.a(misc.c.obj)
                0x0000000008001ea8                NVIC_PriorityGroupConfig
                0x0000000008001ebc                NVIC_Init
                0x0000000008001f14                NVIC_SetVectorTable
                0x0000000008001f28                NVIC_SystemLPConfig
                0x0000000008001f40                SysTick_CLKSourceConfig
 .text          0x0000000008001f58      0x224 ../libstdperiph.a(stm32f10x_dma.c.obj)
                0x0000000008001f58                DMA_DeInit
                0x0000000008002088                DMA_Init
                0x00000000080020c8                DMA_StructInit
                0x00000000080020e4                DMA_Cmd
                0x00000000080020fc                DMA_ITConfig
                0x0000000008002110                DMA_SetCurrDataCounter
                0x0000000008002114                DMA_GetCurrDataCounter
                0x000000000800211c                DMA_GetFlagStatus
                0x0000000008002138                DMA_ClearFlag
                0x000000000800214c                DMA_GetITStatus
                0x0000000008002168                DMA_ClearITPendingBit
 .text          0x000000000800217c      0xcd8 ../libstdperiph.a(stm32f10x_flash.c.obj)
                0x000000000800217c                FLASH_SetLatency
                0x0000000008002190                FLASH_HalfCycleAccessCmd
                0x00000000080021a8                FLASH_PrefetchBufferCmd
                0x00000000080021c0                FLASH_Unlock
                0x00000000080021d8                FLASH_UnlockBank1
                0x00000000080021f0                FLASH_Lock
                0x0000000008002200                FLASH_LockBank1
                0x0000000008002210                FLASH_ErasePage
                0x00000000080022e0                FLASH_EraseAllPages
                0x00000000080023b4                FLASH_EraseAllBank1Pages
                0x0000000008002488                FLASH_EraseOptionBytes
                0x00000000080025d0                FLASH_ProgramWord
                0x00000000080026f8                FLASH_ProgramHalfWord
                0x00000000080027c0                FLASH_ProgramOptionByteData
                0x000000000800289c                FLASH_EnableWriteProtection
                0x0000000008002a74                FLASH_ReadOutProtection
                0x0000000008002bd4                FLASH_UserOptionByteConfig
                0x0000000008002cc0                FLASH_GetUserOptionByte
                0x0000000008002ccc                FLASH_GetWriteProtectionOptionByte
                0x0000000008002cd8                FLASH_GetReadOutProtectionStatus
                0x0000000008002ce8                FLASH_GetPrefetchBufferStatus
                0x0000000008002cf8                FLASH_ITConfig
                0x0000000008002d10                FLASH_GetFlagStatus
                0x0000000008002d30                FLASH_ClearFlag
                0x0000000008002d3c                FLASH_GetStatus
                0x0000000008002d64                FLASH_GetBank1Status
                0x0000000008002d8c                FLASH_WaitForLastOperation
                0x0000000008002df0                FLASH_WaitForLastBank1Operation
 .text          0x0000000008002e54      0x530 ../libstdperiph.a(stm32f10x_gpio.c.obj)
                0x0000000008002e54                GPIO_DeInit
                0x0000000008002f30                GPIO_AFIODeInit
                0x0000000008002f48                GPIO_Init
                0x0000000008003254                GPIO_StructInit
                0x0000000008003264                GPIO_ReadInputDataBit
                0x0000000008003270                GPIO_ReadInputData
                0x0000000008003278                GPIO_ReadOutputDataBit
                0x0000000008003284                GPIO_ReadOutputData
                0x000000000800328c                GPIO_SetBits
                0x0000000008003290                GPIO_ResetBits
                0x0000000008003294                GPIO_WriteBit
                0x00000000080032a0                GPIO_Write
                0x00000000080032a4                GPIO_PinLockConfig
                0x00000000080032b4                GPIO_EventOutputConfig
                0x00000000080032d0                GPIO_EventOutputCmd
                0x00000000080032dc                GPIO_PinRemapConfig
                0x0000000008003348                GPIO_EXTILineConfig
                0x0000000008003378                GPIO_ETH_MediaInterfaceConfig
 .text          0x0000000008003384      0x3b8 ../libstdperiph.a(stm32f10x_i2c.c.obj)
                0x0000000008003384                I2C_DeInit
                0x00000000080033c0                I2C_Init
                0x0000000008003490                I2C_StructInit
                0x00000000080034b0                I2C_Cmd
                0x00000000080034c8                I2C_DMACmd
                0x00000000080034e0                I2C_DMALastTransferCmd
                0x00000000080034f8                I2C_GenerateSTART
                0x0000000008003510                I2C_GenerateSTOP
                0x0000000008003528                I2C_AcknowledgeConfig
                0x0000000008003540                I2C_OwnAddress2Config
                0x0000000008003554                I2C_DualAddressCmd
                0x000000000800356c                I2C_GeneralCallCmd
                0x0000000008003584                I2C_ITConfig
                0x0000000008003598                I2C_SendData
                0x000000000800359c                I2C_ReceiveData
                0x00000000080035a4                I2C_Send7bitAddress
                0x00000000080035bc                I2C_ReadRegister
                0x00000000080035d4                I2C_SoftwareResetCmd
                0x00000000080035e8                I2C_NACKPositionConfig
                0x0000000008003600                I2C_SMBusAlertConfig
                0x0000000008003618                I2C_TransmitPEC
                0x0000000008003630                I2C_PECPositionConfig
                0x0000000008003648                I2C_CalculatePEC
                0x0000000008003660                I2C_GetPEC
                0x0000000008003668                I2C_ARPCmd
                0x0000000008003680                I2C_StretchClockCmd
                0x0000000008003698                I2C_FastModeDutyCycleConfig
                0x00000000080036b0                I2C_CheckEvent
                0x00000000080036c8                I2C_GetLastEvent
                0x00000000080036d8                I2C_GetFlagStatus
                0x0000000008003710                I2C_ClearFlag
                0x0000000008003718                I2C_GetITStatus
                0x0000000008003734                I2C_ClearITPendingBit
 .text          0x000000000800373c      0x354 ../libstdperiph.a(stm32f10x_rcc.c.obj)
                0x000000000800373c                RCC_DeInit
                0x000000000800377c                RCC_HSEConfig
                0x00000000080037b4                RCC_WaitForHSEStartUp
                0x00000000080037e4                RCC_AdjustHSICalibrationValue
                0x00000000080037f8                RCC_HSICmd
                0x0000000008003804                RCC_PLLConfig
                0x0000000008003818                RCC_PLLCmd
                0x0000000008003824                RCC_SYSCLKConfig
                0x0000000008003838                RCC_GetSYSCLKSource
                0x0000000008003848                RCC_HCLKConfig
                0x000000000800385c                RCC_PCLK1Config
                0x0000000008003870                RCC_PCLK2Config
                0x0000000008003884                RCC_ITConfig
                0x000000000800389c                RCC_USBCLKConfig
                0x00000000080038a8                RCC_ADCCLKConfig
                0x00000000080038bc                RCC_LSEConfig
                0x00000000080038dc                RCC_LSICmd
                0x00000000080038e8                RCC_RTCCLKConfig
                0x00000000080038f8                RCC_RTCCLKCmd
                0x0000000008003904                RCC_GetClocksFreq
                0x0000000008003990                RCC_AHBPeriphClockCmd
                0x00000000080039a8                RCC_APB2PeriphClockCmd
                0x00000000080039c0                RCC_APB1PeriphClockCmd
                0x00000000080039d8                RCC_APB2PeriphResetCmd
                0x00000000080039f0                RCC_APB1PeriphResetCmd
                0x0000000008003a08                RCC_BackupResetCmd
                0x0000000008003a14                RCC_ClockSecuritySystemCmd
                0x0000000008003a20                RCC_MCOConfig
                0x0000000008003a2c                RCC_GetFlagStatus
                0x0000000008003a60                RCC_ClearFlag
                0x0000000008003a70                RCC_GetITStatus
                0x0000000008003a84                RCC_ClearITPendingBit
 .text          0x0000000008003a90      0x2b8 ../libstdperiph.a(stm32f10x_spi.c.obj)
                0x0000000008003a90                SPI_I2S_DeInit
                0x0000000008003afc                SPI_Init
                0x0000000008003b3c                I2S_Init
                0x0000000008003be0                SPI_StructInit
                0x0000000008003bf0                I2S_StructInit
                0x0000000008003c00                SPI_Cmd
                0x0000000008003c18                I2S_Cmd
                0x0000000008003c30                SPI_I2S_ITConfig
                0x0000000008003c4c                SPI_I2S_DMACmd
                0x0000000008003c60                SPI_I2S_SendData
                0x0000000008003c64                SPI_I2S_ReceiveData
                0x0000000008003c68                SPI_NSSInternalSoftwareConfig
                0x0000000008003c84                SPI_SSOutputCmd
                0x0000000008003c9c                SPI_DataSizeConfig
                0x0000000008003cb0                SPI_TransmitCRC
                0x0000000008003cbc                SPI_CalculateCRC
                0x0000000008003cd4                SPI_GetCRC
                0x0000000008003ce0                SPI_GetCRCPolynomial
                0x0000000008003ce4                SPI_BiDirectionalLineConfig
                0x0000000008003cfc                SPI_I2S_GetFlagStatus
                0x0000000008003d08                SPI_I2S_ClearFlag
                0x0000000008003d10                SPI_I2S_GetITStatus
                0x0000000008003d38                SPI_I2S_ClearITPendingBit
 .text          0x0000000008003d48      0x3b4 ../libstdperiph.a(stm32f10x_usart.c.obj)
                0x0000000008003d48                USART_DeInit
                0x0000000008003df8                USART_Init
                0x0000000008003eac                USART_StructInit
                0x0000000008003ec0                USART_ClockInit
                0x0000000008003ee0                USART_ClockStructInit
                0x0000000008003ee8                USART_Cmd
                0x0000000008003f00                USART_ITConfig
                0x0000000008003f38                USART_DMACmd
                0x0000000008003f4c                USART_SetAddress
                0x0000000008003f60                USART_WakeUpConfig
                0x0000000008003f74                USART_ReceiverWakeUpCmd
                0x0000000008003f8c                USART_LINBreakDetectLengthConfig
                0x0000000008003fa0                USART_LINCmd
                0x0000000008003fb8                USART_SendData
                0x0000000008003fc0                USART_ReceiveData
                0x0000000008003fc8                USART_SendBreak
                0x0000000008003fd4                USART_SetGuardTime
                0x0000000008003fe4                USART_SetPrescaler
                0x0000000008003ff4                USART_SmartCardCmd
                0x000000000800400c                USART_SmartCardNACKCmd
                0x0000000008004024                USART_HalfDuplexCmd
                0x000000000800403c                USART_OverSampling8Cmd
                0x0000000008004050                USART_OneBitMethodCmd
                0x0000000008004068                USART_IrDAConfig
                0x000000000800407c                USART_IrDACmd
                0x0000000008004094                USART_GetFlagStatus
                0x00000000080040a0                USART_ClearFlag
                0x00000000080040a8                USART_GetITStatus
                0x00000000080040ec                USART_ClearITPendingBit
 .text          0x00000000080040fc      0x378 /opt/toolchains/gcc-arm-none-eabi-7-2018-q2-update/bin/../lib/gcc/arm-none-eabi/7.3.1/thumb/v7-m/libgcc.a(_arm_addsubdf3.o)
                0x00000000080040fc                __aeabi_drsub
                0x0000000008004104                __aeabi_dsub
                0x0000000008004104                __subdf3
                0x0000000008004108                __adddf3
                0x0000000008004108                __aeabi_dadd
                0x0000000008004380                __aeabi_ui2d
                0x0000000008004380                __floatunsidf
                0x00000000080043a0                __floatsidf
                0x00000000080043a0                __aeabi_i2d
                0x00000000080043c4                __extendsfdf2
                0x00000000080043c4                __aeabi_f2d
                0x0000000008004408                __aeabi_ul2d
                0x0000000008004408                __floatundidf
                0x0000000008004418                __floatdidf
                0x0000000008004418                __aeabi_l2d
 .text          0x0000000008004474      0x424 /opt/toolchains/gcc-arm-none-eabi-7-2018-q2-update/bin/../lib/gcc/arm-none-eabi/7.3.1/thumb/v7-m/libgcc.a(_arm_muldivdf3.o)
                0x0000000008004474                __aeabi_dmul
                0x0000000008004474                __muldf3
                0x00000000080046c8                __aeabi_ddiv
                0x00000000080046c8                __divdf3
 .text          0x0000000008004898       0xec /opt/toolchains/gcc-arm-none-eabi-7-2018-q2-update/bin/../lib/gcc/arm-none-eabi/7.3.1/../../../../arm-none-eabi/lib/thumb/v7-m/libg.a(lib_a-memcpy.o)
                0x0000000008004898                memcpy
 .text          0x0000000008004984      0x110 /opt/toolchains/gcc-arm-none-eabi-7-2018-q2-update/bin/../lib/gcc/arm-none-eabi/7.3.1/thumb/v7-m/libgcc.a(_arm_cmpdf2.o)
                0x0000000008004984                __gtdf2
                0x0000000008004984                __gedf2
                0x000000000800498c                __ltdf2
                0x000000000800498c                __ledf2
                0x0000000008004994                __cmpdf2
                0x0000000008004994                __eqdf2
                0x0000000008004994                __nedf2
                0x0000000008004a10                __aeabi_cdrcmple
                0x0000000008004a20                __aeabi_cdcmple
                0x0000000008004a20                __aeabi_cdcmpeq
                0x0000000008004a30                __aeabi_dcmpeq
                0x0000000008004a44                __aeabi_dcmplt
                0x0000000008004a58                __aeabi_dcmple
                0x0000000008004a6c                __aeabi_dcmpge
                0x0000000008004a80                __aeabi_dcmpgt
 .text          0x0000000008004a94       0x2c /opt/toolchains/gcc-arm-none-eabi-7-2018-q2-update/bin/../lib/gcc/arm-none-eabi/7.3.1/thumb/v7-m/libgcc.a(_arm_unorddf2.o)
                0x0000000008004a94                __aeabi_dcmpun
                0x0000000008004a94                __unorddf2
 .text          0x0000000008004ac0       0x50 /opt/toolchains/gcc-arm-none-eabi-7-2018-q2-update/bin/../lib/gcc/arm-none-eabi/7.3.1/thumb/v7-m/libgcc.a(_arm_fixdfsi.o)
                0x0000000008004ac0                __fixdfsi
                0x0000000008004ac0                __aeabi_d2iz
 .text          0x0000000008004b10       0x30 /opt/toolchains/gcc-arm-none-eabi-7-2018-q2-update/bin/../lib/gcc/arm-none-eabi/7.3.1/thumb/v7-m/libgcc.a(_aeabi_uldivmod.o)
                0x0000000008004b10                __aeabi_uldivmod
 .text          0x0000000008004b40      0x2d0 /opt/toolchains/gcc-arm-none-eabi-7-2018-q2-update/bin/../lib/gcc/arm-none-eabi/7.3.1/thumb/v7-m/libgcc.a(_udivmoddi4.o)
                0x0000000008004b40                __udivmoddi4
 .text          0x0000000008004e10        0x4 /opt/toolchains/gcc-arm-none-eabi-7-2018-q2-update/bin/../lib/gcc/arm-none-eabi/7.3.1/thumb/v7-m/libgcc.a(_dvmd_tls.o)
                0x0000000008004e10                __aeabi_ldiv0
                0x0000000008004e10                __aeabi_idiv0
 *(.text*)
 .text.__libc_init_array
                0x0000000008004e14       0x48 /opt/toolchains/gcc-arm-none-eabi-7-2018-q2-update/bin/../lib/gcc/arm-none-eabi/7.3.1/../../../../arm-none-eabi/lib/thumb/v7-m/libc.a(lib_a-init.o)
                0x0000000008004e14                __libc_init_array
 .text.memset   0x0000000008004e5c       0x94 /opt/toolchains/gcc-arm-none-eabi-7-2018-q2-update/bin/../lib/gcc/arm-none-eabi/7.3.1/../../../../arm-none-eabi/lib/thumb/v7-m/libc.a(lib_a-memset.o)
                0x0000000008004e5c                memset
 .text.startup.register_fini
                0x0000000008004ef0       0x14 /opt/toolchains/gcc-arm-none-eabi-7-2018-q2-update/bin/../lib/gcc/arm-none-eabi/7.3.1/../../../../arm-none-eabi/lib/thumb/v7-m/libc.a(lib_a-__call_atexit.o)
 .text.atexit   0x0000000008004f04        0xc /opt/toolchains/gcc-arm-none-eabi-7-2018-q2-update/bin/../lib/gcc/arm-none-eabi/7.3.1/../../../../arm-none-eabi/lib/thumb/v7-m/libc.a(lib_a-atexit.o)
                0x0000000008004f04                atexit
 .text.__libc_fini_array
                0x0000000008004f10       0x34 /opt/toolchains/gcc-arm-none-eabi-7-2018-q2-update/bin/../lib/gcc/arm-none-eabi/7.3.1/../../../../arm-none-eabi/lib/thumb/v7-m/libc.a(lib_a-fini.o)
                0x0000000008004f10                __libc_fini_array
 .text.__retarget_lock_init_recursive
                0x0000000008004f44        0x4 /opt/toolchains/gcc-arm-none-eabi-7-2018-q2-update/bin/../lib/gcc/arm-none-eabi/7.3.1/../../../../arm-none-eabi/lib/thumb/v7-m/libc.a(lib_a-lock.o)
                0x0000000008004f44                __retarget_lock_init_recursive
 .text.__retarget_lock_close_recursive
                0x0000000008004f48        0x4 /opt/toolchains/gcc-arm-none-eabi-7-2018-q2-update/bin/../lib/gcc/arm-none-eabi/7.3.1/../../../../arm-none-eabi/lib/thumb/v7-m/libc.a(lib_a-lock.o)
                0x0000000008004f48                __retarget_lock_close_recursive
 .text.__retarget_lock_acquire_recursive
                0x0000000008004f4c        0x4 /opt/toolchains/gcc-arm-none-eabi-7-2018-q2-update/bin/../lib/gcc/arm-none-eabi/7.3.1/../../../../arm-none-eabi/lib/thumb/v7-m/libc.a(lib_a-lock.o)
                0x0000000008004f4c                __retarget_lock_acquire_recursive
 .text.__retarget_lock_release_recursive
                0x0000000008004f50        0x4 /opt/toolchains/gcc-arm-none-eabi-7-2018-q2-update/bin/../lib/gcc/arm-none-eabi/7.3.1/../../../../arm-none-eabi/lib/thumb/v7-m/libc.a(lib_a-lock.o)
                0x0000000008004f50                __retarget_lock_release_recursive
 .text.__register_exitproc
                0x0000000008004f54       0xc0 /opt/toolchains/gcc-arm-none-eabi-7-2018-q2-update/bin/../lib/gcc/arm-none-eabi/7.3.1/../../../../arm-none-eabi/lib/thumb/v7-m/libc.a(lib_a-__atexit.o)
                0x0000000008004f54                __register_exitproc
 .text.startup  0x0000000008005014      0x2c8 CMakeFiles/stm32-simple-neural-network.elf.dir/main.c.obj
                0x0000000008005014                main
 .text.Reset_Handler
                0x00000000080052dc       0x48 CMakeFiles/stm32-simple-neural-network.elf.dir/__/config/startup_stm32f10x_md.s.obj
                0x00000000080052dc                Reset_Handler
 .text.Default_Handler
                0x0000000008005324        0x2 CMakeFiles/stm32-simple-neural-network.elf.dir/__/config/startup_stm32f10x_md.s.obj
                0x0000000008005324                EXTI2_IRQHandler
                0x0000000008005324                TIM1_CC_IRQHandler
                0x0000000008005324                PVD_IRQHandler
                0x0000000008005324                EXTI3_IRQHandler
                0x0000000008005324                EXTI0_IRQHandler
                0x0000000008005324                ADC1_2_IRQHandler
                0x0000000008005324                SPI1_IRQHandler
                0x0000000008005324                TAMPER_IRQHandler
                0x0000000008005324                USART3_IRQHandler
                0x0000000008005324                RTC_IRQHandler
                0x0000000008005324                DMA1_Channel7_IRQHandler
                0x0000000008005324                CAN1_RX1_IRQHandler
                0x0000000008005324                TIM4_IRQHandler
                0x0000000008005324                DMA1_Channel6_IRQHandler
                0x0000000008005324                TIM3_IRQHandler
                0x0000000008005324                RCC_IRQHandler
                0x0000000008005324                TIM1_TRG_COM_IRQHandler
                0x0000000008005324                DMA1_Channel1_IRQHandler
                0x0000000008005324                Default_Handler
                0x0000000008005324                EXTI15_10_IRQHandler
                0x0000000008005324                EXTI9_5_IRQHandler
                0x0000000008005324                SPI2_IRQHandler
                0x0000000008005324                DMA1_Channel5_IRQHandler
                0x0000000008005324                EXTI4_IRQHandler
                0x0000000008005324                USB_LP_CAN1_RX0_IRQHandler
                0x0000000008005324                USB_HP_CAN1_TX_IRQHandler
                0x0000000008005324                TIM1_UP_IRQHandler
                0x0000000008005324                WWDG_IRQHandler
                0x0000000008005324                TIM2_IRQHandler
                0x0000000008005324                TIM1_BRK_IRQHandler
                0x0000000008005324                EXTI1_IRQHandler
                0x0000000008005324                RTCAlarm_IRQHandler
                0x0000000008005324                CAN1_SCE_IRQHandler
                0x0000000008005324                FLASH_IRQHandler
                0x0000000008005324                USBWakeUp_IRQHandler
 *fill*         0x0000000008005326        0x2 
 .text.__errno  0x0000000008005328        0xc /opt/toolchains/gcc-arm-none-eabi-7-2018-q2-update/bin/../lib/gcc/arm-none-eabi/7.3.1/../../../../arm-none-eabi/lib/thumb/v7-m/libg.a(lib_a-errno.o)
                0x0000000008005328                __errno
 .text.malloc   0x0000000008005334       0x10 /opt/toolchains/gcc-arm-none-eabi-7-2018-q2-update/bin/../lib/gcc/arm-none-eabi/7.3.1/../../../../arm-none-eabi/lib/thumb/v7-m/libg.a(lib_a-malloc.o)
                0x0000000008005334                malloc
 .text.free     0x0000000008005344       0x10 /opt/toolchains/gcc-arm-none-eabi-7-2018-q2-update/bin/../lib/gcc/arm-none-eabi/7.3.1/../../../../arm-none-eabi/lib/thumb/v7-m/libg.a(lib_a-malloc.o)
                0x0000000008005344                free
 .text._malloc_r
                0x0000000008005354      0x524 /opt/toolchains/gcc-arm-none-eabi-7-2018-q2-update/bin/../lib/gcc/arm-none-eabi/7.3.1/../../../../arm-none-eabi/lib/thumb/v7-m/libg.a(lib_a-mallocr.o)
                0x0000000008005354                _malloc_r
 .text.__malloc_lock
                0x0000000008005878        0xc /opt/toolchains/gcc-arm-none-eabi-7-2018-q2-update/bin/../lib/gcc/arm-none-eabi/7.3.1/../../../../arm-none-eabi/lib/thumb/v7-m/libg.a(lib_a-mlock.o)
                0x0000000008005878                __malloc_lock
 .text.__malloc_unlock
                0x0000000008005884        0xc /opt/toolchains/gcc-arm-none-eabi-7-2018-q2-update/bin/../lib/gcc/arm-none-eabi/7.3.1/../../../../arm-none-eabi/lib/thumb/v7-m/libg.a(lib_a-mlock.o)
                0x0000000008005884                __malloc_unlock
 .text.printf   0x0000000008005890       0x28 /opt/toolchains/gcc-arm-none-eabi-7-2018-q2-update/bin/../lib/gcc/arm-none-eabi/7.3.1/../../../../arm-none-eabi/lib/thumb/v7-m/libg.a(lib_a-printf.o)
                0x0000000008005890                printf
 .text.putchar  0x00000000080058b8       0x10 /opt/toolchains/gcc-arm-none-eabi-7-2018-q2-update/bin/../lib/gcc/arm-none-eabi/7.3.1/../../../../arm-none-eabi/lib/thumb/v7-m/libg.a(lib_a-putchar.o)
                0x00000000080058b8                putchar
 .text._puts_r  0x00000000080058c8       0x9c /opt/toolchains/gcc-arm-none-eabi-7-2018-q2-update/bin/../lib/gcc/arm-none-eabi/7.3.1/../../../../arm-none-eabi/lib/thumb/v7-m/libg.a(lib_a-puts.o)
                0x00000000080058c8                _puts_r
 .text.puts     0x0000000008005964       0x10 /opt/toolchains/gcc-arm-none-eabi-7-2018-q2-update/bin/../lib/gcc/arm-none-eabi/7.3.1/../../../../arm-none-eabi/lib/thumb/v7-m/libg.a(lib_a-puts.o)
                0x0000000008005964                puts
 .text._sbrk_r  0x0000000008005974       0x24 /opt/toolchains/gcc-arm-none-eabi-7-2018-q2-update/bin/../lib/gcc/arm-none-eabi/7.3.1/../../../../arm-none-eabi/lib/thumb/v7-m/libg.a(lib_a-sbrkr.o)
                0x0000000008005974                _sbrk_r
 .text.strlen   0x0000000008005998       0x5c /opt/toolchains/gcc-arm-none-eabi-7-2018-q2-update/bin/../lib/gcc/arm-none-eabi/7.3.1/../../../../arm-none-eabi/lib/thumb/v7-m/libg.a(lib_a-strlen-stub.o)
                0x0000000008005998                strlen
 .text.strncmp  0x00000000080059f4       0x94 /opt/toolchains/gcc-arm-none-eabi-7-2018-q2-update/bin/../lib/gcc/arm-none-eabi/7.3.1/../../../../arm-none-eabi/lib/thumb/v7-m/libg.a(lib_a-strncmp.o)
                0x00000000080059f4                strncmp
 .text._vfprintf_r
                0x0000000008005a88     0x1ac0 /opt/toolchains/gcc-arm-none-eabi-7-2018-q2-update/bin/../lib/gcc/arm-none-eabi/7.3.1/../../../../arm-none-eabi/lib/thumb/v7-m/libg.a(lib_a-vfprintf.o)
                0x0000000008005a88                _vfprintf_r
 .text.__sbprintf
                0x0000000008007548       0x88 /opt/toolchains/gcc-arm-none-eabi-7-2018-q2-update/bin/../lib/gcc/arm-none-eabi/7.3.1/../../../../arm-none-eabi/lib/thumb/v7-m/libg.a(lib_a-vfprintf.o)
 .text.__swsetup_r
                0x00000000080075d0       0xcc /opt/toolchains/gcc-arm-none-eabi-7-2018-q2-update/bin/../lib/gcc/arm-none-eabi/7.3.1/../../../../arm-none-eabi/lib/thumb/v7-m/libg.a(lib_a-wsetup.o)
                0x00000000080075d0                __swsetup_r
 .text.quorem   0x000000000800769c      0x124 /opt/toolchains/gcc-arm-none-eabi-7-2018-q2-update/bin/../lib/gcc/arm-none-eabi/7.3.1/../../../../arm-none-eabi/lib/thumb/v7-m/libg.a(lib_a-dtoa.o)
 .text._dtoa_r  0x00000000080077c0      0xe30 /opt/toolchains/gcc-arm-none-eabi-7-2018-q2-update/bin/../lib/gcc/arm-none-eabi/7.3.1/../../../../arm-none-eabi/lib/thumb/v7-m/libg.a(lib_a-dtoa.o)
                0x00000000080077c0                _dtoa_r
 .text.__sflush_r
                0x00000000080085f0      0x154 /opt/toolchains/gcc-arm-none-eabi-7-2018-q2-update/bin/../lib/gcc/arm-none-eabi/7.3.1/../../../../arm-none-eabi/lib/thumb/v7-m/libg.a(lib_a-fflush.o)
                0x00000000080085f0                __sflush_r
 .text._fflush_r
                0x0000000008008744       0x5c /opt/toolchains/gcc-arm-none-eabi-7-2018-q2-update/bin/../lib/gcc/arm-none-eabi/7.3.1/../../../../arm-none-eabi/lib/thumb/v7-m/libg.a(lib_a-fflush.o)
                0x0000000008008744                _fflush_r
 .text.std      0x00000000080087a0       0x50 /opt/toolchains/gcc-arm-none-eabi-7-2018-q2-update/bin/../lib/gcc/arm-none-eabi/7.3.1/../../../../arm-none-eabi/lib/thumb/v7-m/libg.a(lib_a-findfp.o)
 .text._cleanup_r
                0x00000000080087f0        0xc /opt/toolchains/gcc-arm-none-eabi-7-2018-q2-update/bin/../lib/gcc/arm-none-eabi/7.3.1/../../../../arm-none-eabi/lib/thumb/v7-m/libg.a(lib_a-findfp.o)
                0x00000000080087f0                _cleanup_r
 .text.__sinit  0x00000000080087fc       0x60 /opt/toolchains/gcc-arm-none-eabi-7-2018-q2-update/bin/../lib/gcc/arm-none-eabi/7.3.1/../../../../arm-none-eabi/lib/thumb/v7-m/libg.a(lib_a-findfp.o)
                0x00000000080087fc                __sinit
 .text.__sfp_lock_acquire
                0x000000000800885c        0xc /opt/toolchains/gcc-arm-none-eabi-7-2018-q2-update/bin/../lib/gcc/arm-none-eabi/7.3.1/../../../../arm-none-eabi/lib/thumb/v7-m/libg.a(lib_a-findfp.o)
                0x000000000800885c                __sfp_lock_acquire
 .text.__sfp_lock_release
                0x0000000008008868        0xc /opt/toolchains/gcc-arm-none-eabi-7-2018-q2-update/bin/../lib/gcc/arm-none-eabi/7.3.1/../../../../arm-none-eabi/lib/thumb/v7-m/libg.a(lib_a-findfp.o)
                0x0000000008008868                __sfp_lock_release
 .text._malloc_trim_r
                0x0000000008008874       0xa0 /opt/toolchains/gcc-arm-none-eabi-7-2018-q2-update/bin/../lib/gcc/arm-none-eabi/7.3.1/../../../../arm-none-eabi/lib/thumb/v7-m/libg.a(lib_a-freer.o)
                0x0000000008008874                _malloc_trim_r
 .text._free_r  0x0000000008008914      0x1e8 /opt/toolchains/gcc-arm-none-eabi-7-2018-q2-update/bin/../lib/gcc/arm-none-eabi/7.3.1/../../../../arm-none-eabi/lib/thumb/v7-m/libg.a(lib_a-freer.o)
                0x0000000008008914                _free_r
 .text.__sfvwrite_r
                0x0000000008008afc      0x2f4 /opt/toolchains/gcc-arm-none-eabi-7-2018-q2-update/bin/../lib/gcc/arm-none-eabi/7.3.1/../../../../arm-none-eabi/lib/thumb/v7-m/libg.a(lib_a-fvwrite.o)
                0x0000000008008afc                __sfvwrite_r
 .text._fwalk_reent
                0x0000000008008df0       0x50 /opt/toolchains/gcc-arm-none-eabi-7-2018-q2-update/bin/../lib/gcc/arm-none-eabi/7.3.1/../../../../arm-none-eabi/lib/thumb/v7-m/libg.a(lib_a-fwalk.o)
                0x0000000008008df0                _fwalk_reent
 .text._localeconv_r
                0x0000000008008e40       0x1c /opt/toolchains/gcc-arm-none-eabi-7-2018-q2-update/bin/../lib/gcc/arm-none-eabi/7.3.1/../../../../arm-none-eabi/lib/thumb/v7-m/libg.a(lib_a-localeconv.o)
                0x0000000008008e40                _localeconv_r
 .text.__swhatbuf_r
                0x0000000008008e5c       0x5c /opt/toolchains/gcc-arm-none-eabi-7-2018-q2-update/bin/../lib/gcc/arm-none-eabi/7.3.1/../../../../arm-none-eabi/lib/thumb/v7-m/libg.a(lib_a-makebuf.o)
                0x0000000008008e5c                __swhatbuf_r
 .text.__smakebuf_r
                0x0000000008008eb8       0x94 /opt/toolchains/gcc-arm-none-eabi-7-2018-q2-update/bin/../lib/gcc/arm-none-eabi/7.3.1/../../../../arm-none-eabi/lib/thumb/v7-m/libg.a(lib_a-makebuf.o)
                0x0000000008008eb8                __smakebuf_r
 .text.memchr   0x0000000008008f4c       0x8c /opt/toolchains/gcc-arm-none-eabi-7-2018-q2-update/bin/../lib/gcc/arm-none-eabi/7.3.1/../../../../arm-none-eabi/lib/thumb/v7-m/libg.a(lib_a-memchr-stub.o)
                0x0000000008008f4c                memchr
 .text.memmove  0x0000000008008fd8       0xc4 /opt/toolchains/gcc-arm-none-eabi-7-2018-q2-update/bin/../lib/gcc/arm-none-eabi/7.3.1/../../../../arm-none-eabi/lib/thumb/v7-m/libg.a(lib_a-memmove.o)
                0x0000000008008fd8                memmove
 .text._Balloc  0x000000000800909c       0x4c /opt/toolchains/gcc-arm-none-eabi-7-2018-q2-update/bin/../lib/gcc/arm-none-eabi/7.3.1/../../../../arm-none-eabi/lib/thumb/v7-m/libg.a(lib_a-mprec.o)
                0x000000000800909c                _Balloc
 .text._Bfree   0x00000000080090e8       0x14 /opt/toolchains/gcc-arm-none-eabi-7-2018-q2-update/bin/../lib/gcc/arm-none-eabi/7.3.1/../../../../arm-none-eabi/lib/thumb/v7-m/libg.a(lib_a-mprec.o)
                0x00000000080090e8                _Bfree
 .text.__multadd
                0x00000000080090fc       0x84 /opt/toolchains/gcc-arm-none-eabi-7-2018-q2-update/bin/../lib/gcc/arm-none-eabi/7.3.1/../../../../arm-none-eabi/lib/thumb/v7-m/libg.a(lib_a-mprec.o)
                0x00000000080090fc                __multadd
 .text.__hi0bits
                0x0000000008009180       0x40 /opt/toolchains/gcc-arm-none-eabi-7-2018-q2-update/bin/../lib/gcc/arm-none-eabi/7.3.1/../../../../arm-none-eabi/lib/thumb/v7-m/libg.a(lib_a-mprec.o)
                0x0000000008009180                __hi0bits
 .text.__lo0bits
                0x00000000080091c0       0x60 /opt/toolchains/gcc-arm-none-eabi-7-2018-q2-update/bin/../lib/gcc/arm-none-eabi/7.3.1/../../../../arm-none-eabi/lib/thumb/v7-m/libg.a(lib_a-mprec.o)
                0x00000000080091c0                __lo0bits
 .text.__i2b    0x0000000008009220       0x14 /opt/toolchains/gcc-arm-none-eabi-7-2018-q2-update/bin/../lib/gcc/arm-none-eabi/7.3.1/../../../../arm-none-eabi/lib/thumb/v7-m/libg.a(lib_a-mprec.o)
                0x0000000008009220                __i2b
 .text.__multiply
                0x0000000008009234      0x14c /opt/toolchains/gcc-arm-none-eabi-7-2018-q2-update/bin/../lib/gcc/arm-none-eabi/7.3.1/../../../../arm-none-eabi/lib/thumb/v7-m/libg.a(lib_a-mprec.o)
                0x0000000008009234                __multiply
 .text.__pow5mult
                0x0000000008009380       0xa0 /opt/toolchains/gcc-arm-none-eabi-7-2018-q2-update/bin/../lib/gcc/arm-none-eabi/7.3.1/../../../../arm-none-eabi/lib/thumb/v7-m/libg.a(lib_a-mprec.o)
                0x0000000008009380                __pow5mult
 .text.__lshift
                0x0000000008009420       0xb4 /opt/toolchains/gcc-arm-none-eabi-7-2018-q2-update/bin/../lib/gcc/arm-none-eabi/7.3.1/../../../../arm-none-eabi/lib/thumb/v7-m/libg.a(lib_a-mprec.o)
                0x0000000008009420                __lshift
 .text.__mcmp   0x00000000080094d4       0x38 /opt/toolchains/gcc-arm-none-eabi-7-2018-q2-update/bin/../lib/gcc/arm-none-eabi/7.3.1/../../../../arm-none-eabi/lib/thumb/v7-m/libg.a(lib_a-mprec.o)
                0x00000000080094d4                __mcmp
 .text.__mdiff  0x000000000800950c      0x100 /opt/toolchains/gcc-arm-none-eabi-7-2018-q2-update/bin/../lib/gcc/arm-none-eabi/7.3.1/../../../../arm-none-eabi/lib/thumb/v7-m/libg.a(lib_a-mprec.o)
                0x000000000800950c                __mdiff
 .text.__d2b    0x000000000800960c       0xb0 /opt/toolchains/gcc-arm-none-eabi-7-2018-q2-update/bin/../lib/gcc/arm-none-eabi/7.3.1/../../../../arm-none-eabi/lib/thumb/v7-m/libg.a(lib_a-mprec.o)
                0x000000000800960c                __d2b
 .text._putc_r  0x00000000080096bc       0x70 /opt/toolchains/gcc-arm-none-eabi-7-2018-q2-update/bin/../lib/gcc/arm-none-eabi/7.3.1/../../../../arm-none-eabi/lib/thumb/v7-m/libg.a(lib_a-putc.o)
                0x00000000080096bc                _putc_r
 .text._realloc_r
                0x000000000800972c      0x374 /opt/toolchains/gcc-arm-none-eabi-7-2018-q2-update/bin/../lib/gcc/arm-none-eabi/7.3.1/../../../../arm-none-eabi/lib/thumb/v7-m/libg.a(lib_a-reallocr.o)
                0x000000000800972c                _realloc_r
 .text.frexp    0x0000000008009aa0       0x64 /opt/toolchains/gcc-arm-none-eabi-7-2018-q2-update/bin/../lib/gcc/arm-none-eabi/7.3.1/../../../../arm-none-eabi/lib/thumb/v7-m/libg.a(lib_a-s_frexp.o)
                0x0000000008009aa0                frexp
 .text.__sread  0x0000000008009b04       0x24 /opt/toolchains/gcc-arm-none-eabi-7-2018-q2-update/bin/../lib/gcc/arm-none-eabi/7.3.1/../../../../arm-none-eabi/lib/thumb/v7-m/libg.a(lib_a-stdio.o)
                0x0000000008009b04                __sread
 .text.__swrite
                0x0000000008009b28       0x3c /opt/toolchains/gcc-arm-none-eabi-7-2018-q2-update/bin/../lib/gcc/arm-none-eabi/7.3.1/../../../../arm-none-eabi/lib/thumb/v7-m/libg.a(lib_a-stdio.o)
                0x0000000008009b28                __swrite
 .text.__sseek  0x0000000008009b64       0x20 /opt/toolchains/gcc-arm-none-eabi-7-2018-q2-update/bin/../lib/gcc/arm-none-eabi/7.3.1/../../../../arm-none-eabi/lib/thumb/v7-m/libg.a(lib_a-stdio.o)
                0x0000000008009b64                __sseek
 .text.__sclose
                0x0000000008009b84        0x8 /opt/toolchains/gcc-arm-none-eabi-7-2018-q2-update/bin/../lib/gcc/arm-none-eabi/7.3.1/../../../../arm-none-eabi/lib/thumb/v7-m/libg.a(lib_a-stdio.o)
                0x0000000008009b84                __sclose
 .text.strncpy  0x0000000008009b8c       0x64 /opt/toolchains/gcc-arm-none-eabi-7-2018-q2-update/bin/../lib/gcc/arm-none-eabi/7.3.1/../../../../arm-none-eabi/lib/thumb/v7-m/libg.a(lib_a-strncpy.o)
                0x0000000008009b8c                strncpy
 .text.__sprint_r.part.0
                0x0000000008009bf0       0x78 /opt/toolchains/gcc-arm-none-eabi-7-2018-q2-update/bin/../lib/gcc/arm-none-eabi/7.3.1/../../../../arm-none-eabi/lib/thumb/v7-m/libg.a(lib_a-vfiprintf.o)
 .text.__sprint_r
                0x0000000008009c68       0x14 /opt/toolchains/gcc-arm-none-eabi-7-2018-q2-update/bin/../lib/gcc/arm-none-eabi/7.3.1/../../../../arm-none-eabi/lib/thumb/v7-m/libg.a(lib_a-vfiprintf.o)
                0x0000000008009c68                __sprint_r
 .text.__swbuf_r
                0x0000000008009c7c       0xb0 /opt/toolchains/gcc-arm-none-eabi-7-2018-q2-update/bin/../lib/gcc/arm-none-eabi/7.3.1/../../../../arm-none-eabi/lib/thumb/v7-m/libg.a(lib_a-wbuf.o)
                0x0000000008009c7c                __swbuf_r
 .text._write_r
                0x0000000008009d2c       0x2c /opt/toolchains/gcc-arm-none-eabi-7-2018-q2-update/bin/../lib/gcc/arm-none-eabi/7.3.1/../../../../arm-none-eabi/lib/thumb/v7-m/libg.a(lib_a-writer.o)
                0x0000000008009d2c                _write_r
 .text._calloc_r
                0x0000000008009d58       0x6c /opt/toolchains/gcc-arm-none-eabi-7-2018-q2-update/bin/../lib/gcc/arm-none-eabi/7.3.1/../../../../arm-none-eabi/lib/thumb/v7-m/libg.a(lib_a-callocr.o)
                0x0000000008009d58                _calloc_r
 .text._close_r
                0x0000000008009dc4       0x24 /opt/toolchains/gcc-arm-none-eabi-7-2018-q2-update/bin/../lib/gcc/arm-none-eabi/7.3.1/../../../../arm-none-eabi/lib/thumb/v7-m/libg.a(lib_a-closer.o)
                0x0000000008009dc4                _close_r
 .text._fclose_r
                0x0000000008009de8       0xd0 /opt/toolchains/gcc-arm-none-eabi-7-2018-q2-update/bin/../lib/gcc/arm-none-eabi/7.3.1/../../../../arm-none-eabi/lib/thumb/v7-m/libg.a(lib_a-fclose.o)
                0x0000000008009de8                _fclose_r
 .text.__fputwc
                0x0000000008009eb8       0x94 /opt/toolchains/gcc-arm-none-eabi-7-2018-q2-update/bin/../lib/gcc/arm-none-eabi/7.3.1/../../../../arm-none-eabi/lib/thumb/v7-m/libg.a(lib_a-fputwc.o)
                0x0000000008009eb8                __fputwc
 .text._fputwc_r
                0x0000000008009f4c       0x64 /opt/toolchains/gcc-arm-none-eabi-7-2018-q2-update/bin/../lib/gcc/arm-none-eabi/7.3.1/../../../../arm-none-eabi/lib/thumb/v7-m/libg.a(lib_a-fputwc.o)
                0x0000000008009f4c                _fputwc_r
 .text._fstat_r
                0x0000000008009fb0       0x28 /opt/toolchains/gcc-arm-none-eabi-7-2018-q2-update/bin/../lib/gcc/arm-none-eabi/7.3.1/../../../../arm-none-eabi/lib/thumb/v7-m/libg.a(lib_a-fstatr.o)
                0x0000000008009fb0                _fstat_r
 .text._isatty_r
                0x0000000008009fd8       0x24 /opt/toolchains/gcc-arm-none-eabi-7-2018-q2-update/bin/../lib/gcc/arm-none-eabi/7.3.1/../../../../arm-none-eabi/lib/thumb/v7-m/libg.a(lib_a-isattyr.o)
                0x0000000008009fd8                _isatty_r
 .text.__locale_mb_cur_max
                0x0000000008009ffc       0x1c /opt/toolchains/gcc-arm-none-eabi-7-2018-q2-update/bin/../lib/gcc/arm-none-eabi/7.3.1/../../../../arm-none-eabi/lib/thumb/v7-m/libg.a(lib_a-locale.o)
                0x0000000008009ffc                __locale_mb_cur_max
 .text._lseek_r
                0x000000000800a018       0x2c /opt/toolchains/gcc-arm-none-eabi-7-2018-q2-update/bin/../lib/gcc/arm-none-eabi/7.3.1/../../../../arm-none-eabi/lib/thumb/v7-m/libg.a(lib_a-lseekr.o)
                0x000000000800a018                _lseek_r
 .text.__ascii_mbtowc
                0x000000000800a044       0x2c /opt/toolchains/gcc-arm-none-eabi-7-2018-q2-update/bin/../lib/gcc/arm-none-eabi/7.3.1/../../../../arm-none-eabi/lib/thumb/v7-m/libg.a(lib_a-mbtowc_r.o)
                0x000000000800a044                __ascii_mbtowc
 .text._read_r  0x000000000800a070       0x2c /opt/toolchains/gcc-arm-none-eabi-7-2018-q2-update/bin/../lib/gcc/arm-none-eabi/7.3.1/../../../../arm-none-eabi/lib/thumb/v7-m/libg.a(lib_a-readr.o)
                0x000000000800a070                _read_r
 .text._wcrtomb_r
                0x000000000800a09c       0x54 /opt/toolchains/gcc-arm-none-eabi-7-2018-q2-update/bin/../lib/gcc/arm-none-eabi/7.3.1/../../../../arm-none-eabi/lib/thumb/v7-m/libg.a(lib_a-wcrtomb.o)
                0x000000000800a09c                _wcrtomb_r
 .text.__ascii_wctomb
                0x000000000800a0f0       0x18 /opt/toolchains/gcc-arm-none-eabi-7-2018-q2-update/bin/../lib/gcc/arm-none-eabi/7.3.1/../../../../arm-none-eabi/lib/thumb/v7-m/libg.a(lib_a-wctomb_r.o)
                0x000000000800a0f0                __ascii_wctomb
 .text.exp      0x000000000800a108       0xf0 /opt/toolchains/gcc-arm-none-eabi-7-2018-q2-update/bin/../lib/gcc/arm-none-eabi/7.3.1/../../../../arm-none-eabi/lib/thumb/v7-m/libm.a(lib_a-w_exp.o)
                0x000000000800a108                exp
 .text.__ieee754_exp
                0x000000000800a1f8      0x30c /opt/toolchains/gcc-arm-none-eabi-7-2018-q2-update/bin/../lib/gcc/arm-none-eabi/7.3.1/../../../../arm-none-eabi/lib/thumb/v7-m/libm.a(lib_a-e_exp.o)
                0x000000000800a1f8                __ieee754_exp
 .text.finite   0x000000000800a504        0xc /opt/toolchains/gcc-arm-none-eabi-7-2018-q2-update/bin/../lib/gcc/arm-none-eabi/7.3.1/../../../../arm-none-eabi/lib/thumb/v7-m/libm.a(lib_a-s_finite.o)
                0x000000000800a504                finite
 .text.matherr  0x000000000800a510        0x4 /opt/toolchains/gcc-arm-none-eabi-7-2018-q2-update/bin/../lib/gcc/arm-none-eabi/7.3.1/../../../../arm-none-eabi/lib/thumb/v7-m/libm.a(lib_a-s_matherr.o)
                0x000000000800a510                matherr
 *(.glue_7)
 .glue_7        0x000000000800a514        0x0 linker stubs
 *(.glue_7t)
 .glue_7t       0x000000000800a514        0x0 linker stubs
 *(.eh_frame)
 .eh_frame      0x000000000800a514        0x0 /opt/toolchains/gcc-arm-none-eabi-7-2018-q2-update/bin/../lib/gcc/arm-none-eabi/7.3.1/thumb/v7-m/crtbegin.o
 *(.init)
 .init          0x000000000800a514        0x4 /opt/toolchains/gcc-arm-none-eabi-7-2018-q2-update/bin/../lib/gcc/arm-none-eabi/7.3.1/thumb/v7-m/crti.o
                0x000000000800a514                _init
 .init          0x000000000800a518        0x8 /opt/toolchains/gcc-arm-none-eabi-7-2018-q2-update/bin/../lib/gcc/arm-none-eabi/7.3.1/thumb/v7-m/crtn.o
 *(.fini)
 .fini          0x000000000800a520        0x4 /opt/toolchains/gcc-arm-none-eabi-7-2018-q2-update/bin/../lib/gcc/arm-none-eabi/7.3.1/thumb/v7-m/crti.o
                0x000000000800a520                _fini
 .fini          0x000000000800a524        0x8 /opt/toolchains/gcc-arm-none-eabi-7-2018-q2-update/bin/../lib/gcc/arm-none-eabi/7.3.1/thumb/v7-m/crtn.o
                0x000000000800a52c                . = ALIGN (0x4)
                0x000000000800a52c                _etext = .

.vfp11_veneer   0x000000000800a52c        0x0
 .vfp11_veneer  0x000000000800a52c        0x0 linker stubs

.v4_bx          0x000000000800a52c        0x0
 .v4_bx         0x000000000800a52c        0x0 linker stubs

.iplt           0x000000000800a52c        0x0
 .iplt          0x000000000800a52c        0x0 /opt/toolchains/gcc-arm-none-eabi-7-2018-q2-update/bin/../lib/gcc/arm-none-eabi/7.3.1/thumb/v7-m/crtbegin.o

.rodata         0x000000000800a530      0x440
                0x000000000800a530                . = ALIGN (0x4)
 *(.rodata)
 *(.rodata*)
 .rodata._global_impure_ptr
                0x000000000800a530        0x4 /opt/toolchains/gcc-arm-none-eabi-7-2018-q2-update/bin/../lib/gcc/arm-none-eabi/7.3.1/../../../../arm-none-eabi/lib/thumb/v7-m/libc.a(lib_a-impure.o)
                0x000000000800a530                _global_impure_ptr
 .rodata.str1.4
                0x000000000800a534       0x56 CMakeFiles/stm32-simple-neural-network.elf.dir/__/libs/stm32f1_dimtass_lib/src/dev_i2c.c.obj
 *fill*         0x000000000800a58a        0x2 
 .rodata.str1.4
                0x000000000800a58c       0x51 CMakeFiles/stm32-simple-neural-network.elf.dir/__/libs/stm32f1_dimtass_lib/src/dev_spi_slave.c.obj
 *fill*         0x000000000800a5dd        0x3 
 .rodata.str1.4
                0x000000000800a5e0       0xa0 CMakeFiles/stm32-simple-neural-network.elf.dir/main.c.obj
 .rodata.str1.4
                0x000000000800a680       0x2e CMakeFiles/stm32-simple-neural-network.elf.dir/neural_network.c.obj
 .rodata._puts_r.str1.4
                0x000000000800a6ae       0x2e /opt/toolchains/gcc-arm-none-eabi-7-2018-q2-update/bin/../lib/gcc/arm-none-eabi/7.3.1/../../../../arm-none-eabi/lib/thumb/v7-m/libg.a(lib_a-puts.o)
                                          0x2 (size before relaxing)
 *fill*         0x000000000800a6ae        0x2 
 .rodata._vfprintf_r.str1.4
                0x000000000800a6b0       0x42 /opt/toolchains/gcc-arm-none-eabi-7-2018-q2-update/bin/../lib/gcc/arm-none-eabi/7.3.1/../../../../arm-none-eabi/lib/thumb/v7-m/libg.a(lib_a-vfprintf.o)
 *fill*         0x000000000800a6f2        0x2 
 .rodata.blanks.7330
                0x000000000800a6f4       0x10 /opt/toolchains/gcc-arm-none-eabi-7-2018-q2-update/bin/../lib/gcc/arm-none-eabi/7.3.1/../../../../arm-none-eabi/lib/thumb/v7-m/libg.a(lib_a-vfprintf.o)
 .rodata.zeroes.7331
                0x000000000800a704       0x10 /opt/toolchains/gcc-arm-none-eabi-7-2018-q2-update/bin/../lib/gcc/arm-none-eabi/7.3.1/../../../../arm-none-eabi/lib/thumb/v7-m/libg.a(lib_a-vfprintf.o)
 .rodata._dtoa_r.str1.4
                0x000000000800a714       0x10 /opt/toolchains/gcc-arm-none-eabi-7-2018-q2-update/bin/../lib/gcc/arm-none-eabi/7.3.1/../../../../arm-none-eabi/lib/thumb/v7-m/libg.a(lib_a-dtoa.o)
                                         0x12 (size before relaxing)
 *fill*         0x000000000800a724        0x4 
 .rodata.__mprec_bigtens
                0x000000000800a728       0x28 /opt/toolchains/gcc-arm-none-eabi-7-2018-q2-update/bin/../lib/gcc/arm-none-eabi/7.3.1/../../../../arm-none-eabi/lib/thumb/v7-m/libg.a(lib_a-mprec.o)
                0x000000000800a728                __mprec_bigtens
 .rodata.__mprec_tens
                0x000000000800a750       0xc8 /opt/toolchains/gcc-arm-none-eabi-7-2018-q2-update/bin/../lib/gcc/arm-none-eabi/7.3.1/../../../../arm-none-eabi/lib/thumb/v7-m/libg.a(lib_a-mprec.o)
                0x000000000800a750                __mprec_tens
 .rodata.p05.6092
                0x000000000800a818        0xc /opt/toolchains/gcc-arm-none-eabi-7-2018-q2-update/bin/../lib/gcc/arm-none-eabi/7.3.1/../../../../arm-none-eabi/lib/thumb/v7-m/libg.a(lib_a-mprec.o)
 .rodata._setlocale_r.str1.4
                0x000000000800a824        0xa /opt/toolchains/gcc-arm-none-eabi-7-2018-q2-update/bin/../lib/gcc/arm-none-eabi/7.3.1/../../../../arm-none-eabi/lib/thumb/v7-m/libg.a(lib_a-locale.o)
                                          0xd (size before relaxing)
 *fill*         0x000000000800a82e        0x2 
 .rodata.str1.4
                0x000000000800a830        0x2 /opt/toolchains/gcc-arm-none-eabi-7-2018-q2-update/bin/../lib/gcc/arm-none-eabi/7.3.1/../../../../arm-none-eabi/lib/thumb/v7-m/libg.a(lib_a-locale.o)
 *fill*         0x000000000800a832        0x2 
 .rodata._ctype_
                0x000000000800a834      0x101 /opt/toolchains/gcc-arm-none-eabi-7-2018-q2-update/bin/../lib/gcc/arm-none-eabi/7.3.1/../../../../arm-none-eabi/lib/thumb/v7-m/libg.a(lib_a-ctype_.o)
                0x000000000800a834                _ctype_
 *fill*         0x000000000800a935        0x3 
 .rodata.exp.str1.4
                0x000000000800a938        0x4 /opt/toolchains/gcc-arm-none-eabi-7-2018-q2-update/bin/../lib/gcc/arm-none-eabi/7.3.1/../../../../arm-none-eabi/lib/thumb/v7-m/libm.a(lib_a-w_exp.o)
 *fill*         0x000000000800a93c        0x4 
 .rodata.halF   0x000000000800a940       0x10 /opt/toolchains/gcc-arm-none-eabi-7-2018-q2-update/bin/../lib/gcc/arm-none-eabi/7.3.1/../../../../arm-none-eabi/lib/thumb/v7-m/libm.a(lib_a-e_exp.o)
 .rodata.ln2HI  0x000000000800a950       0x10 /opt/toolchains/gcc-arm-none-eabi-7-2018-q2-update/bin/../lib/gcc/arm-none-eabi/7.3.1/../../../../arm-none-eabi/lib/thumb/v7-m/libm.a(lib_a-e_exp.o)
 .rodata.ln2LO  0x000000000800a960       0x10 /opt/toolchains/gcc-arm-none-eabi-7-2018-q2-update/bin/../lib/gcc/arm-none-eabi/7.3.1/../../../../arm-none-eabi/lib/thumb/v7-m/libm.a(lib_a-e_exp.o)
                0x000000000800a970                . = ALIGN (0x4)

.ARM.extab      0x000000000800a970        0x0
                0x000000000800a970                . = ALIGN (0x4)
 *(.ARM.extab* .gnu.linkonce.armextab.*)
                0x000000000800a970                . = ALIGN (0x4)

.ARM            0x000000000800a970        0x8
                0x000000000800a970                . = ALIGN (0x4)
                0x000000000800a970                __exidx_start = .
 *(.ARM.exidx*)
 .ARM.exidx     0x000000000800a970        0x8 /opt/toolchains/gcc-arm-none-eabi-7-2018-q2-update/bin/../lib/gcc/arm-none-eabi/7.3.1/thumb/v7-m/libgcc.a(_udivmoddi4.o)
                0x000000000800a978                __exidx_end = .
                0x000000000800a978                . = ALIGN (0x4)

.rel.dyn        0x000000000800a978        0x0
 .rel.iplt      0x000000000800a978        0x0 /opt/toolchains/gcc-arm-none-eabi-7-2018-q2-update/bin/../lib/gcc/arm-none-eabi/7.3.1/thumb/v7-m/crtbegin.o

.preinit_array  0x000000000800a978        0x0
                0x000000000800a978                . = ALIGN (0x4)
                0x000000000800a978                PROVIDE (__preinit_array_start = .)
 *(.preinit_array*)
                0x000000000800a978                PROVIDE (__preinit_array_end = .)
                0x000000000800a978                . = ALIGN (0x4)

.init_array     0x000000000800a978        0x8
                0x000000000800a978                . = ALIGN (0x4)
                0x000000000800a978                PROVIDE (__init_array_start = .)
 *(SORT_BY_NAME(.init_array.*))
 .init_array.00000
                0x000000000800a978        0x4 /opt/toolchains/gcc-arm-none-eabi-7-2018-q2-update/bin/../lib/gcc/arm-none-eabi/7.3.1/../../../../arm-none-eabi/lib/thumb/v7-m/libc.a(lib_a-__call_atexit.o)
 *(.init_array*)
 .init_array    0x000000000800a97c        0x4 /opt/toolchains/gcc-arm-none-eabi-7-2018-q2-update/bin/../lib/gcc/arm-none-eabi/7.3.1/thumb/v7-m/crtbegin.o
                0x000000000800a980                PROVIDE (__init_array_end = .)
                0x000000000800a980                . = ALIGN (0x4)

.fini_array     0x000000000800a980        0x4
                0x000000000800a980                . = ALIGN (0x4)
                0x000000000800a980                PROVIDE (__fini_array_start = .)
 *(SORT_BY_NAME(.fini_array.*))
 *(.fini_array*)
 .fini_array    0x000000000800a980        0x4 /opt/toolchains/gcc-arm-none-eabi-7-2018-q2-update/bin/../lib/gcc/arm-none-eabi/7.3.1/thumb/v7-m/crtbegin.o
                0x000000000800a984                PROVIDE (__fini_array_end = .)
                0x000000000800a984                . = ALIGN (0x4)
                0x000000000800a984                _sidata = LOADADDR (.data)

.data           0x0000000020000000      0xd74 load address 0x000000000800a984
                0x0000000020000000                . = ALIGN (0x4)
                0x0000000020000000                _sdata = .
 *(.data)
 .data          0x0000000020000000       0x20 CMakeFiles/stm32-simple-neural-network.elf.dir/__/libs/stm32f1_dimtass_lib/src/dev_i2c.c.obj
                0x0000000020000000                i2c_list
 .data          0x0000000020000020      0x12c CMakeFiles/stm32-simple-neural-network.elf.dir/__/libs/stm32f1_dimtass_lib/src/dev_spi_master.c.obj
 .data          0x000000002000014c      0x12c CMakeFiles/stm32-simple-neural-network.elf.dir/__/libs/stm32f1_dimtass_lib/src/dev_spi_slave.c.obj
 .data          0x0000000020000278      0x124 CMakeFiles/stm32-simple-neural-network.elf.dir/main.c.obj
                0x0000000020000278                weights
                0x0000000020000290                inputs
                0x0000000020000358                dbg_uart
 .data          0x000000002000039c       0x14 CMakeFiles/stm32-simple-neural-network.elf.dir/system_stm32f10x.c.obj
                0x000000002000039c                AHBPrescTable
                0x00000000200003ac                SystemCoreClock
 .data          0x00000000200003b0       0x14 ../libstdperiph.a(stm32f10x_rcc.c.obj)
 *(.data*)
 .data._impure_ptr
                0x00000000200003c4        0x4 /opt/toolchains/gcc-arm-none-eabi-7-2018-q2-update/bin/../lib/gcc/arm-none-eabi/7.3.1/../../../../arm-none-eabi/lib/thumb/v7-m/libc.a(lib_a-impure.o)
                0x00000000200003c4                _impure_ptr
 .data.impure_data
                0x00000000200003c8      0x428 /opt/toolchains/gcc-arm-none-eabi-7-2018-q2-update/bin/../lib/gcc/arm-none-eabi/7.3.1/../../../../arm-none-eabi/lib/thumb/v7-m/libc.a(lib_a-impure.o)
 .data.__atexit_recursive_mutex
                0x00000000200007f0        0x4 /opt/toolchains/gcc-arm-none-eabi-7-2018-q2-update/bin/../lib/gcc/arm-none-eabi/7.3.1/../../../../arm-none-eabi/lib/thumb/v7-m/libc.a(lib_a-__call_atexit.o)
                0x00000000200007f0                __atexit_recursive_mutex
 .data.__malloc_av_
                0x00000000200007f4      0x408 /opt/toolchains/gcc-arm-none-eabi-7-2018-q2-update/bin/../lib/gcc/arm-none-eabi/7.3.1/../../../../arm-none-eabi/lib/thumb/v7-m/libg.a(lib_a-mallocr.o)
                0x00000000200007f4                __malloc_av_
 .data.__malloc_sbrk_base
                0x0000000020000bfc        0x4 /opt/toolchains/gcc-arm-none-eabi-7-2018-q2-update/bin/../lib/gcc/arm-none-eabi/7.3.1/../../../../arm-none-eabi/lib/thumb/v7-m/libg.a(lib_a-mallocr.o)
                0x0000000020000bfc                __malloc_sbrk_base
 .data.__malloc_trim_threshold
                0x0000000020000c00        0x4 /opt/toolchains/gcc-arm-none-eabi-7-2018-q2-update/bin/../lib/gcc/arm-none-eabi/7.3.1/../../../../arm-none-eabi/lib/thumb/v7-m/libg.a(lib_a-mallocr.o)
                0x0000000020000c00                __malloc_trim_threshold
 .data.__global_locale
                0x0000000020000c04      0x16c /opt/toolchains/gcc-arm-none-eabi-7-2018-q2-update/bin/../lib/gcc/arm-none-eabi/7.3.1/../../../../arm-none-eabi/lib/thumb/v7-m/libg.a(lib_a-locale.o)
                0x0000000020000c04                __global_locale
 .data.__fdlib_version
                0x0000000020000d70        0x1 /opt/toolchains/gcc-arm-none-eabi-7-2018-q2-update/bin/../lib/gcc/arm-none-eabi/7.3.1/../../../../arm-none-eabi/lib/thumb/v7-m/libm.a(lib_a-s_lib_ver.o)
                0x0000000020000d70                __fdlib_version
                0x0000000020000d74                . = ALIGN (0x4)
 *fill*         0x0000000020000d71        0x3 
                0x0000000020000d74                _edata = .

.igot.plt       0x0000000020000d74        0x0 load address 0x000000000800b6f8
 .igot.plt      0x0000000020000d74        0x0 /opt/toolchains/gcc-arm-none-eabi-7-2018-q2-update/bin/../lib/gcc/arm-none-eabi/7.3.1/thumb/v7-m/crtbegin.o
                0x0000000020000d74                . = ALIGN (0x4)

.bss            0x0000000020000d74       0xbc load address 0x000000000800b6f8
                0x0000000020000d74                _sbss = .
                0x0000000020000d74                __bss_start__ = _sbss
 *(.bss)
 .bss           0x0000000020000d74       0x1c /opt/toolchains/gcc-arm-none-eabi-7-2018-q2-update/bin/../lib/gcc/arm-none-eabi/7.3.1/thumb/v7-m/crtbegin.o
 .bss           0x0000000020000d90        0x8 CMakeFiles/stm32-simple-neural-network.elf.dir/__/libs/stm32f1_dimtass_lib/src/dev_spi_slave.c.obj
 .bss           0x0000000020000d98        0x8 CMakeFiles/stm32-simple-neural-network.elf.dir/__/libs/stm32f1_dimtass_lib/src/dev_uart.c.obj
 .bss           0x0000000020000da0        0x8 CMakeFiles/stm32-simple-neural-network.elf.dir/syscalls.c.obj
                0x0000000020000da4                __env
 *(.bss*)
 .bss.__malloc_current_mallinfo
                0x0000000020000da8       0x28 /opt/toolchains/gcc-arm-none-eabi-7-2018-q2-update/bin/../lib/gcc/arm-none-eabi/7.3.1/../../../../arm-none-eabi/lib/thumb/v7-m/libg.a(lib_a-mallocr.o)
                0x0000000020000da8                __malloc_current_mallinfo
 .bss.__malloc_max_sbrked_mem
                0x0000000020000dd0        0x4 /opt/toolchains/gcc-arm-none-eabi-7-2018-q2-update/bin/../lib/gcc/arm-none-eabi/7.3.1/../../../../arm-none-eabi/lib/thumb/v7-m/libg.a(lib_a-mallocr.o)
                0x0000000020000dd0                __malloc_max_sbrked_mem
 .bss.__malloc_max_total_mem
                0x0000000020000dd4        0x4 /opt/toolchains/gcc-arm-none-eabi-7-2018-q2-update/bin/../lib/gcc/arm-none-eabi/7.3.1/../../../../arm-none-eabi/lib/thumb/v7-m/libg.a(lib_a-mallocr.o)
                0x0000000020000dd4                __malloc_max_total_mem
 .bss.__malloc_top_pad
                0x0000000020000dd8        0x4 /opt/toolchains/gcc-arm-none-eabi-7-2018-q2-update/bin/../lib/gcc/arm-none-eabi/7.3.1/../../../../arm-none-eabi/lib/thumb/v7-m/libg.a(lib_a-mallocr.o)
                0x0000000020000dd8                __malloc_top_pad
 *(COMMON)
 COMMON         0x0000000020000ddc       0x21 /opt/toolchains/gcc-arm-none-eabi-7-2018-q2-update/bin/../lib/gcc/arm-none-eabi/7.3.1/../../../../arm-none-eabi/lib/thumb/v7-m/libc.a(lib_a-lock.o)
                0x0000000020000ddc                __lock___atexit_recursive_mutex
                0x0000000020000de0                __lock___arc4random_mutex
                0x0000000020000de4                __lock___env_recursive_mutex
                0x0000000020000de8                __lock___sinit_recursive_mutex
                0x0000000020000dec                __lock___malloc_recursive_mutex
                0x0000000020000df0                __lock___at_quick_exit_mutex
                0x0000000020000df4                __lock___dd_hash_mutex
                0x0000000020000df8                __lock___tz_mutex
                0x0000000020000dfc                __lock___sfp_recursive_mutex
 *fill*         0x0000000020000dfd        0x3 
 COMMON         0x0000000020000e00       0x20 CMakeFiles/stm32-simple-neural-network.elf.dir/__/libs/stm32f1_dimtass_lib/src/dev_spi_master.c.obj
                0x0000000020000e00                spi_available_freq
 COMMON         0x0000000020000e20        0xc CMakeFiles/stm32-simple-neural-network.elf.dir/main.c.obj
                0x0000000020000e20                glb_tmr_1ms
                0x0000000020000e24                benchmark_timer
                0x0000000020000e28                trace_levels
 COMMON         0x0000000020000e2c        0x4 /opt/toolchains/gcc-arm-none-eabi-7-2018-q2-update/bin/../lib/gcc/arm-none-eabi/7.3.1/../../../../arm-none-eabi/lib/thumb/v7-m/libg.a(lib_a-reent.o)
                0x0000000020000e2c                errno
                0x0000000020000e30                . = ALIGN (0x4)
                0x0000000020000e30                _ebss = .
                0x0000000020000e30                __bss_end__ = _ebss

._user_heap_stack
                0x0000000020000e30      0x400 load address 0x000000000800b6f8
                0x0000000020000e30                . = ALIGN (0x8)
                0x0000000020000e30                PROVIDE (end = .)
                [!provide]                        PROVIDE (_end = .)
                0x0000000020000e30                . = (. + _Min_Heap_Size)
                0x0000000020001230                . = (. + _Min_Stack_Size)
 *fill*         0x0000000020000e30      0x400 
                0x0000000020001230                . = ALIGN (0x8)

/DISCARD/
 libc.a(*)
 libm.a(*)
 libgcc.a(*)

.ARM.attributes
                0x0000000000000000       0x29
 *(.ARM.attributes)
 .ARM.attributes
                0x0000000000000000       0x1d /opt/toolchains/gcc-arm-none-eabi-7-2018-q2-update/bin/../lib/gcc/arm-none-eabi/7.3.1/thumb/v7-m/crti.o
 .ARM.attributes
                0x000000000000001d       0x2d /opt/toolchains/gcc-arm-none-eabi-7-2018-q2-update/bin/../lib/gcc/arm-none-eabi/7.3.1/thumb/v7-m/crtbegin.o
 .ARM.attributes
                0x000000000000004a       0x2d /opt/toolchains/gcc-arm-none-eabi-7-2018-q2-update/bin/../lib/gcc/arm-none-eabi/7.3.1/../../../../arm-none-eabi/lib/thumb/v7-m/libc.a(lib_a-impure.o)
 .ARM.attributes
                0x0000000000000077       0x2d /opt/toolchains/gcc-arm-none-eabi-7-2018-q2-update/bin/../lib/gcc/arm-none-eabi/7.3.1/../../../../arm-none-eabi/lib/thumb/v7-m/libc.a(lib_a-init.o)
 .ARM.attributes
                0x00000000000000a4       0x2d /opt/toolchains/gcc-arm-none-eabi-7-2018-q2-update/bin/../lib/gcc/arm-none-eabi/7.3.1/../../../../arm-none-eabi/lib/thumb/v7-m/libc.a(lib_a-memset.o)
 .ARM.attributes
                0x00000000000000d1       0x2d /opt/toolchains/gcc-arm-none-eabi-7-2018-q2-update/bin/../lib/gcc/arm-none-eabi/7.3.1/../../../../arm-none-eabi/lib/thumb/v7-m/libc.a(lib_a-__call_atexit.o)
 .ARM.attributes
                0x00000000000000fe       0x2d /opt/toolchains/gcc-arm-none-eabi-7-2018-q2-update/bin/../lib/gcc/arm-none-eabi/7.3.1/../../../../arm-none-eabi/lib/thumb/v7-m/libc.a(lib_a-atexit.o)
 .ARM.attributes
                0x000000000000012b       0x2d /opt/toolchains/gcc-arm-none-eabi-7-2018-q2-update/bin/../lib/gcc/arm-none-eabi/7.3.1/../../../../arm-none-eabi/lib/thumb/v7-m/libc.a(lib_a-fini.o)
 .ARM.attributes
                0x0000000000000158       0x2d /opt/toolchains/gcc-arm-none-eabi-7-2018-q2-update/bin/../lib/gcc/arm-none-eabi/7.3.1/../../../../arm-none-eabi/lib/thumb/v7-m/libc.a(lib_a-lock.o)
 .ARM.attributes
                0x0000000000000185       0x2d /opt/toolchains/gcc-arm-none-eabi-7-2018-q2-update/bin/../lib/gcc/arm-none-eabi/7.3.1/../../../../arm-none-eabi/lib/thumb/v7-m/libc.a(lib_a-__atexit.o)
 .ARM.attributes
                0x00000000000001b2       0x33 CMakeFiles/stm32-simple-neural-network.elf.dir/__/libs/stm32f1_dimtass_lib/src/dev_i2c.c.obj
 .ARM.attributes
                0x00000000000001e5       0x33 CMakeFiles/stm32-simple-neural-network.elf.dir/__/libs/stm32f1_dimtass_lib/src/dev_spi_master.c.obj
 .ARM.attributes
                0x0000000000000218       0x33 CMakeFiles/stm32-simple-neural-network.elf.dir/__/libs/stm32f1_dimtass_lib/src/dev_spi_slave.c.obj
 .ARM.attributes
                0x000000000000024b       0x33 CMakeFiles/stm32-simple-neural-network.elf.dir/__/libs/stm32f1_dimtass_lib/src/dev_uart.c.obj
 .ARM.attributes
                0x000000000000027e       0x33 CMakeFiles/stm32-simple-neural-network.elf.dir/__/libs/stm32f1_dimtass_lib/src/overclock_stm32f103.c.obj
 .ARM.attributes
                0x00000000000002b1       0x33 CMakeFiles/stm32-simple-neural-network.elf.dir/main.c.obj
 .ARM.attributes
                0x00000000000002e4       0x33 CMakeFiles/stm32-simple-neural-network.elf.dir/system_stm32f10x.c.obj
 .ARM.attributes
                0x0000000000000317       0x33 CMakeFiles/stm32-simple-neural-network.elf.dir/syscalls.c.obj
 .ARM.attributes
                0x000000000000034a       0x33 CMakeFiles/stm32-simple-neural-network.elf.dir/stm32f10x_it.c.obj
 .ARM.attributes
                0x000000000000037d       0x33 CMakeFiles/stm32-simple-neural-network.elf.dir/neural_network.c.obj
 .ARM.attributes
                0x00000000000003b0       0x21 CMakeFiles/stm32-simple-neural-network.elf.dir/__/config/startup_stm32f10x_md.s.obj
 .ARM.attributes
                0x00000000000003d1       0x33 ../libstdperiph.a(misc.c.obj)
 .ARM.attributes
                0x0000000000000404       0x33 ../libstdperiph.a(stm32f10x_dma.c.obj)
 .ARM.attributes
                0x0000000000000437       0x33 ../libstdperiph.a(stm32f10x_flash.c.obj)
 .ARM.attributes
                0x000000000000046a       0x33 ../libstdperiph.a(stm32f10x_gpio.c.obj)
 .ARM.attributes
                0x000000000000049d       0x33 ../libstdperiph.a(stm32f10x_i2c.c.obj)
 .ARM.attributes
                0x00000000000004d0       0x33 ../libstdperiph.a(stm32f10x_rcc.c.obj)
 .ARM.attributes
                0x0000000000000503       0x33 ../libstdperiph.a(stm32f10x_spi.c.obj)
 .ARM.attributes
                0x0000000000000536       0x33 ../libstdperiph.a(stm32f10x_usart.c.obj)
 .ARM.attributes
                0x0000000000000569       0x1d /opt/toolchains/gcc-arm-none-eabi-7-2018-q2-update/bin/../lib/gcc/arm-none-eabi/7.3.1/thumb/v7-m/libgcc.a(_arm_addsubdf3.o)
 .ARM.attributes
                0x0000000000000586       0x1d /opt/toolchains/gcc-arm-none-eabi-7-2018-q2-update/bin/../lib/gcc/arm-none-eabi/7.3.1/thumb/v7-m/libgcc.a(_arm_muldivdf3.o)
 .ARM.attributes
                0x00000000000005a3       0x2d /opt/toolchains/gcc-arm-none-eabi-7-2018-q2-update/bin/../lib/gcc/arm-none-eabi/7.3.1/../../../../arm-none-eabi/lib/thumb/v7-m/libg.a(lib_a-errno.o)
 .ARM.attributes
                0x00000000000005d0       0x2d /opt/toolchains/gcc-arm-none-eabi-7-2018-q2-update/bin/../lib/gcc/arm-none-eabi/7.3.1/../../../../arm-none-eabi/lib/thumb/v7-m/libg.a(lib_a-malloc.o)
 .ARM.attributes
                0x00000000000005fd       0x2d /opt/toolchains/gcc-arm-none-eabi-7-2018-q2-update/bin/../lib/gcc/arm-none-eabi/7.3.1/../../../../arm-none-eabi/lib/thumb/v7-m/libg.a(lib_a-mallocr.o)
 .ARM.attributes
                0x000000000000062a       0x2d /opt/toolchains/gcc-arm-none-eabi-7-2018-q2-update/bin/../lib/gcc/arm-none-eabi/7.3.1/../../../../arm-none-eabi/lib/thumb/v7-m/libg.a(lib_a-mlock.o)
 .ARM.attributes
                0x0000000000000657       0x2d /opt/toolchains/gcc-arm-none-eabi-7-2018-q2-update/bin/../lib/gcc/arm-none-eabi/7.3.1/../../../../arm-none-eabi/lib/thumb/v7-m/libg.a(lib_a-printf.o)
 .ARM.attributes
                0x0000000000000684       0x2d /opt/toolchains/gcc-arm-none-eabi-7-2018-q2-update/bin/../lib/gcc/arm-none-eabi/7.3.1/../../../../arm-none-eabi/lib/thumb/v7-m/libg.a(lib_a-putchar.o)
 .ARM.attributes
                0x00000000000006b1       0x2d /opt/toolchains/gcc-arm-none-eabi-7-2018-q2-update/bin/../lib/gcc/arm-none-eabi/7.3.1/../../../../arm-none-eabi/lib/thumb/v7-m/libg.a(lib_a-puts.o)
 .ARM.attributes
                0x00000000000006de       0x2d /opt/toolchains/gcc-arm-none-eabi-7-2018-q2-update/bin/../lib/gcc/arm-none-eabi/7.3.1/../../../../arm-none-eabi/lib/thumb/v7-m/libg.a(lib_a-sbrkr.o)
 .ARM.attributes
                0x000000000000070b       0x2d /opt/toolchains/gcc-arm-none-eabi-7-2018-q2-update/bin/../lib/gcc/arm-none-eabi/7.3.1/../../../../arm-none-eabi/lib/thumb/v7-m/libg.a(lib_a-strlen-stub.o)
 .ARM.attributes
                0x0000000000000738       0x2d /opt/toolchains/gcc-arm-none-eabi-7-2018-q2-update/bin/../lib/gcc/arm-none-eabi/7.3.1/../../../../arm-none-eabi/lib/thumb/v7-m/libg.a(lib_a-strncmp.o)
 .ARM.attributes
                0x0000000000000765       0x2d /opt/toolchains/gcc-arm-none-eabi-7-2018-q2-update/bin/../lib/gcc/arm-none-eabi/7.3.1/../../../../arm-none-eabi/lib/thumb/v7-m/libg.a(lib_a-vfprintf.o)
 .ARM.attributes
                0x0000000000000792       0x2d /opt/toolchains/gcc-arm-none-eabi-7-2018-q2-update/bin/../lib/gcc/arm-none-eabi/7.3.1/../../../../arm-none-eabi/lib/thumb/v7-m/libg.a(lib_a-wsetup.o)
 .ARM.attributes
                0x00000000000007bf       0x2d /opt/toolchains/gcc-arm-none-eabi-7-2018-q2-update/bin/../lib/gcc/arm-none-eabi/7.3.1/../../../../arm-none-eabi/lib/thumb/v7-m/libg.a(lib_a-dtoa.o)
 .ARM.attributes
                0x00000000000007ec       0x2d /opt/toolchains/gcc-arm-none-eabi-7-2018-q2-update/bin/../lib/gcc/arm-none-eabi/7.3.1/../../../../arm-none-eabi/lib/thumb/v7-m/libg.a(lib_a-fflush.o)
 .ARM.attributes
                0x0000000000000819       0x2d /opt/toolchains/gcc-arm-none-eabi-7-2018-q2-update/bin/../lib/gcc/arm-none-eabi/7.3.1/../../../../arm-none-eabi/lib/thumb/v7-m/libg.a(lib_a-findfp.o)
 .ARM.attributes
                0x0000000000000846       0x2d /opt/toolchains/gcc-arm-none-eabi-7-2018-q2-update/bin/../lib/gcc/arm-none-eabi/7.3.1/../../../../arm-none-eabi/lib/thumb/v7-m/libg.a(lib_a-freer.o)
 .ARM.attributes
                0x0000000000000873       0x2d /opt/toolchains/gcc-arm-none-eabi-7-2018-q2-update/bin/../lib/gcc/arm-none-eabi/7.3.1/../../../../arm-none-eabi/lib/thumb/v7-m/libg.a(lib_a-fvwrite.o)
 .ARM.attributes
                0x00000000000008a0       0x2d /opt/toolchains/gcc-arm-none-eabi-7-2018-q2-update/bin/../lib/gcc/arm-none-eabi/7.3.1/../../../../arm-none-eabi/lib/thumb/v7-m/libg.a(lib_a-fwalk.o)
 .ARM.attributes
                0x00000000000008cd       0x2d /opt/toolchains/gcc-arm-none-eabi-7-2018-q2-update/bin/../lib/gcc/arm-none-eabi/7.3.1/../../../../arm-none-eabi/lib/thumb/v7-m/libg.a(lib_a-localeconv.o)
 .ARM.attributes
                0x00000000000008fa       0x2d /opt/toolchains/gcc-arm-none-eabi-7-2018-q2-update/bin/../lib/gcc/arm-none-eabi/7.3.1/../../../../arm-none-eabi/lib/thumb/v7-m/libg.a(lib_a-makebuf.o)
 .ARM.attributes
                0x0000000000000927       0x2d /opt/toolchains/gcc-arm-none-eabi-7-2018-q2-update/bin/../lib/gcc/arm-none-eabi/7.3.1/../../../../arm-none-eabi/lib/thumb/v7-m/libg.a(lib_a-memchr-stub.o)
 .ARM.attributes
                0x0000000000000954       0x1b /opt/toolchains/gcc-arm-none-eabi-7-2018-q2-update/bin/../lib/gcc/arm-none-eabi/7.3.1/../../../../arm-none-eabi/lib/thumb/v7-m/libg.a(lib_a-memcpy.o)
 .ARM.attributes
                0x000000000000096f       0x2d /opt/toolchains/gcc-arm-none-eabi-7-2018-q2-update/bin/../lib/gcc/arm-none-eabi/7.3.1/../../../../arm-none-eabi/lib/thumb/v7-m/libg.a(lib_a-memmove.o)
 .ARM.attributes
                0x000000000000099c       0x2d /opt/toolchains/gcc-arm-none-eabi-7-2018-q2-update/bin/../lib/gcc/arm-none-eabi/7.3.1/../../../../arm-none-eabi/lib/thumb/v7-m/libg.a(lib_a-mprec.o)
 .ARM.attributes
                0x00000000000009c9       0x2d /opt/toolchains/gcc-arm-none-eabi-7-2018-q2-update/bin/../lib/gcc/arm-none-eabi/7.3.1/../../../../arm-none-eabi/lib/thumb/v7-m/libg.a(lib_a-putc.o)
 .ARM.attributes
                0x00000000000009f6       0x2d /opt/toolchains/gcc-arm-none-eabi-7-2018-q2-update/bin/../lib/gcc/arm-none-eabi/7.3.1/../../../../arm-none-eabi/lib/thumb/v7-m/libg.a(lib_a-reallocr.o)
 .ARM.attributes
                0x0000000000000a23       0x2d /opt/toolchains/gcc-arm-none-eabi-7-2018-q2-update/bin/../lib/gcc/arm-none-eabi/7.3.1/../../../../arm-none-eabi/lib/thumb/v7-m/libg.a(lib_a-reent.o)
 .ARM.attributes
                0x0000000000000a50       0x2d /opt/toolchains/gcc-arm-none-eabi-7-2018-q2-update/bin/../lib/gcc/arm-none-eabi/7.3.1/../../../../arm-none-eabi/lib/thumb/v7-m/libg.a(lib_a-s_frexp.o)
 .ARM.attributes
                0x0000000000000a7d       0x2d /opt/toolchains/gcc-arm-none-eabi-7-2018-q2-update/bin/../lib/gcc/arm-none-eabi/7.3.1/../../../../arm-none-eabi/lib/thumb/v7-m/libg.a(lib_a-stdio.o)
 .ARM.attributes
                0x0000000000000aaa       0x2d /opt/toolchains/gcc-arm-none-eabi-7-2018-q2-update/bin/../lib/gcc/arm-none-eabi/7.3.1/../../../../arm-none-eabi/lib/thumb/v7-m/libg.a(lib_a-strncpy.o)
 .ARM.attributes
                0x0000000000000ad7       0x2d /opt/toolchains/gcc-arm-none-eabi-7-2018-q2-update/bin/../lib/gcc/arm-none-eabi/7.3.1/../../../../arm-none-eabi/lib/thumb/v7-m/libg.a(lib_a-vfiprintf.o)
 .ARM.attributes
                0x0000000000000b04       0x2d /opt/toolchains/gcc-arm-none-eabi-7-2018-q2-update/bin/../lib/gcc/arm-none-eabi/7.3.1/../../../../arm-none-eabi/lib/thumb/v7-m/libg.a(lib_a-wbuf.o)
 .ARM.attributes
                0x0000000000000b31       0x2d /opt/toolchains/gcc-arm-none-eabi-7-2018-q2-update/bin/../lib/gcc/arm-none-eabi/7.3.1/../../../../arm-none-eabi/lib/thumb/v7-m/libg.a(lib_a-writer.o)
 .ARM.attributes
                0x0000000000000b5e       0x2d /opt/toolchains/gcc-arm-none-eabi-7-2018-q2-update/bin/../lib/gcc/arm-none-eabi/7.3.1/../../../../arm-none-eabi/lib/thumb/v7-m/libg.a(lib_a-callocr.o)
 .ARM.attributes
                0x0000000000000b8b       0x2d /opt/toolchains/gcc-arm-none-eabi-7-2018-q2-update/bin/../lib/gcc/arm-none-eabi/7.3.1/../../../../arm-none-eabi/lib/thumb/v7-m/libg.a(lib_a-closer.o)
 .ARM.attributes
                0x0000000000000bb8       0x2d /opt/toolchains/gcc-arm-none-eabi-7-2018-q2-update/bin/../lib/gcc/arm-none-eabi/7.3.1/../../../../arm-none-eabi/lib/thumb/v7-m/libg.a(lib_a-fclose.o)
 .ARM.attributes
                0x0000000000000be5       0x2d /opt/toolchains/gcc-arm-none-eabi-7-2018-q2-update/bin/../lib/gcc/arm-none-eabi/7.3.1/../../../../arm-none-eabi/lib/thumb/v7-m/libg.a(lib_a-fputwc.o)
 .ARM.attributes
                0x0000000000000c12       0x2d /opt/toolchains/gcc-arm-none-eabi-7-2018-q2-update/bin/../lib/gcc/arm-none-eabi/7.3.1/../../../../arm-none-eabi/lib/thumb/v7-m/libg.a(lib_a-fstatr.o)
 .ARM.attributes
                0x0000000000000c3f       0x2d /opt/toolchains/gcc-arm-none-eabi-7-2018-q2-update/bin/../lib/gcc/arm-none-eabi/7.3.1/../../../../arm-none-eabi/lib/thumb/v7-m/libg.a(lib_a-isattyr.o)
 .ARM.attributes
                0x0000000000000c6c       0x2d /opt/toolchains/gcc-arm-none-eabi-7-2018-q2-update/bin/../lib/gcc/arm-none-eabi/7.3.1/../../../../arm-none-eabi/lib/thumb/v7-m/libg.a(lib_a-locale.o)
 .ARM.attributes
                0x0000000000000c99       0x2d /opt/toolchains/gcc-arm-none-eabi-7-2018-q2-update/bin/../lib/gcc/arm-none-eabi/7.3.1/../../../../arm-none-eabi/lib/thumb/v7-m/libg.a(lib_a-lseekr.o)
 .ARM.attributes
                0x0000000000000cc6       0x2d /opt/toolchains/gcc-arm-none-eabi-7-2018-q2-update/bin/../lib/gcc/arm-none-eabi/7.3.1/../../../../arm-none-eabi/lib/thumb/v7-m/libg.a(lib_a-mbtowc_r.o)
 .ARM.attributes
                0x0000000000000cf3       0x2d /opt/toolchains/gcc-arm-none-eabi-7-2018-q2-update/bin/../lib/gcc/arm-none-eabi/7.3.1/../../../../arm-none-eabi/lib/thumb/v7-m/libg.a(lib_a-readr.o)
 .ARM.attributes
                0x0000000000000d20       0x2d /opt/toolchains/gcc-arm-none-eabi-7-2018-q2-update/bin/../lib/gcc/arm-none-eabi/7.3.1/../../../../arm-none-eabi/lib/thumb/v7-m/libg.a(lib_a-wcrtomb.o)
 .ARM.attributes
                0x0000000000000d4d       0x2d /opt/toolchains/gcc-arm-none-eabi-7-2018-q2-update/bin/../lib/gcc/arm-none-eabi/7.3.1/../../../../arm-none-eabi/lib/thumb/v7-m/libg.a(lib_a-wctomb_r.o)
 .ARM.attributes
                0x0000000000000d7a       0x2d /opt/toolchains/gcc-arm-none-eabi-7-2018-q2-update/bin/../lib/gcc/arm-none-eabi/7.3.1/../../../../arm-none-eabi/lib/thumb/v7-m/libg.a(lib_a-ctype_.o)
 .ARM.attributes
                0x0000000000000da7       0x1d /opt/toolchains/gcc-arm-none-eabi-7-2018-q2-update/bin/../lib/gcc/arm-none-eabi/7.3.1/thumb/v7-m/libgcc.a(_arm_cmpdf2.o)
 .ARM.attributes
                0x0000000000000dc4       0x1d /opt/toolchains/gcc-arm-none-eabi-7-2018-q2-update/bin/../lib/gcc/arm-none-eabi/7.3.1/thumb/v7-m/libgcc.a(_arm_unorddf2.o)
 .ARM.attributes
                0x0000000000000de1       0x1d /opt/toolchains/gcc-arm-none-eabi-7-2018-q2-update/bin/../lib/gcc/arm-none-eabi/7.3.1/thumb/v7-m/libgcc.a(_arm_fixdfsi.o)
 .ARM.attributes
                0x0000000000000dfe       0x1d /opt/toolchains/gcc-arm-none-eabi-7-2018-q2-update/bin/../lib/gcc/arm-none-eabi/7.3.1/thumb/v7-m/libgcc.a(_aeabi_uldivmod.o)
 .ARM.attributes
                0x0000000000000e1b       0x2d /opt/toolchains/gcc-arm-none-eabi-7-2018-q2-update/bin/../lib/gcc/arm-none-eabi/7.3.1/thumb/v7-m/libgcc.a(_udivmoddi4.o)
 .ARM.attributes
                0x0000000000000e48       0x1d /opt/toolchains/gcc-arm-none-eabi-7-2018-q2-update/bin/../lib/gcc/arm-none-eabi/7.3.1/thumb/v7-m/libgcc.a(_dvmd_tls.o)
 .ARM.attributes
                0x0000000000000e65       0x1d /opt/toolchains/gcc-arm-none-eabi-7-2018-q2-update/bin/../lib/gcc/arm-none-eabi/7.3.1/thumb/v7-m/crtn.o
OUTPUT(stm32-simple-neural-network.elf elf32-littlearm)

.debug_frame    0x0000000000000000     0x2dbc
 .debug_frame   0x0000000000000000       0x2c /opt/toolchains/gcc-arm-none-eabi-7-2018-q2-update/bin/../lib/gcc/arm-none-eabi/7.3.1/../../../../arm-none-eabi/lib/thumb/v7-m/libc.a(lib_a-init.o)
 .debug_frame   0x000000000000002c       0x38 /opt/toolchains/gcc-arm-none-eabi-7-2018-q2-update/bin/../lib/gcc/arm-none-eabi/7.3.1/../../../../arm-none-eabi/lib/thumb/v7-m/libc.a(lib_a-memset.o)
 .debug_frame   0x0000000000000064       0x5c /opt/toolchains/gcc-arm-none-eabi-7-2018-q2-update/bin/../lib/gcc/arm-none-eabi/7.3.1/../../../../arm-none-eabi/lib/thumb/v7-m/libc.a(lib_a-__call_atexit.o)
 .debug_frame   0x00000000000000c0       0x20 /opt/toolchains/gcc-arm-none-eabi-7-2018-q2-update/bin/../lib/gcc/arm-none-eabi/7.3.1/../../../../arm-none-eabi/lib/thumb/v7-m/libc.a(lib_a-atexit.o)
 .debug_frame   0x00000000000000e0       0x34 /opt/toolchains/gcc-arm-none-eabi-7-2018-q2-update/bin/../lib/gcc/arm-none-eabi/7.3.1/../../../../arm-none-eabi/lib/thumb/v7-m/libc.a(lib_a-fini.o)
 .debug_frame   0x0000000000000114       0xb0 /opt/toolchains/gcc-arm-none-eabi-7-2018-q2-update/bin/../lib/gcc/arm-none-eabi/7.3.1/../../../../arm-none-eabi/lib/thumb/v7-m/libc.a(lib_a-lock.o)
 .debug_frame   0x00000000000001c4       0x34 /opt/toolchains/gcc-arm-none-eabi-7-2018-q2-update/bin/../lib/gcc/arm-none-eabi/7.3.1/../../../../arm-none-eabi/lib/thumb/v7-m/libc.a(lib_a-__atexit.o)
 .debug_frame   0x00000000000001f8      0x1bc CMakeFiles/stm32-simple-neural-network.elf.dir/__/libs/stm32f1_dimtass_lib/src/dev_i2c.c.obj
 .debug_frame   0x00000000000003b4      0x230 CMakeFiles/stm32-simple-neural-network.elf.dir/__/libs/stm32f1_dimtass_lib/src/dev_spi_master.c.obj
 .debug_frame   0x00000000000005e4       0x60 CMakeFiles/stm32-simple-neural-network.elf.dir/__/libs/stm32f1_dimtass_lib/src/dev_spi_slave.c.obj
 .debug_frame   0x0000000000000644      0x150 CMakeFiles/stm32-simple-neural-network.elf.dir/__/libs/stm32f1_dimtass_lib/src/dev_uart.c.obj
 .debug_frame   0x0000000000000794       0x28 CMakeFiles/stm32-simple-neural-network.elf.dir/__/libs/stm32f1_dimtass_lib/src/overclock_stm32f103.c.obj
 .debug_frame   0x00000000000007bc      0x140 CMakeFiles/stm32-simple-neural-network.elf.dir/main.c.obj
 .debug_frame   0x00000000000008fc       0x48 CMakeFiles/stm32-simple-neural-network.elf.dir/system_stm32f10x.c.obj
 .debug_frame   0x0000000000000944      0x1a8 CMakeFiles/stm32-simple-neural-network.elf.dir/syscalls.c.obj
 .debug_frame   0x0000000000000aec       0xa0 CMakeFiles/stm32-simple-neural-network.elf.dir/stm32f10x_it.c.obj
 .debug_frame   0x0000000000000b8c       0x84 CMakeFiles/stm32-simple-neural-network.elf.dir/neural_network.c.obj
 .debug_frame   0x0000000000000c10       0x7c ../libstdperiph.a(misc.c.obj)
 .debug_frame   0x0000000000000c8c       0xf0 ../libstdperiph.a(stm32f10x_dma.c.obj)
 .debug_frame   0x0000000000000d7c      0x2fc ../libstdperiph.a(stm32f10x_flash.c.obj)
 .debug_frame   0x0000000000001078      0x1b0 ../libstdperiph.a(stm32f10x_gpio.c.obj)
 .debug_frame   0x0000000000001228      0x26c ../libstdperiph.a(stm32f10x_i2c.c.obj)
 .debug_frame   0x0000000000001494      0x224 ../libstdperiph.a(stm32f10x_rcc.c.obj)
 .debug_frame   0x00000000000016b8      0x1cc ../libstdperiph.a(stm32f10x_spi.c.obj)
 .debug_frame   0x0000000000001884      0x258 ../libstdperiph.a(stm32f10x_usart.c.obj)
 .debug_frame   0x0000000000001adc       0xac /opt/toolchains/gcc-arm-none-eabi-7-2018-q2-update/bin/../lib/gcc/arm-none-eabi/7.3.1/thumb/v7-m/libgcc.a(_arm_addsubdf3.o)
 .debug_frame   0x0000000000001b88       0x50 /opt/toolchains/gcc-arm-none-eabi-7-2018-q2-update/bin/../lib/gcc/arm-none-eabi/7.3.1/thumb/v7-m/libgcc.a(_arm_muldivdf3.o)
 .debug_frame   0x0000000000001bd8       0x20 /opt/toolchains/gcc-arm-none-eabi-7-2018-q2-update/bin/../lib/gcc/arm-none-eabi/7.3.1/../../../../arm-none-eabi/lib/thumb/v7-m/libg.a(lib_a-errno.o)
 .debug_frame   0x0000000000001bf8       0x30 /opt/toolchains/gcc-arm-none-eabi-7-2018-q2-update/bin/../lib/gcc/arm-none-eabi/7.3.1/../../../../arm-none-eabi/lib/thumb/v7-m/libg.a(lib_a-malloc.o)
 .debug_frame   0x0000000000001c28       0x4c /opt/toolchains/gcc-arm-none-eabi-7-2018-q2-update/bin/../lib/gcc/arm-none-eabi/7.3.1/../../../../arm-none-eabi/lib/thumb/v7-m/libg.a(lib_a-mallocr.o)
 .debug_frame   0x0000000000001c74       0x30 /opt/toolchains/gcc-arm-none-eabi-7-2018-q2-update/bin/../lib/gcc/arm-none-eabi/7.3.1/../../../../arm-none-eabi/lib/thumb/v7-m/libg.a(lib_a-mlock.o)
 .debug_frame   0x0000000000001ca4       0x78 /opt/toolchains/gcc-arm-none-eabi-7-2018-q2-update/bin/../lib/gcc/arm-none-eabi/7.3.1/../../../../arm-none-eabi/lib/thumb/v7-m/libg.a(lib_a-printf.o)
 .debug_frame   0x0000000000001d1c       0x30 /opt/toolchains/gcc-arm-none-eabi-7-2018-q2-update/bin/../lib/gcc/arm-none-eabi/7.3.1/../../../../arm-none-eabi/lib/thumb/v7-m/libg.a(lib_a-putchar.o)
 .debug_frame   0x0000000000001d4c       0x4c /opt/toolchains/gcc-arm-none-eabi-7-2018-q2-update/bin/../lib/gcc/arm-none-eabi/7.3.1/../../../../arm-none-eabi/lib/thumb/v7-m/libg.a(lib_a-puts.o)
 .debug_frame   0x0000000000001d98       0x2c /opt/toolchains/gcc-arm-none-eabi-7-2018-q2-update/bin/../lib/gcc/arm-none-eabi/7.3.1/../../../../arm-none-eabi/lib/thumb/v7-m/libg.a(lib_a-sbrkr.o)
 .debug_frame   0x0000000000001dc4       0x20 /opt/toolchains/gcc-arm-none-eabi-7-2018-q2-update/bin/../lib/gcc/arm-none-eabi/7.3.1/../../../../arm-none-eabi/lib/thumb/v7-m/libg.a(lib_a-strlen-stub.o)
 .debug_frame   0x0000000000001de4       0x48 /opt/toolchains/gcc-arm-none-eabi-7-2018-q2-update/bin/../lib/gcc/arm-none-eabi/7.3.1/../../../../arm-none-eabi/lib/thumb/v7-m/libg.a(lib_a-strncmp.o)
 .debug_frame   0x0000000000001e2c       0x94 /opt/toolchains/gcc-arm-none-eabi-7-2018-q2-update/bin/../lib/gcc/arm-none-eabi/7.3.1/../../../../arm-none-eabi/lib/thumb/v7-m/libg.a(lib_a-vfprintf.o)
 .debug_frame   0x0000000000001ec0       0x2c /opt/toolchains/gcc-arm-none-eabi-7-2018-q2-update/bin/../lib/gcc/arm-none-eabi/7.3.1/../../../../arm-none-eabi/lib/thumb/v7-m/libg.a(lib_a-wsetup.o)
 .debug_frame   0x0000000000001eec       0x88 /opt/toolchains/gcc-arm-none-eabi-7-2018-q2-update/bin/../lib/gcc/arm-none-eabi/7.3.1/../../../../arm-none-eabi/lib/thumb/v7-m/libg.a(lib_a-dtoa.o)
 .debug_frame   0x0000000000001f74       0x5c /opt/toolchains/gcc-arm-none-eabi-7-2018-q2-update/bin/../lib/gcc/arm-none-eabi/7.3.1/../../../../arm-none-eabi/lib/thumb/v7-m/libg.a(lib_a-fflush.o)
 .debug_frame   0x0000000000001fd0      0x150 /opt/toolchains/gcc-arm-none-eabi-7-2018-q2-update/bin/../lib/gcc/arm-none-eabi/7.3.1/../../../../arm-none-eabi/lib/thumb/v7-m/libg.a(lib_a-findfp.o)
 .debug_frame   0x0000000000002120       0x80 /opt/toolchains/gcc-arm-none-eabi-7-2018-q2-update/bin/../lib/gcc/arm-none-eabi/7.3.1/../../../../arm-none-eabi/lib/thumb/v7-m/libg.a(lib_a-freer.o)
 .debug_frame   0x00000000000021a0       0x64 /opt/toolchains/gcc-arm-none-eabi-7-2018-q2-update/bin/../lib/gcc/arm-none-eabi/7.3.1/../../../../arm-none-eabi/lib/thumb/v7-m/libg.a(lib_a-fvwrite.o)
 .debug_frame   0x0000000000002204       0x54 /opt/toolchains/gcc-arm-none-eabi-7-2018-q2-update/bin/../lib/gcc/arm-none-eabi/7.3.1/../../../../arm-none-eabi/lib/thumb/v7-m/libg.a(lib_a-fwalk.o)
 .debug_frame   0x0000000000002258       0x40 /opt/toolchains/gcc-arm-none-eabi-7-2018-q2-update/bin/../lib/gcc/arm-none-eabi/7.3.1/../../../../arm-none-eabi/lib/thumb/v7-m/libg.a(lib_a-localeconv.o)
 .debug_frame   0x0000000000002298       0x64 /opt/toolchains/gcc-arm-none-eabi-7-2018-q2-update/bin/../lib/gcc/arm-none-eabi/7.3.1/../../../../arm-none-eabi/lib/thumb/v7-m/libg.a(lib_a-makebuf.o)