Archive member included to satisfy reference by file (symbol)

/opt/toolchains/gcc-arm-none-eabi-7-2018-q2-update/bin/../lib/gcc/arm-none-eabi/7.3.1/../../../../arm-none-eabi/lib/thumb/v7-m/libc.a(lib_a-exit.o)
                              /opt/toolchains/gcc-arm-none-eabi-7-2018-q2-update/bin/../lib/gcc/arm-none-eabi/7.3.1/../../../../arm-none-eabi/lib/thumb/v7-m/crt0.o (exit)
/opt/toolchains/gcc-arm-none-eabi-7-2018-q2-update/bin/../lib/gcc/arm-none-eabi/7.3.1/../../../../arm-none-eabi/lib/thumb/v7-m/libc.a(lib_a-impure.o)
                              /opt/toolchains/gcc-arm-none-eabi-7-2018-q2-update/bin/../lib/gcc/arm-none-eabi/7.3.1/../../../../arm-none-eabi/lib/thumb/v7-m/libc.a(lib_a-exit.o) (_global_impure_ptr)
/opt/toolchains/gcc-arm-none-eabi-7-2018-q2-update/bin/../lib/gcc/arm-none-eabi/7.3.1/../../../../arm-none-eabi/lib/thumb/v7-m/libc.a(lib_a-init.o)
                              /opt/toolchains/gcc-arm-none-eabi-7-2018-q2-update/bin/../lib/gcc/arm-none-eabi/7.3.1/../../../../arm-none-eabi/lib/thumb/v7-m/crt0.o (__libc_init_array)
/opt/toolchains/gcc-arm-none-eabi-7-2018-q2-update/bin/../lib/gcc/arm-none-eabi/7.3.1/../../../../arm-none-eabi/lib/thumb/v7-m/libc.a(lib_a-memset.o)
                              /opt/toolchains/gcc-arm-none-eabi-7-2018-q2-update/bin/../lib/gcc/arm-none-eabi/7.3.1/../../../../arm-none-eabi/lib/thumb/v7-m/crt0.o (memset)
/opt/toolchains/gcc-arm-none-eabi-7-2018-q2-update/bin/../lib/gcc/arm-none-eabi/7.3.1/../../../../arm-none-eabi/lib/thumb/v7-m/libc.a(lib_a-__call_atexit.o)
                              /opt/toolchains/gcc-arm-none-eabi-7-2018-q2-update/bin/../lib/gcc/arm-none-eabi/7.3.1/../../../../arm-none-eabi/lib/thumb/v7-m/libc.a(lib_a-exit.o) (__call_exitprocs)
/opt/toolchains/gcc-arm-none-eabi-7-2018-q2-update/bin/../lib/gcc/arm-none-eabi/7.3.1/../../../../arm-none-eabi/lib/thumb/v7-m/libc.a(lib_a-atexit.o)
                              /opt/toolchains/gcc-arm-none-eabi-7-2018-q2-update/bin/../lib/gcc/arm-none-eabi/7.3.1/../../../../arm-none-eabi/lib/thumb/v7-m/libc.a(lib_a-__call_atexit.o) (atexit)
/opt/toolchains/gcc-arm-none-eabi-7-2018-q2-update/bin/../lib/gcc/arm-none-eabi/7.3.1/../../../../arm-none-eabi/lib/thumb/v7-m/libc.a(lib_a-fini.o)
                              /opt/toolchains/gcc-arm-none-eabi-7-2018-q2-update/bin/../lib/gcc/arm-none-eabi/7.3.1/../../../../arm-none-eabi/lib/thumb/v7-m/libc.a(lib_a-__call_atexit.o) (__libc_fini_array)
/opt/toolchains/gcc-arm-none-eabi-7-2018-q2-update/bin/../lib/gcc/arm-none-eabi/7.3.1/../../../../arm-none-eabi/lib/thumb/v7-m/libc.a(lib_a-lock.o)
                              /opt/toolchains/gcc-arm-none-eabi-7-2018-q2-update/bin/../lib/gcc/arm-none-eabi/7.3.1/../../../../arm-none-eabi/lib/thumb/v7-m/libc.a(lib_a-__call_atexit.o) (__retarget_lock_acquire_recursive)
/opt/toolchains/gcc-arm-none-eabi-7-2018-q2-update/bin/../lib/gcc/arm-none-eabi/7.3.1/../../../../arm-none-eabi/lib/thumb/v7-m/libc.a(lib_a-__atexit.o)
                              /opt/toolchains/gcc-arm-none-eabi-7-2018-q2-update/bin/../lib/gcc/arm-none-eabi/7.3.1/../../../../arm-none-eabi/lib/thumb/v7-m/libc.a(lib_a-atexit.o) (__register_exitproc)
../libstdperiph.a(misc.c.obj)
                              CMakeFiles/stm32-neural-network.elf.dir/__/libs/stm32f1_dimtass_lib/src/dev_uart.c.obj (NVIC_PriorityGroupConfig)
../libstdperiph.a(stm32f10x_adc.c.obj)
                              CMakeFiles/stm32-neural-network.elf.dir/__/libs/stm32f1_dimtass_lib/src/dev_adc.c.obj (ADC_Init)
../libstdperiph.a(stm32f10x_dma.c.obj)
                              CMakeFiles/stm32-neural-network.elf.dir/__/libs/stm32f1_dimtass_lib/src/dev_spi_master.c.obj (DMA_DeInit)
../libstdperiph.a(stm32f10x_flash.c.obj)
                              CMakeFiles/stm32-neural-network.elf.dir/__/libs/stm32f1_dimtass_lib/src/overclock_stm32f103.c.obj (FLASH_SetLatency)
../libstdperiph.a(stm32f10x_gpio.c.obj)
                              CMakeFiles/stm32-neural-network.elf.dir/__/libs/stm32f1_dimtass_lib/src/dev_adc.c.obj (GPIO_Init)
../libstdperiph.a(stm32f10x_i2c.c.obj)
                              CMakeFiles/stm32-neural-network.elf.dir/__/libs/stm32f1_dimtass_lib/src/dev_i2c.c.obj (I2C_Init)
../libstdperiph.a(stm32f10x_rcc.c.obj)
                              CMakeFiles/stm32-neural-network.elf.dir/__/libs/stm32f1_dimtass_lib/src/overclock_stm32f103.c.obj (RCC_DeInit)
../libstdperiph.a(stm32f10x_spi.c.obj)
                              CMakeFiles/stm32-neural-network.elf.dir/__/libs/stm32f1_dimtass_lib/src/dev_spi_slave.c.obj (SPI_I2S_DeInit)
../libstdperiph.a(stm32f10x_tim.c.obj)
                              CMakeFiles/stm32-neural-network.elf.dir/__/libs/stm32f1_dimtass_lib/src/dev_pwm.c.obj (TIM_TimeBaseInit)
../libstdperiph.a(stm32f10x_usart.c.obj)
                              CMakeFiles/stm32-neural-network.elf.dir/__/libs/stm32f1_dimtass_lib/src/dev_uart.c.obj (USART_DeInit)
[...]
Memory Configuration

Name             Origin             Length             Attributes
RAM              0x0000000020000000 0x0000000000005000 xrw
ROM              0x0000000008000000 0x0000000000020000 xr
*default*        0x0000000000000000 0xffffffffffffffff

Linker script and memory map

LOAD /opt/toolchains/gcc-arm-none-eabi-7-2018-q2-update/bin/../lib/gcc/arm-none-eabi/7.3.1/thumb/v7-m/crtfastmath.o
LOAD /opt/toolchains/gcc-arm-none-eabi-7-2018-q2-update/bin/../lib/gcc/arm-none-eabi/7.3.1/thumb/v7-m/crti.o
LOAD /opt/toolchains/gcc-arm-none-eabi-7-2018-q2-update/bin/../lib/gcc/arm-none-eabi/7.3.1/thumb/v7-m/crtbegin.o
LOAD /opt/toolchains/gcc-arm-none-eabi-7-2018-q2-update/bin/../lib/gcc/arm-none-eabi/7.3.1/../../../../arm-none-eabi/lib/thumb/v7-m/crt0.o
LOAD /opt/toolchains/gcc-arm-none-eabi-7-2018-q2-update/bin/../lib/gcc/arm-none-eabi/7.3.1/../../../../arm-none-eabi/lib/thumb/v7-m/libc.a
LOAD /opt/toolchains/gcc-arm-none-eabi-7-2018-q2-update/bin/../lib/gcc/arm-none-eabi/7.3.1/../../../../arm-none-eabi/lib/thumb/v7-m/libm.a
LOAD /opt/toolchains/gcc-arm-none-eabi-7-2018-q2-update/bin/../lib/gcc/arm-none-eabi/7.3.1/../../../../arm-none-eabi/lib/thumb/v7-m/libc.a
LOAD /opt/toolchains/gcc-arm-none-eabi-7-2018-q2-update/bin/../lib/gcc/arm-none-eabi/7.3.1/../../../../arm-none-eabi/lib/thumb/v7-m/libm.a
LOAD CMakeFiles/stm32-neural-network.elf.dir/__/libs/stm32f1_dimtass_lib/src/cortexm_delay.c.obj
LOAD CMakeFiles/stm32-neural-network.elf.dir/__/libs/stm32f1_dimtass_lib/src/dev_adc.c.obj
LOAD CMakeFiles/stm32-neural-network.elf.dir/__/libs/stm32f1_dimtass_lib/src/dev_i2c.c.obj
LOAD CMakeFiles/stm32-neural-network.elf.dir/__/libs/stm32f1_dimtass_lib/src/dev_pwm.c.obj
LOAD CMakeFiles/stm32-neural-network.elf.dir/__/libs/stm32f1_dimtass_lib/src/dev_spi_master.c.obj
LOAD CMakeFiles/stm32-neural-network.elf.dir/__/libs/stm32f1_dimtass_lib/src/dev_spi_slave.c.obj
LOAD CMakeFiles/stm32-neural-network.elf.dir/__/libs/stm32f1_dimtass_lib/src/dev_uart.c.obj
LOAD CMakeFiles/stm32-neural-network.elf.dir/__/libs/stm32f1_dimtass_lib/src/overclock_stm32f103.c.obj
LOAD CMakeFiles/stm32-neural-network.elf.dir/main.c.obj
LOAD CMakeFiles/stm32-neural-network.elf.dir/system_stm32f10x.c.obj
LOAD CMakeFiles/stm32-neural-network.elf.dir/syscalls.c.obj
LOAD CMakeFiles/stm32-neural-network.elf.dir/stm32f10x_it.c.obj
LOAD CMakeFiles/stm32-neural-network.elf.dir/neural_network.c.obj
LOAD CMakeFiles/stm32-neural-network.elf.dir/__/config/startup_stm32f10x_md.s.obj
LOAD ../libstdperiph.a
START GROUP
LOAD /opt/toolchains/gcc-arm-none-eabi-7-2018-q2-update/bin/../lib/gcc/arm-none-eabi/7.3.1/thumb/v7-m/libgcc.a
LOAD /opt/toolchains/gcc-arm-none-eabi-7-2018-q2-update/bin/../lib/gcc/arm-none-eabi/7.3.1/../../../../arm-none-eabi/lib/thumb/v7-m/libg.a
LOAD /opt/toolchains/gcc-arm-none-eabi-7-2018-q2-update/bin/../lib/gcc/arm-none-eabi/7.3.1/../../../../arm-none-eabi/lib/thumb/v7-m/libc.a
END GROUP
LOAD /opt/toolchains/gcc-arm-none-eabi-7-2018-q2-update/bin/../lib/gcc/arm-none-eabi/7.3.1/thumb/v7-m/crtend.o
LOAD /opt/toolchains/gcc-arm-none-eabi-7-2018-q2-update/bin/../lib/gcc/arm-none-eabi/7.3.1/thumb/v7-m/crtn.o
                0x0000000020005000                _estack = 0x20005000
                0x0000000000000000                _Min_Heap_Size = 0x0
                0x0000000000000400                _Min_Stack_Size = 0x400

.isr_vector     0x0000000008000000      0x10c
                0x0000000008000000                . = ALIGN (0x4)
 *(.isr_vector)
 .isr_vector    0x0000000008000000      0x10c CMakeFiles/stm32-neural-network.elf.dir/__/config/startup_stm32f10x_md.s.obj
                0x0000000008000000                g_pfnVectors
                0x000000000800010c                . = ALIGN (0x4)

.text           0x0000000008000110     0x96f4
                0x0000000008000110                . = ALIGN (0x4)
 *(.text)
 .text          0x0000000008000110       0x40 /opt/toolchains/gcc-arm-none-eabi-7-2018-q2-update/bin/../lib/gcc/arm-none-eabi/7.3.1/thumb/v7-m/crtbegin.o
 .text          0x0000000008000150      0x850 CMakeFiles/stm32-neural-network.elf.dir/__/libs/stm32f1_dimtass_lib/src/dev_i2c.c.obj
                0x0000000008000150                i2c_init
                0x000000000800030c                i2c_enable
                0x0000000008000320                i2c_disable
                0x0000000008000334                i2c_master_write_wait
                0x000000000800037c                i2c_master_write
                0x00000000080003c0                i2c_master_read_wait
                0x0000000008000400                i2c_master_read
                0x0000000008000444                I2Cx_ClearFlag
                0x0000000008000470                I2C1_EV_IRQHandler
                0x00000000080006e4                I2C2_EV_IRQHandler
                0x0000000008000958                I2C1_ER_IRQHandler
                0x000000000800097c                I2C2_ER_IRQHandler
 .text          0x00000000080009a0      0x4a8 CMakeFiles/stm32-neural-network.elf.dir/__/libs/stm32f1_dimtass_lib/src/dev_spi_master.c.obj
                0x00000000080009a0                spi_init_master
                0x0000000008000b90                spi_start
                0x0000000008000ba0                spi_stop
                0x0000000008000bb0                spi_wait
                0x0000000008000bc4                spi_send8
                0x0000000008000bf4                spi_sendCircular8
                0x0000000008000c24                spi_recv8
                0x0000000008000c54                spi_recvCircular8
                0x0000000008000c84                spi_sendCircular16
                0x0000000008000cc0                spi_send16
                0x0000000008000cfc                spi_recv16
                0x0000000008000d34                spi_recvCircular16
                0x0000000008000d70                spi_set8
                0x0000000008000d98                spi_set16
                0x0000000008000dbc                spi_calculate_available_freq
                0x0000000008000dec                spi_get_available_freq
                0x0000000008000dfc                DMA1_Channel2_IRQHandler
                0x0000000008000e20                DMA1_Channel3_IRQHandler
 .text          0x0000000008000e48      0x294 CMakeFiles/stm32-neural-network.elf.dir/__/libs/stm32f1_dimtass_lib/src/dev_spi_slave.c.obj
                0x0000000008000e48                spi_init_slave
                0x00000000080010b4                DMA1_Channel4_IRQHandler
 .text          0x00000000080010dc      0x5f4 CMakeFiles/stm32-neural-network.elf.dir/__/libs/stm32f1_dimtass_lib/src/dev_uart.c.obj
                0x00000000080010dc                dev_uart_add
                0x0000000008001228                dev_uart_set_baud_rate
                0x0000000008001238                dev_uart_remove
                0x00000000080012b8                dev_uart_send
                0x0000000008001324                dev_uart_send_buffer
                0x00000000080013c4                USART1_IRQHandler
                0x000000000800146c                USART2_IRQHandler
                0x0000000008001514                dev_uart_update
                0x0000000008001554                dev_uart_irq
                0x00000000080015f0                __io_putchar
 .text          0x00000000080016d0      0x354 CMakeFiles/stm32-neural-network.elf.dir/main.c.obj
                0x000000000800171c                led_on
                0x000000000800172c                led_off
                0x000000000800173c                led_init
                0x0000000008001778                benchmark_neural_network
                0x00000000080017dc                dbg_uart_parser
                0x0000000008001988                debug_pin_init
                0x00000000080019c8                test_neural_network
 .text          0x0000000008001a24      0x15c CMakeFiles/stm32-neural-network.elf.dir/system_stm32f10x.c.obj
                0x0000000008001a24                SystemInit
                0x0000000008001b28                SystemCoreClockUpdate
 .text          0x0000000008001b80      0x124 CMakeFiles/stm32-neural-network.elf.dir/syscalls.c.obj
                0x0000000008001b80                initialise_monitor_handles
                0x0000000008001b84                _getpid
                0x0000000008001b88                _kill
                0x0000000008001b98                _exit
                0x0000000008001ba4                _read
                0x0000000008001bc0                _write
                0x0000000008001bdc                _sbrk
                0x0000000008001c18                _close
                0x0000000008001c20                _fstat
                0x0000000008001c2c                _isatty
                0x0000000008001c30                _lseek
                0x0000000008001c34                _open
                0x0000000008001c40                _wait
                0x0000000008001c50                _unlink
                0x0000000008001c60                _times
                0x0000000008001c68                _stat
                0x0000000008001c74                _link
                0x0000000008001c84                _fork
                0x0000000008001c94                _execve
 .text          0x0000000008001ca4       0x30 CMakeFiles/stm32-neural-network.elf.dir/stm32f10x_it.c.obj
                0x0000000008001ca4                NMI_Handler
                0x0000000008001ca8                HardFault_Handler
                0x0000000008001cac                MemManage_Handler
                0x0000000008001cb0                BusFault_Handler
                0x0000000008001cb4                UsageFault_Handler
                0x0000000008001cb8                SVC_Handler
                0x0000000008001cbc                DebugMon_Handler
                0x0000000008001cc0                PendSV_Handler
                0x0000000008001cc4                SysTick_Handler
 .text          0x0000000008001cd4      0x184 CMakeFiles/stm32-neural-network.elf.dir/neural_network.c.obj
                0x0000000008001cd4                dot
                0x0000000008001d34                sigmoid
                0x0000000008001d88                nn_predict
 .text          0x0000000008001e58       0xb0 ../libstdperiph.a(misc.c.obj)
                0x0000000008001e58                NVIC_PriorityGroupConfig
                0x0000000008001e6c                NVIC_Init
                0x0000000008001ec4                NVIC_SetVectorTable
                0x0000000008001ed8                NVIC_SystemLPConfig
                0x0000000008001ef0                SysTick_CLKSourceConfig
 .text          0x0000000008001f08      0x224 ../libstdperiph.a(stm32f10x_dma.c.obj)
                0x0000000008001f08                DMA_DeInit
                0x0000000008002038                DMA_Init
                0x0000000008002078                DMA_StructInit
                0x0000000008002094                DMA_Cmd
                0x00000000080020ac                DMA_ITConfig
                0x00000000080020c0                DMA_SetCurrDataCounter
                0x00000000080020c4                DMA_GetCurrDataCounter
                0x00000000080020cc                DMA_GetFlagStatus
                0x00000000080020e8                DMA_ClearFlag
                0x00000000080020fc                DMA_GetITStatus
                0x0000000008002118                DMA_ClearITPendingBit
 .text          0x000000000800212c      0x530 ../libstdperiph.a(stm32f10x_gpio.c.obj)
                0x000000000800212c                GPIO_DeInit
                0x0000000008002208                GPIO_AFIODeInit
                0x0000000008002220                GPIO_Init
                0x000000000800252c                GPIO_StructInit
                0x000000000800253c                GPIO_ReadInputDataBit
                0x0000000008002548                GPIO_ReadInputData
                0x0000000008002550                GPIO_ReadOutputDataBit
                0x000000000800255c                GPIO_ReadOutputData
                0x0000000008002564                GPIO_SetBits
                0x0000000008002568                GPIO_ResetBits
                0x000000000800256c                GPIO_WriteBit
                0x0000000008002578                GPIO_Write
                0x000000000800257c                GPIO_PinLockConfig
                0x000000000800258c                GPIO_EventOutputConfig
                0x00000000080025a8                GPIO_EventOutputCmd
                0x00000000080025b4                GPIO_PinRemapConfig
                0x0000000008002620                GPIO_EXTILineConfig
                0x0000000008002650                GPIO_ETH_MediaInterfaceConfig
 .text          0x000000000800265c      0x3b8 ../libstdperiph.a(stm32f10x_i2c.c.obj)
                0x000000000800265c                I2C_DeInit
                0x0000000008002698                I2C_Init
                0x0000000008002768                I2C_StructInit
                0x0000000008002788                I2C_Cmd
                0x00000000080027a0                I2C_DMACmd
                0x00000000080027b8                I2C_DMALastTransferCmd
                0x00000000080027d0                I2C_GenerateSTART
                0x00000000080027e8                I2C_GenerateSTOP
                0x0000000008002800                I2C_AcknowledgeConfig
                0x0000000008002818                I2C_OwnAddress2Config
                0x000000000800282c                I2C_DualAddressCmd
                0x0000000008002844                I2C_GeneralCallCmd
                0x000000000800285c                I2C_ITConfig
                0x0000000008002870                I2C_SendData
                0x0000000008002874                I2C_ReceiveData
                0x000000000800287c                I2C_Send7bitAddress
                0x0000000008002894                I2C_ReadRegister
                0x00000000080028ac                I2C_SoftwareResetCmd
                0x00000000080028c0                I2C_NACKPositionConfig
                0x00000000080028d8                I2C_SMBusAlertConfig
                0x00000000080028f0                I2C_TransmitPEC
                0x0000000008002908                I2C_PECPositionConfig
                0x0000000008002920                I2C_CalculatePEC
                0x0000000008002938                I2C_GetPEC
                0x0000000008002940                I2C_ARPCmd
                0x0000000008002958                I2C_StretchClockCmd
                0x0000000008002970                I2C_FastModeDutyCycleConfig
                0x0000000008002988                I2C_CheckEvent
                0x00000000080029a0                I2C_GetLastEvent
                0x00000000080029b0                I2C_GetFlagStatus
                0x00000000080029e8                I2C_ClearFlag
                0x00000000080029f0                I2C_GetITStatus
                0x0000000008002a0c                I2C_ClearITPendingBit
 .text          0x0000000008002a14      0x354 ../libstdperiph.a(stm32f10x_rcc.c.obj)
                0x0000000008002a14                RCC_DeInit
                0x0000000008002a54                RCC_HSEConfig
                0x0000000008002a8c                RCC_WaitForHSEStartUp
                0x0000000008002abc                RCC_AdjustHSICalibrationValue
                0x0000000008002ad0                RCC_HSICmd
                0x0000000008002adc                RCC_PLLConfig
                0x0000000008002af0                RCC_PLLCmd
                0x0000000008002afc                RCC_SYSCLKConfig
                0x0000000008002b10                RCC_GetSYSCLKSource
                0x0000000008002b20                RCC_HCLKConfig
                0x0000000008002b34                RCC_PCLK1Config
                0x0000000008002b48                RCC_PCLK2Config
                0x0000000008002b5c                RCC_ITConfig
                0x0000000008002b74                RCC_USBCLKConfig
                0x0000000008002b80                RCC_ADCCLKConfig
                0x0000000008002b94                RCC_LSEConfig
                0x0000000008002bb4                RCC_LSICmd
                0x0000000008002bc0                RCC_RTCCLKConfig
                0x0000000008002bd0                RCC_RTCCLKCmd
                0x0000000008002bdc                RCC_GetClocksFreq
                0x0000000008002c68                RCC_AHBPeriphClockCmd
                0x0000000008002c80                RCC_APB2PeriphClockCmd
                0x0000000008002c98                RCC_APB1PeriphClockCmd
                0x0000000008002cb0                RCC_APB2PeriphResetCmd
                0x0000000008002cc8                RCC_APB1PeriphResetCmd
                0x0000000008002ce0                RCC_BackupResetCmd
                0x0000000008002cec                RCC_ClockSecuritySystemCmd
                0x0000000008002cf8                RCC_MCOConfig
                0x0000000008002d04                RCC_GetFlagStatus
                0x0000000008002d38                RCC_ClearFlag
                0x0000000008002d48                RCC_GetITStatus
                0x0000000008002d5c                RCC_ClearITPendingBit
 .text          0x0000000008002d68      0x2b8 ../libstdperiph.a(stm32f10x_spi.c.obj)
                0x0000000008002d68                SPI_I2S_DeInit
                0x0000000008002dd4                SPI_Init
                0x0000000008002e14                I2S_Init
                0x0000000008002eb8                SPI_StructInit
                0x0000000008002ec8                I2S_StructInit
                0x0000000008002ed8                SPI_Cmd
                0x0000000008002ef0                I2S_Cmd
                0x0000000008002f08                SPI_I2S_ITConfig
                0x0000000008002f24                SPI_I2S_DMACmd
                0x0000000008002f38                SPI_I2S_SendData
                0x0000000008002f3c                SPI_I2S_ReceiveData
                0x0000000008002f40                SPI_NSSInternalSoftwareConfig
                0x0000000008002f5c                SPI_SSOutputCmd
                0x0000000008002f74                SPI_DataSizeConfig
                0x0000000008002f88                SPI_TransmitCRC
                0x0000000008002f94                SPI_CalculateCRC
                0x0000000008002fac                SPI_GetCRC
                0x0000000008002fb8                SPI_GetCRCPolynomial
                0x0000000008002fbc                SPI_BiDirectionalLineConfig
                0x0000000008002fd4                SPI_I2S_GetFlagStatus
                0x0000000008002fe0                SPI_I2S_ClearFlag
                0x0000000008002fe8                SPI_I2S_GetITStatus
                0x0000000008003010                SPI_I2S_ClearITPendingBit
 .text          0x0000000008003020      0x3b4 ../libstdperiph.a(stm32f10x_usart.c.obj)
                0x0000000008003020                USART_DeInit
                0x00000000080030d0                USART_Init
                0x0000000008003184                USART_StructInit
                0x0000000008003198                USART_ClockInit
                0x00000000080031b8                USART_ClockStructInit
                0x00000000080031c0                USART_Cmd
                0x00000000080031d8                USART_ITConfig
                0x0000000008003210                USART_DMACmd
                0x0000000008003224                USART_SetAddress
                0x0000000008003238                USART_WakeUpConfig
                0x000000000800324c                USART_ReceiverWakeUpCmd
                0x0000000008003264                USART_LINBreakDetectLengthConfig
                0x0000000008003278                USART_LINCmd
                0x0000000008003290                USART_SendData
                0x0000000008003298                USART_ReceiveData
                0x00000000080032a0                USART_SendBreak
                0x00000000080032ac                USART_SetGuardTime
                0x00000000080032bc                USART_SetPrescaler
                0x00000000080032cc                USART_SmartCardCmd
                0x00000000080032e4                USART_SmartCardNACKCmd
                0x00000000080032fc                USART_HalfDuplexCmd
                0x0000000008003314                USART_OverSampling8Cmd
                0x0000000008003328                USART_OneBitMethodCmd
                0x0000000008003340                USART_IrDAConfig
                0x0000000008003354                USART_IrDACmd
                0x000000000800336c                USART_GetFlagStatus
                0x0000000008003378                USART_ClearFlag
                0x0000000008003380                USART_GetITStatus
                0x00000000080033c4                USART_ClearITPendingBit
 .text          0x00000000080033d4      0x378 /opt/toolchains/gcc-arm-none-eabi-7-2018-q2-update/bin/../lib/gcc/arm-none-eabi/7.3.1/thumb/v7-m/libgcc.a(_arm_addsubdf3.o)
                0x00000000080033d4                __aeabi_drsub
                0x00000000080033dc                __aeabi_dsub
                0x00000000080033dc                __subdf3
                0x00000000080033e0                __adddf3
                0x00000000080033e0                __aeabi_dadd
                0x0000000008003658                __aeabi_ui2d
                0x0000000008003658                __floatunsidf
                0x0000000008003678                __floatsidf
                0x0000000008003678                __aeabi_i2d
                0x000000000800369c                __extendsfdf2
                0x000000000800369c                __aeabi_f2d
                0x00000000080036e0                __aeabi_ul2d
                0x00000000080036e0                __floatundidf
                0x00000000080036f0                __floatdidf
                0x00000000080036f0                __aeabi_l2d
 .text          0x000000000800374c      0x424 /opt/toolchains/gcc-arm-none-eabi-7-2018-q2-update/bin/../lib/gcc/arm-none-eabi/7.3.1/thumb/v7-m/libgcc.a(_arm_muldivdf3.o)
                0x000000000800374c                __aeabi_dmul
                0x000000000800374c                __muldf3
                0x00000000080039a0                __aeabi_ddiv
                0x00000000080039a0                __divdf3
 .text          0x0000000008003b70       0xec /opt/toolchains/gcc-arm-none-eabi-7-2018-q2-update/bin/../lib/gcc/arm-none-eabi/7.3.1/../../../../arm-none-eabi/lib/thumb/v7-m/libg.a(lib_a-memcpy.o)
                0x0000000008003b70                memcpy
 .text          0x0000000008003c5c      0x110 /opt/toolchains/gcc-arm-none-eabi-7-2018-q2-update/bin/../lib/gcc/arm-none-eabi/7.3.1/thumb/v7-m/libgcc.a(_arm_cmpdf2.o)
                0x0000000008003c5c                __gtdf2
                0x0000000008003c5c                __gedf2
                0x0000000008003c64                __ltdf2
                0x0000000008003c64                __ledf2
                0x0000000008003c6c                __cmpdf2
                0x0000000008003c6c                __eqdf2
                0x0000000008003c6c                __nedf2
                0x0000000008003ce8                __aeabi_cdrcmple
                0x0000000008003cf8                __aeabi_cdcmple
                0x0000000008003cf8                __aeabi_cdcmpeq
                0x0000000008003d08                __aeabi_dcmpeq
                0x0000000008003d1c                __aeabi_dcmplt
                0x0000000008003d30                __aeabi_dcmple
                0x0000000008003d44                __aeabi_dcmpge
                0x0000000008003d58                __aeabi_dcmpgt
 .text          0x0000000008003d6c       0x2c /opt/toolchains/gcc-arm-none-eabi-7-2018-q2-update/bin/../lib/gcc/arm-none-eabi/7.3.1/thumb/v7-m/libgcc.a(_arm_unorddf2.o)
                0x0000000008003d6c                __aeabi_dcmpun
                0x0000000008003d6c                __unorddf2
 .text          0x0000000008003d98       0x50 /opt/toolchains/gcc-arm-none-eabi-7-2018-q2-update/bin/../lib/gcc/arm-none-eabi/7.3.1/thumb/v7-m/libgcc.a(_arm_fixdfsi.o)
                0x0000000008003d98                __fixdfsi
                0x0000000008003d98                __aeabi_d2iz
 .text          0x0000000008003de8       0x30 /opt/toolchains/gcc-arm-none-eabi-7-2018-q2-update/bin/../lib/gcc/arm-none-eabi/7.3.1/thumb/v7-m/libgcc.a(_aeabi_uldivmod.o)
                0x0000000008003de8                __aeabi_uldivmod
 .text          0x0000000008003e18      0x2d0 /opt/toolchains/gcc-arm-none-eabi-7-2018-q2-update/bin/../lib/gcc/arm-none-eabi/7.3.1/thumb/v7-m/libgcc.a(_udivmoddi4.o)
                0x0000000008003e18                __udivmoddi4
 .text          0x00000000080040e8        0x4 /opt/toolchains/gcc-arm-none-eabi-7-2018-q2-update/bin/../lib/gcc/arm-none-eabi/7.3.1/thumb/v7-m/libgcc.a(_dvmd_tls.o)
                0x00000000080040e8                __aeabi_ldiv0
                0x00000000080040e8                __aeabi_idiv0
 *(.text*)
 .text.__libc_init_array
                0x00000000080040ec       0x48 /opt/toolchains/gcc-arm-none-eabi-7-2018-q2-update/bin/../lib/gcc/arm-none-eabi/7.3.1/../../../../arm-none-eabi/lib/thumb/v7-m/libc.a(lib_a-init.o)
                0x00000000080040ec                __libc_init_array
 .text.memset   0x0000000008004134       0x94 /opt/toolchains/gcc-arm-none-eabi-7-2018-q2-update/bin/../lib/gcc/arm-none-eabi/7.3.1/../../../../arm-none-eabi/lib/thumb/v7-m/libc.a(lib_a-memset.o)
                0x0000000008004134                memset
 .text.startup.register_fini
                0x00000000080041c8       0x14 /opt/toolchains/gcc-arm-none-eabi-7-2018-q2-update/bin/../lib/gcc/arm-none-eabi/7.3.1/../../../../arm-none-eabi/lib/thumb/v7-m/libc.a(lib_a-__call_atexit.o)
 .text.atexit   0x00000000080041dc        0xc /opt/toolchains/gcc-arm-none-eabi-7-2018-q2-update/bin/../lib/gcc/arm-none-eabi/7.3.1/../../../../arm-none-eabi/lib/thumb/v7-m/libc.a(lib_a-atexit.o)
                0x00000000080041dc                atexit
 .text.__libc_fini_array
                0x00000000080041e8       0x34 /opt/toolchains/gcc-arm-none-eabi-7-2018-q2-update/bin/../lib/gcc/arm-none-eabi/7.3.1/../../../../arm-none-eabi/lib/thumb/v7-m/libc.a(lib_a-fini.o)
                0x00000000080041e8                __libc_fini_array
 .text.__retarget_lock_init_recursive
                0x000000000800421c        0x4 /opt/toolchains/gcc-arm-none-eabi-7-2018-q2-update/bin/../lib/gcc/arm-none-eabi/7.3.1/../../../../arm-none-eabi/lib/thumb/v7-m/libc.a(lib_a-lock.o)
                0x000000000800421c                __retarget_lock_init_recursive
 .text.__retarget_lock_close_recursive
                0x0000000008004220        0x4 /opt/toolchains/gcc-arm-none-eabi-7-2018-q2-update/bin/../lib/gcc/arm-none-eabi/7.3.1/../../../../arm-none-eabi/lib/thumb/v7-m/libc.a(lib_a-lock.o)
                0x0000000008004220                __retarget_lock_close_recursive
 .text.__retarget_lock_acquire_recursive
                0x0000000008004224        0x4 /opt/toolchains/gcc-arm-none-eabi-7-2018-q2-update/bin/../lib/gcc/arm-none-eabi/7.3.1/../../../../arm-none-eabi/lib/thumb/v7-m/libc.a(lib_a-lock.o)
                0x0000000008004224                __retarget_lock_acquire_recursive
 .text.__retarget_lock_release_recursive
                0x0000000008004228        0x4 /opt/toolchains/gcc-arm-none-eabi-7-2018-q2-update/bin/../lib/gcc/arm-none-eabi/7.3.1/../../../../arm-none-eabi/lib/thumb/v7-m/libc.a(lib_a-lock.o)
                0x0000000008004228                __retarget_lock_release_recursive
 .text.__register_exitproc
                0x000000000800422c       0xc0 /opt/toolchains/gcc-arm-none-eabi-7-2018-q2-update/bin/../lib/gcc/arm-none-eabi/7.3.1/../../../../arm-none-eabi/lib/thumb/v7-m/libc.a(lib_a-__atexit.o)
                0x000000000800422c                __register_exitproc
 .text.startup  0x00000000080042ec      0x2c4 CMakeFiles/stm32-neural-network.elf.dir/main.c.obj
                0x00000000080042ec                main
 .text.Reset_Handler
                0x00000000080045b0       0x48 CMakeFiles/stm32-neural-network.elf.dir/__/config/startup_stm32f10x_md.s.obj
                0x00000000080045b0                Reset_Handler
 .text.Default_Handler
                0x00000000080045f8        0x2 CMakeFiles/stm32-neural-network.elf.dir/__/config/startup_stm32f10x_md.s.obj
                0x00000000080045f8                EXTI2_IRQHandler
                0x00000000080045f8                TIM1_CC_IRQHandler
                0x00000000080045f8                PVD_IRQHandler
                0x00000000080045f8                EXTI3_IRQHandler
                0x00000000080045f8                EXTI0_IRQHandler
                0x00000000080045f8                ADC1_2_IRQHandler
                0x00000000080045f8                SPI1_IRQHandler
                0x00000000080045f8                TAMPER_IRQHandler
                0x00000000080045f8                USART3_IRQHandler
                0x00000000080045f8                RTC_IRQHandler
                0x00000000080045f8                DMA1_Channel7_IRQHandler
                0x00000000080045f8                CAN1_RX1_IRQHandler
                0x00000000080045f8                TIM4_IRQHandler
                0x00000000080045f8                DMA1_Channel6_IRQHandler
                0x00000000080045f8                TIM3_IRQHandler
                0x00000000080045f8                RCC_IRQHandler
                0x00000000080045f8                TIM1_TRG_COM_IRQHandler
                0x00000000080045f8                DMA1_Channel1_IRQHandler
                0x00000000080045f8                Default_Handler
                0x00000000080045f8                EXTI15_10_IRQHandler
                0x00000000080045f8                EXTI9_5_IRQHandler
                0x00000000080045f8                SPI2_IRQHandler
                0x00000000080045f8                DMA1_Channel5_IRQHandler
                0x00000000080045f8                EXTI4_IRQHandler
                0x00000000080045f8                USB_LP_CAN1_RX0_IRQHandler
                0x00000000080045f8                USB_HP_CAN1_TX_IRQHandler
                0x00000000080045f8                TIM1_UP_IRQHandler
                0x00000000080045f8                WWDG_IRQHandler
                0x00000000080045f8                TIM2_IRQHandler
                0x00000000080045f8                TIM1_BRK_IRQHandler
                0x00000000080045f8                EXTI1_IRQHandler
                0x00000000080045f8                RTCAlarm_IRQHandler
                0x00000000080045f8                CAN1_SCE_IRQHandler
                0x00000000080045f8                FLASH_IRQHandler
                0x00000000080045f8                USBWakeUp_IRQHandler
 *fill*         0x00000000080045fa        0x2 
 .text.__errno  0x00000000080045fc        0xc /opt/toolchains/gcc-arm-none-eabi-7-2018-q2-update/bin/../lib/gcc/arm-none-eabi/7.3.1/../../../../arm-none-eabi/lib/thumb/v7-m/libg.a(lib_a-errno.o)
                0x00000000080045fc                __errno
 .text.malloc   0x0000000008004608       0x10 /opt/toolchains/gcc-arm-none-eabi-7-2018-q2-update/bin/../lib/gcc/arm-none-eabi/7.3.1/../../../../arm-none-eabi/lib/thumb/v7-m/libg.a(lib_a-malloc.o)
                0x0000000008004608                malloc
 .text.free     0x0000000008004618       0x10 /opt/toolchains/gcc-arm-none-eabi-7-2018-q2-update/bin/../lib/gcc/arm-none-eabi/7.3.1/../../../../arm-none-eabi/lib/thumb/v7-m/libg.a(lib_a-malloc.o)
                0x0000000008004618                free
 .text._malloc_r
                0x0000000008004628      0x524 /opt/toolchains/gcc-arm-none-eabi-7-2018-q2-update/bin/../lib/gcc/arm-none-eabi/7.3.1/../../../../arm-none-eabi/lib/thumb/v7-m/libg.a(lib_a-mallocr.o)
                0x0000000008004628                _malloc_r
 .text.__malloc_lock
                0x0000000008004b4c        0xc /opt/toolchains/gcc-arm-none-eabi-7-2018-q2-update/bin/../lib/gcc/arm-none-eabi/7.3.1/../../../../arm-none-eabi/lib/thumb/v7-m/libg.a(lib_a-mlock.o)
                0x0000000008004b4c                __malloc_lock
 .text.__malloc_unlock
                0x0000000008004b58        0xc /opt/toolchains/gcc-arm-none-eabi-7-2018-q2-update/bin/../lib/gcc/arm-none-eabi/7.3.1/../../../../arm-none-eabi/lib/thumb/v7-m/libg.a(lib_a-mlock.o)
                0x0000000008004b58                __malloc_unlock
 .text.printf   0x0000000008004b64       0x28 /opt/toolchains/gcc-arm-none-eabi-7-2018-q2-update/bin/../lib/gcc/arm-none-eabi/7.3.1/../../../../arm-none-eabi/lib/thumb/v7-m/libg.a(lib_a-printf.o)
                0x0000000008004b64                printf
 .text.putchar  0x0000000008004b8c       0x10 /opt/toolchains/gcc-arm-none-eabi-7-2018-q2-update/bin/../lib/gcc/arm-none-eabi/7.3.1/../../../../arm-none-eabi/lib/thumb/v7-m/libg.a(lib_a-putchar.o)
                0x0000000008004b8c                putchar
 .text._puts_r  0x0000000008004b9c       0x9c /opt/toolchains/gcc-arm-none-eabi-7-2018-q2-update/bin/../lib/gcc/arm-none-eabi/7.3.1/../../../../arm-none-eabi/lib/thumb/v7-m/libg.a(lib_a-puts.o)
                0x0000000008004b9c                _puts_r
 .text.puts     0x0000000008004c38       0x10 /opt/toolchains/gcc-arm-none-eabi-7-2018-q2-update/bin/../lib/gcc/arm-none-eabi/7.3.1/../../../../arm-none-eabi/lib/thumb/v7-m/libg.a(lib_a-puts.o)
                0x0000000008004c38                puts
 .text._sbrk_r  0x0000000008004c48       0x24 /opt/toolchains/gcc-arm-none-eabi-7-2018-q2-update/bin/../lib/gcc/arm-none-eabi/7.3.1/../../../../arm-none-eabi/lib/thumb/v7-m/libg.a(lib_a-sbrkr.o)
                0x0000000008004c48                _sbrk_r
 .text.strlen   0x0000000008004c6c       0x5c /opt/toolchains/gcc-arm-none-eabi-7-2018-q2-update/bin/../lib/gcc/arm-none-eabi/7.3.1/../../../../arm-none-eabi/lib/thumb/v7-m/libg.a(lib_a-strlen-stub.o)
                0x0000000008004c6c                strlen
 .text.strncmp  0x0000000008004cc8       0x94 /opt/toolchains/gcc-arm-none-eabi-7-2018-q2-update/bin/../lib/gcc/arm-none-eabi/7.3.1/../../../../arm-none-eabi/lib/thumb/v7-m/libg.a(lib_a-strncmp.o)
                0x0000000008004cc8                strncmp
 .text._vfprintf_r
                0x0000000008004d5c     0x1ac0 /opt/toolchains/gcc-arm-none-eabi-7-2018-q2-update/bin/../lib/gcc/arm-none-eabi/7.3.1/../../../../arm-none-eabi/lib/thumb/v7-m/libg.a(lib_a-vfprintf.o)
                0x0000000008004d5c                _vfprintf_r
 .text.__sbprintf
                0x000000000800681c       0x88 /opt/toolchains/gcc-arm-none-eabi-7-2018-q2-update/bin/../lib/gcc/arm-none-eabi/7.3.1/../../../../arm-none-eabi/lib/thumb/v7-m/libg.a(lib_a-vfprintf.o)
 .text.__swsetup_r
                0x00000000080068a4       0xcc /opt/toolchains/gcc-arm-none-eabi-7-2018-q2-update/bin/../lib/gcc/arm-none-eabi/7.3.1/../../../../arm-none-eabi/lib/thumb/v7-m/libg.a(lib_a-wsetup.o)
                0x00000000080068a4                __swsetup_r
 .text.quorem   0x0000000008006970      0x124 /opt/toolchains/gcc-arm-none-eabi-7-2018-q2-update/bin/../lib/gcc/arm-none-eabi/7.3.1/../../../../arm-none-eabi/lib/thumb/v7-m/libg.a(lib_a-dtoa.o)
 *fill*         0x0000000008006a94        0x4 
 .text._dtoa_r  0x0000000008006a98      0xe30 /opt/toolchains/gcc-arm-none-eabi-7-2018-q2-update/bin/../lib/gcc/arm-none-eabi/7.3.1/../../../../arm-none-eabi/lib/thumb/v7-m/libg.a(lib_a-dtoa.o)
                0x0000000008006a98                _dtoa_r
 .text.__sflush_r
                0x00000000080078c8      0x154 /opt/toolchains/gcc-arm-none-eabi-7-2018-q2-update/bin/../lib/gcc/arm-none-eabi/7.3.1/../../../../arm-none-eabi/lib/thumb/v7-m/libg.a(lib_a-fflush.o)
                0x00000000080078c8                __sflush_r
 .text._fflush_r
                0x0000000008007a1c       0x5c /opt/toolchains/gcc-arm-none-eabi-7-2018-q2-update/bin/../lib/gcc/arm-none-eabi/7.3.1/../../../../arm-none-eabi/lib/thumb/v7-m/libg.a(lib_a-fflush.o)
                0x0000000008007a1c                _fflush_r
 .text.std      0x0000000008007a78       0x50 /opt/toolchains/gcc-arm-none-eabi-7-2018-q2-update/bin/../lib/gcc/arm-none-eabi/7.3.1/../../../../arm-none-eabi/lib/thumb/v7-m/libg.a(lib_a-findfp.o)
 .text._cleanup_r
                0x0000000008007ac8        0xc /opt/toolchains/gcc-arm-none-eabi-7-2018-q2-update/bin/../lib/gcc/arm-none-eabi/7.3.1/../../../../arm-none-eabi/lib/thumb/v7-m/libg.a(lib_a-findfp.o)
                0x0000000008007ac8                _cleanup_r
 .text.__sinit  0x0000000008007ad4       0x60 /opt/toolchains/gcc-arm-none-eabi-7-2018-q2-update/bin/../lib/gcc/arm-none-eabi/7.3.1/../../../../arm-none-eabi/lib/thumb/v7-m/libg.a(lib_a-findfp.o)
                0x0000000008007ad4                __sinit
 .text.__sfp_lock_acquire
                0x0000000008007b34        0xc /opt/toolchains/gcc-arm-none-eabi-7-2018-q2-update/bin/../lib/gcc/arm-none-eabi/7.3.1/../../../../arm-none-eabi/lib/thumb/v7-m/libg.a(lib_a-findfp.o)
                0x0000000008007b34                __sfp_lock_acquire
 .text.__sfp_lock_release
                0x0000000008007b40        0xc /opt/toolchains/gcc-arm-none-eabi-7-2018-q2-update/bin/../lib/gcc/arm-none-eabi/7.3.1/../../../../arm-none-eabi/lib/thumb/v7-m/libg.a(lib_a-findfp.o)
                0x0000000008007b40                __sfp_lock_release
 .text._malloc_trim_r
                0x0000000008007b4c       0xa0 /opt/toolchains/gcc-arm-none-eabi-7-2018-q2-update/bin/../lib/gcc/arm-none-eabi/7.3.1/../../../../arm-none-eabi/lib/thumb/v7-m/libg.a(lib_a-freer.o)
                0x0000000008007b4c                _malloc_trim_r
 .text._free_r  0x0000000008007bec      0x1e8 /opt/toolchains/gcc-arm-none-eabi-7-2018-q2-update/bin/../lib/gcc/arm-none-eabi/7.3.1/../../../../arm-none-eabi/lib/thumb/v7-m/libg.a(lib_a-freer.o)
                0x0000000008007bec                _free_r
 .text.__sfvwrite_r
                0x0000000008007dd4      0x2f4 /opt/toolchains/gcc-arm-none-eabi-7-2018-q2-update/bin/../lib/gcc/arm-none-eabi/7.3.1/../../../../arm-none-eabi/lib/thumb/v7-m/libg.a(lib_a-fvwrite.o)
                0x0000000008007dd4                __sfvwrite_r
 .text._fwalk_reent
                0x00000000080080c8       0x50 /opt/toolchains/gcc-arm-none-eabi-7-2018-q2-update/bin/../lib/gcc/arm-none-eabi/7.3.1/../../../../arm-none-eabi/lib/thumb/v7-m/libg.a(lib_a-fwalk.o)
                0x00000000080080c8                _fwalk_reent
 .text._localeconv_r
                0x0000000008008118       0x1c /opt/toolchains/gcc-arm-none-eabi-7-2018-q2-update/bin/../lib/gcc/arm-none-eabi/7.3.1/../../../../arm-none-eabi/lib/thumb/v7-m/libg.a(lib_a-localeconv.o)
                0x0000000008008118                _localeconv_r
 .text.__swhatbuf_r
                0x0000000008008134       0x5c /opt/toolchains/gcc-arm-none-eabi-7-2018-q2-update/bin/../lib/gcc/arm-none-eabi/7.3.1/../../../../arm-none-eabi/lib/thumb/v7-m/libg.a(lib_a-makebuf.o)
                0x0000000008008134                __swhatbuf_r
 .text.__smakebuf_r
                0x0000000008008190       0x94 /opt/toolchains/gcc-arm-none-eabi-7-2018-q2-update/bin/../lib/gcc/arm-none-eabi/7.3.1/../../../../arm-none-eabi/lib/thumb/v7-m/libg.a(lib_a-makebuf.o)
                0x0000000008008190                __smakebuf_r
 .text.memchr   0x0000000008008224       0x8c /opt/toolchains/gcc-arm-none-eabi-7-2018-q2-update/bin/../lib/gcc/arm-none-eabi/7.3.1/../../../../arm-none-eabi/lib/thumb/v7-m/libg.a(lib_a-memchr-stub.o)
                0x0000000008008224                memchr
 .text.memmove  0x00000000080082b0       0xc4 /opt/toolchains/gcc-arm-none-eabi-7-2018-q2-update/bin/../lib/gcc/arm-none-eabi/7.3.1/../../../../arm-none-eabi/lib/thumb/v7-m/libg.a(lib_a-memmove.o)
                0x00000000080082b0                memmove
 .text._Balloc  0x0000000008008374       0x4c /opt/toolchains/gcc-arm-none-eabi-7-2018-q2-update/bin/../lib/gcc/arm-none-eabi/7.3.1/../../../../arm-none-eabi/lib/thumb/v7-m/libg.a(lib_a-mprec.o)
                0x0000000008008374                _Balloc
 .text._Bfree   0x00000000080083c0       0x14 /opt/toolchains/gcc-arm-none-eabi-7-2018-q2-update/bin/../lib/gcc/arm-none-eabi/7.3.1/../../../../arm-none-eabi/lib/thumb/v7-m/libg.a(lib_a-mprec.o)
                0x00000000080083c0                _Bfree
 .text.__multadd
                0x00000000080083d4       0x84 /opt/toolchains/gcc-arm-none-eabi-7-2018-q2-update/bin/../lib/gcc/arm-none-eabi/7.3.1/../../../../arm-none-eabi/lib/thumb/v7-m/libg.a(lib_a-mprec.o)
                0x00000000080083d4                __multadd
 .text.__hi0bits
                0x0000000008008458       0x40 /opt/toolchains/gcc-arm-none-eabi-7-2018-q2-update/bin/../lib/gcc/arm-none-eabi/7.3.1/../../../../arm-none-eabi/lib/thumb/v7-m/libg.a(lib_a-mprec.o)
                0x0000000008008458                __hi0bits
 .text.__lo0bits
                0x0000000008008498       0x60 /opt/toolchains/gcc-arm-none-eabi-7-2018-q2-update/bin/../lib/gcc/arm-none-eabi/7.3.1/../../../../arm-none-eabi/lib/thumb/v7-m/libg.a(lib_a-mprec.o)
                0x0000000008008498                __lo0bits
 .text.__i2b    0x00000000080084f8       0x14 /opt/toolchains/gcc-arm-none-eabi-7-2018-q2-update/bin/../lib/gcc/arm-none-eabi/7.3.1/../../../../arm-none-eabi/lib/thumb/v7-m/libg.a(lib_a-mprec.o)
                0x00000000080084f8                __i2b
 .text.__multiply
                0x000000000800850c      0x14c /opt/toolchains/gcc-arm-none-eabi-7-2018-q2-update/bin/../lib/gcc/arm-none-eabi/7.3.1/../../../../arm-none-eabi/lib/thumb/v7-m/libg.a(lib_a-mprec.o)
                0x000000000800850c                __multiply
 .text.__pow5mult
                0x0000000008008658       0xa0 /opt/toolchains/gcc-arm-none-eabi-7-2018-q2-update/bin/../lib/gcc/arm-none-eabi/7.3.1/../../../../arm-none-eabi/lib/thumb/v7-m/libg.a(lib_a-mprec.o)
                0x0000000008008658                __pow5mult
 .text.__lshift
                0x00000000080086f8       0xb4 /opt/toolchains/gcc-arm-none-eabi-7-2018-q2-update/bin/../lib/gcc/arm-none-eabi/7.3.1/../../../../arm-none-eabi/lib/thumb/v7-m/libg.a(lib_a-mprec.o)
                0x00000000080086f8                __lshift
 .text.__mcmp   0x00000000080087ac       0x38 /opt/toolchains/gcc-arm-none-eabi-7-2018-q2-update/bin/../lib/gcc/arm-none-eabi/7.3.1/../../../../arm-none-eabi/lib/thumb/v7-m/libg.a(lib_a-mprec.o)
                0x00000000080087ac                __mcmp
 .text.__mdiff  0x00000000080087e4      0x100 /opt/toolchains/gcc-arm-none-eabi-7-2018-q2-update/bin/../lib/gcc/arm-none-eabi/7.3.1/../../../../arm-none-eabi/lib/thumb/v7-m/libg.a(lib_a-mprec.o)
                0x00000000080087e4                __mdiff
 .text.__d2b    0x00000000080088e4       0xb0 /opt/toolchains/gcc-arm-none-eabi-7-2018-q2-update/bin/../lib/gcc/arm-none-eabi/7.3.1/../../../../arm-none-eabi/lib/thumb/v7-m/libg.a(lib_a-mprec.o)
                0x00000000080088e4                __d2b
 .text._putc_r  0x0000000008008994       0x70 /opt/toolchains/gcc-arm-none-eabi-7-2018-q2-update/bin/../lib/gcc/arm-none-eabi/7.3.1/../../../../arm-none-eabi/lib/thumb/v7-m/libg.a(lib_a-putc.o)
                0x0000000008008994                _putc_r
 .text._realloc_r
                0x0000000008008a04      0x374 /opt/toolchains/gcc-arm-none-eabi-7-2018-q2-update/bin/../lib/gcc/arm-none-eabi/7.3.1/../../../../arm-none-eabi/lib/thumb/v7-m/libg.a(lib_a-reallocr.o)
                0x0000000008008a04                _realloc_r
 .text.frexp    0x0000000008008d78       0x64 /opt/toolchains/gcc-arm-none-eabi-7-2018-q2-update/bin/../lib/gcc/arm-none-eabi/7.3.1/../../../../arm-none-eabi/lib/thumb/v7-m/libg.a(lib_a-s_frexp.o)
                0x0000000008008d78                frexp
 .text.__sread  0x0000000008008ddc       0x24 /opt/toolchains/gcc-arm-none-eabi-7-2018-q2-update/bin/../lib/gcc/arm-none-eabi/7.3.1/../../../../arm-none-eabi/lib/thumb/v7-m/libg.a(lib_a-stdio.o)
                0x0000000008008ddc                __sread
 .text.__swrite
                0x0000000008008e00       0x3c /opt/toolchains/gcc-arm-none-eabi-7-2018-q2-update/bin/../lib/gcc/arm-none-eabi/7.3.1/../../../../arm-none-eabi/lib/thumb/v7-m/libg.a(lib_a-stdio.o)
                0x0000000008008e00                __swrite
 .text.__sseek  0x0000000008008e3c       0x20 /opt/toolchains/gcc-arm-none-eabi-7-2018-q2-update/bin/../lib/gcc/arm-none-eabi/7.3.1/../../../../arm-none-eabi/lib/thumb/v7-m/libg.a(lib_a-stdio.o)
                0x0000000008008e3c                __sseek
 .text.__sclose
                0x0000000008008e5c        0x8 /opt/toolchains/gcc-arm-none-eabi-7-2018-q2-update/bin/../lib/gcc/arm-none-eabi/7.3.1/../../../../arm-none-eabi/lib/thumb/v7-m/libg.a(lib_a-stdio.o)
                0x0000000008008e5c                __sclose
 .text.strncpy  0x0000000008008e64       0x64 /opt/toolchains/gcc-arm-none-eabi-7-2018-q2-update/bin/../lib/gcc/arm-none-eabi/7.3.1/../../../../arm-none-eabi/lib/thumb/v7-m/libg.a(lib_a-strncpy.o)
                0x0000000008008e64                strncpy
 .text.__sprint_r.part.0
                0x0000000008008ec8       0x78 /opt/toolchains/gcc-arm-none-eabi-7-2018-q2-update/bin/../lib/gcc/arm-none-eabi/7.3.1/../../../../arm-none-eabi/lib/thumb/v7-m/libg.a(lib_a-vfiprintf.o)
 .text.__sprint_r
                0x0000000008008f40       0x14 /opt/toolchains/gcc-arm-none-eabi-7-2018-q2-update/bin/../lib/gcc/arm-none-eabi/7.3.1/../../../../arm-none-eabi/lib/thumb/v7-m/libg.a(lib_a-vfiprintf.o)
                0x0000000008008f40                __sprint_r
 .text.__swbuf_r
                0x0000000008008f54       0xb0 /opt/toolchains/gcc-arm-none-eabi-7-2018-q2-update/bin/../lib/gcc/arm-none-eabi/7.3.1/../../../../arm-none-eabi/lib/thumb/v7-m/libg.a(lib_a-wbuf.o)
                0x0000000008008f54                __swbuf_r
 .text._write_r
                0x0000000008009004       0x2c /opt/toolchains/gcc-arm-none-eabi-7-2018-q2-update/bin/../lib/gcc/arm-none-eabi/7.3.1/../../../../arm-none-eabi/lib/thumb/v7-m/libg.a(lib_a-writer.o)
                0x0000000008009004                _write_r
 .text._calloc_r
                0x0000000008009030       0x6c /opt/toolchains/gcc-arm-none-eabi-7-2018-q2-update/bin/../lib/gcc/arm-none-eabi/7.3.1/../../../../arm-none-eabi/lib/thumb/v7-m/libg.a(lib_a-callocr.o)
                0x0000000008009030                _calloc_r
 .text._close_r
                0x000000000800909c       0x24 /opt/toolchains/gcc-arm-none-eabi-7-2018-q2-update/bin/../lib/gcc/arm-none-eabi/7.3.1/../../../../arm-none-eabi/lib/thumb/v7-m/libg.a(lib_a-closer.o)
                0x000000000800909c                _close_r
 .text._fclose_r
                0x00000000080090c0       0xd0 /opt/toolchains/gcc-arm-none-eabi-7-2018-q2-update/bin/../lib/gcc/arm-none-eabi/7.3.1/../../../../arm-none-eabi/lib/thumb/v7-m/libg.a(lib_a-fclose.o)
                0x00000000080090c0                _fclose_r
 .text.__fputwc
                0x0000000008009190       0x94 /opt/toolchains/gcc-arm-none-eabi-7-2018-q2-update/bin/../lib/gcc/arm-none-eabi/7.3.1/../../../../arm-none-eabi/lib/thumb/v7-m/libg.a(lib_a-fputwc.o)
                0x0000000008009190                __fputwc
 .text._fputwc_r
                0x0000000008009224       0x64 /opt/toolchains/gcc-arm-none-eabi-7-2018-q2-update/bin/../lib/gcc/arm-none-eabi/7.3.1/../../../../arm-none-eabi/lib/thumb/v7-m/libg.a(lib_a-fputwc.o)
                0x0000000008009224                _fputwc_r
 .text._fstat_r
                0x0000000008009288       0x28 /opt/toolchains/gcc-arm-none-eabi-7-2018-q2-update/bin/../lib/gcc/arm-none-eabi/7.3.1/../../../../arm-none-eabi/lib/thumb/v7-m/libg.a(lib_a-fstatr.o)
                0x0000000008009288                _fstat_r
 .text._isatty_r
                0x00000000080092b0       0x24 /opt/toolchains/gcc-arm-none-eabi-7-2018-q2-update/bin/../lib/gcc/arm-none-eabi/7.3.1/../../../../arm-none-eabi/lib/thumb/v7-m/libg.a(lib_a-isattyr.o)
                0x00000000080092b0                _isatty_r
 .text.__locale_mb_cur_max
                0x00000000080092d4       0x1c /opt/toolchains/gcc-arm-none-eabi-7-2018-q2-update/bin/../lib/gcc/arm-none-eabi/7.3.1/../../../../arm-none-eabi/lib/thumb/v7-m/libg.a(lib_a-locale.o)
                0x00000000080092d4                __locale_mb_cur_max
 .text._lseek_r
                0x00000000080092f0       0x2c /opt/toolchains/gcc-arm-none-eabi-7-2018-q2-update/bin/../lib/gcc/arm-none-eabi/7.3.1/../../../../arm-none-eabi/lib/thumb/v7-m/libg.a(lib_a-lseekr.o)
                0x00000000080092f0                _lseek_r
 .text.__ascii_mbtowc
                0x000000000800931c       0x2c /opt/toolchains/gcc-arm-none-eabi-7-2018-q2-update/bin/../lib/gcc/arm-none-eabi/7.3.1/../../../../arm-none-eabi/lib/thumb/v7-m/libg.a(lib_a-mbtowc_r.o)
                0x000000000800931c                __ascii_mbtowc
 .text._read_r  0x0000000008009348       0x2c /opt/toolchains/gcc-arm-none-eabi-7-2018-q2-update/bin/../lib/gcc/arm-none-eabi/7.3.1/../../../../arm-none-eabi/lib/thumb/v7-m/libg.a(lib_a-readr.o)
                0x0000000008009348                _read_r
 .text._wcrtomb_r
                0x0000000008009374       0x54 /opt/toolchains/gcc-arm-none-eabi-7-2018-q2-update/bin/../lib/gcc/arm-none-eabi/7.3.1/../../../../arm-none-eabi/lib/thumb/v7-m/libg.a(lib_a-wcrtomb.o)
                0x0000000008009374                _wcrtomb_r
 .text.__ascii_wctomb
                0x00000000080093c8       0x18 /opt/toolchains/gcc-arm-none-eabi-7-2018-q2-update/bin/../lib/gcc/arm-none-eabi/7.3.1/../../../../arm-none-eabi/lib/thumb/v7-m/libg.a(lib_a-wctomb_r.o)
                0x00000000080093c8                __ascii_wctomb
 .text.exp      0x00000000080093e0       0xf0 /opt/toolchains/gcc-arm-none-eabi-7-2018-q2-update/bin/../lib/gcc/arm-none-eabi/7.3.1/../../../../arm-none-eabi/lib/thumb/v7-m/libm.a(lib_a-w_exp.o)
                0x00000000080093e0                exp
 .text.__ieee754_exp
                0x00000000080094d0      0x30c /opt/toolchains/gcc-arm-none-eabi-7-2018-q2-update/bin/../lib/gcc/arm-none-eabi/7.3.1/../../../../arm-none-eabi/lib/thumb/v7-m/libm.a(lib_a-e_exp.o)
                0x00000000080094d0                __ieee754_exp
 .text.finite   0x00000000080097dc        0xc /opt/toolchains/gcc-arm-none-eabi-7-2018-q2-update/bin/../lib/gcc/arm-none-eabi/7.3.1/../../../../arm-none-eabi/lib/thumb/v7-m/libm.a(lib_a-s_finite.o)
                0x00000000080097dc                finite
 .text.matherr  0x00000000080097e8        0x4 /opt/toolchains/gcc-arm-none-eabi-7-2018-q2-update/bin/../lib/gcc/arm-none-eabi/7.3.1/../../../../arm-none-eabi/lib/thumb/v7-m/libm.a(lib_a-s_matherr.o)
                0x00000000080097e8                matherr
 *(.glue_7)
 .glue_7        0x00000000080097ec        0x0 linker stubs
 *(.glue_7t)
 .glue_7t       0x00000000080097ec        0x0 linker stubs
 *(.eh_frame)
 .eh_frame      0x00000000080097ec        0x0 /opt/toolchains/gcc-arm-none-eabi-7-2018-q2-update/bin/../lib/gcc/arm-none-eabi/7.3.1/thumb/v7-m/crtbegin.o
 *(.init)
 .init          0x00000000080097ec        0x4 /opt/toolchains/gcc-arm-none-eabi-7-2018-q2-update/bin/../lib/gcc/arm-none-eabi/7.3.1/thumb/v7-m/crti.o
                0x00000000080097ec                _init
 .init          0x00000000080097f0        0x8 /opt/toolchains/gcc-arm-none-eabi-7-2018-q2-update/bin/../lib/gcc/arm-none-eabi/7.3.1/thumb/v7-m/crtn.o
 *(.fini)
 .fini          0x00000000080097f8        0x4 /opt/toolchains/gcc-arm-none-eabi-7-2018-q2-update/bin/../lib/gcc/arm-none-eabi/7.3.1/thumb/v7-m/crti.o
                0x00000000080097f8                _fini
 .fini          0x00000000080097fc        0x8 /opt/toolchains/gcc-arm-none-eabi-7-2018-q2-update/bin/../lib/gcc/arm-none-eabi/7.3.1/thumb/v7-m/crtn.o
                0x0000000008009804                . = ALIGN (0x4)
                0x0000000008009804                _etext = .

.vfp11_veneer   0x0000000008009804        0x0
 .vfp11_veneer  0x0000000008009804        0x0 linker stubs

.v4_bx          0x0000000008009804        0x0
 .v4_bx         0x0000000008009804        0x0 linker stubs

.iplt           0x0000000008009804        0x0
 .iplt          0x0000000008009804        0x0 /opt/toolchains/gcc-arm-none-eabi-7-2018-q2-update/bin/../lib/gcc/arm-none-eabi/7.3.1/thumb/v7-m/crtbegin.o

.rodata         0x0000000008009808      0x440
                0x0000000008009808                . = ALIGN (0x4)
 *(.rodata)
 *(.rodata*)
 .rodata._global_impure_ptr
                0x0000000008009808        0x4 /opt/toolchains/gcc-arm-none-eabi-7-2018-q2-update/bin/../lib/gcc/arm-none-eabi/7.3.1/../../../../arm-none-eabi/lib/thumb/v7-m/libc.a(lib_a-impure.o)
                0x0000000008009808                _global_impure_ptr
 .rodata.str1.4
                0x000000000800980c       0x56 CMakeFiles/stm32-neural-network.elf.dir/__/libs/stm32f1_dimtass_lib/src/dev_i2c.c.obj
 *fill*         0x0000000008009862        0x2 
 .rodata.str1.4
                0x0000000008009864       0x51 CMakeFiles/stm32-neural-network.elf.dir/__/libs/stm32f1_dimtass_lib/src/dev_spi_slave.c.obj
 *fill*         0x00000000080098b5        0x3 
 .rodata.str1.4
                0x00000000080098b8       0xa0 CMakeFiles/stm32-neural-network.elf.dir/main.c.obj
 .rodata.str1.4
                0x0000000008009958       0x2e CMakeFiles/stm32-neural-network.elf.dir/neural_network.c.obj
 .rodata._puts_r.str1.4
                0x0000000008009986       0x2e /opt/toolchains/gcc-arm-none-eabi-7-2018-q2-update/bin/../lib/gcc/arm-none-eabi/7.3.1/../../../../arm-none-eabi/lib/thumb/v7-m/libg.a(lib_a-puts.o)
                                          0x2 (size before relaxing)
 *fill*         0x0000000008009986        0x2 
 .rodata._vfprintf_r.str1.4
                0x0000000008009988       0x42 /opt/toolchains/gcc-arm-none-eabi-7-2018-q2-update/bin/../lib/gcc/arm-none-eabi/7.3.1/../../../../arm-none-eabi/lib/thumb/v7-m/libg.a(lib_a-vfprintf.o)
 *fill*         0x00000000080099ca        0x2 
 .rodata.blanks.7330
                0x00000000080099cc       0x10 /opt/toolchains/gcc-arm-none-eabi-7-2018-q2-update/bin/../lib/gcc/arm-none-eabi/7.3.1/../../../../arm-none-eabi/lib/thumb/v7-m/libg.a(lib_a-vfprintf.o)
 .rodata.zeroes.7331
                0x00000000080099dc       0x10 /opt/toolchains/gcc-arm-none-eabi-7-2018-q2-update/bin/../lib/gcc/arm-none-eabi/7.3.1/../../../../arm-none-eabi/lib/thumb/v7-m/libg.a(lib_a-vfprintf.o)
 .rodata._dtoa_r.str1.4
                0x00000000080099ec       0x10 /opt/toolchains/gcc-arm-none-eabi-7-2018-q2-update/bin/../lib/gcc/arm-none-eabi/7.3.1/../../../../arm-none-eabi/lib/thumb/v7-m/libg.a(lib_a-dtoa.o)
                                         0x12 (size before relaxing)
 *fill*         0x00000000080099fc        0x4 
 .rodata.__mprec_bigtens
                0x0000000008009a00       0x28 /opt/toolchains/gcc-arm-none-eabi-7-2018-q2-update/bin/../lib/gcc/arm-none-eabi/7.3.1/../../../../arm-none-eabi/lib/thumb/v7-m/libg.a(lib_a-mprec.o)
                0x0000000008009a00                __mprec_bigtens
 .rodata.__mprec_tens
                0x0000000008009a28       0xc8 /opt/toolchains/gcc-arm-none-eabi-7-2018-q2-update/bin/../lib/gcc/arm-none-eabi/7.3.1/../../../../arm-none-eabi/lib/thumb/v7-m/libg.a(lib_a-mprec.o)
                0x0000000008009a28                __mprec_tens
 .rodata.p05.6092
                0x0000000008009af0        0xc /opt/toolchains/gcc-arm-none-eabi-7-2018-q2-update/bin/../lib/gcc/arm-none-eabi/7.3.1/../../../../arm-none-eabi/lib/thumb/v7-m/libg.a(lib_a-mprec.o)
 .rodata._setlocale_r.str1.4
                0x0000000008009afc        0xa /opt/toolchains/gcc-arm-none-eabi-7-2018-q2-update/bin/../lib/gcc/arm-none-eabi/7.3.1/../../../../arm-none-eabi/lib/thumb/v7-m/libg.a(lib_a-locale.o)
                                          0xd (size before relaxing)
 *fill*         0x0000000008009b06        0x2 
 .rodata.str1.4
                0x0000000008009b08        0x2 /opt/toolchains/gcc-arm-none-eabi-7-2018-q2-update/bin/../lib/gcc/arm-none-eabi/7.3.1/../../../../arm-none-eabi/lib/thumb/v7-m/libg.a(lib_a-locale.o)
 *fill*         0x0000000008009b0a        0x2 
 .rodata._ctype_
                0x0000000008009b0c      0x101 /opt/toolchains/gcc-arm-none-eabi-7-2018-q2-update/bin/../lib/gcc/arm-none-eabi/7.3.1/../../../../arm-none-eabi/lib/thumb/v7-m/libg.a(lib_a-ctype_.o)
                0x0000000008009b0c                _ctype_
 *fill*         0x0000000008009c0d        0x3 
 .rodata.exp.str1.4
                0x0000000008009c10        0x4 /opt/toolchains/gcc-arm-none-eabi-7-2018-q2-update/bin/../lib/gcc/arm-none-eabi/7.3.1/../../../../arm-none-eabi/lib/thumb/v7-m/libm.a(lib_a-w_exp.o)
 *fill*         0x0000000008009c14        0x4 
 .rodata.halF   0x0000000008009c18       0x10 /opt/toolchains/gcc-arm-none-eabi-7-2018-q2-update/bin/../lib/gcc/arm-none-eabi/7.3.1/../../../../arm-none-eabi/lib/thumb/v7-m/libm.a(lib_a-e_exp.o)
 .rodata.ln2HI  0x0000000008009c28       0x10 /opt/toolchains/gcc-arm-none-eabi-7-2018-q2-update/bin/../lib/gcc/arm-none-eabi/7.3.1/../../../../arm-none-eabi/lib/thumb/v7-m/libm.a(lib_a-e_exp.o)
 .rodata.ln2LO  0x0000000008009c38       0x10 /opt/toolchains/gcc-arm-none-eabi-7-2018-q2-update/bin/../lib/gcc/arm-none-eabi/7.3.1/../../../../arm-none-eabi/lib/thumb/v7-m/libm.a(lib_a-e_exp.o)
                0x0000000008009c48                . = ALIGN (0x4)

.ARM.extab      0x0000000008009c48        0x0
                0x0000000008009c48                . = ALIGN (0x4)
 *(.ARM.extab* .gnu.linkonce.armextab.*)
                0x0000000008009c48                . = ALIGN (0x4)

.ARM            0x0000000008009c48        0x8
                0x0000000008009c48                . = ALIGN (0x4)
                0x0000000008009c48                __exidx_start = .
 *(.ARM.exidx*)
 .ARM.exidx     0x0000000008009c48        0x8 /opt/toolchains/gcc-arm-none-eabi-7-2018-q2-update/bin/../lib/gcc/arm-none-eabi/7.3.1/thumb/v7-m/libgcc.a(_udivmoddi4.o)
                0x0000000008009c50                __exidx_end = .
                0x0000000008009c50                . = ALIGN (0x4)

.rel.dyn        0x0000000008009c50        0x0
 .rel.iplt      0x0000000008009c50        0x0 /opt/toolchains/gcc-arm-none-eabi-7-2018-q2-update/bin/../lib/gcc/arm-none-eabi/7.3.1/thumb/v7-m/crtbegin.o

.preinit_array  0x0000000008009c50        0x0
                0x0000000008009c50                . = ALIGN (0x4)
                0x0000000008009c50                PROVIDE (__preinit_array_start = .)
 *(.preinit_array*)
                0x0000000008009c50                PROVIDE (__preinit_array_end = .)
                0x0000000008009c50                . = ALIGN (0x4)

.init_array     0x0000000008009c50        0x8
                0x0000000008009c50                . = ALIGN (0x4)
                0x0000000008009c50                PROVIDE (__init_array_start = .)
 *(SORT_BY_NAME(.init_array.*))
 .init_array.00000
                0x0000000008009c50        0x4 /opt/toolchains/gcc-arm-none-eabi-7-2018-q2-update/bin/../lib/gcc/arm-none-eabi/7.3.1/../../../../arm-none-eabi/lib/thumb/v7-m/libc.a(lib_a-__call_atexit.o)
 *(.init_array*)
 .init_array    0x0000000008009c54        0x4 /opt/toolchains/gcc-arm-none-eabi-7-2018-q2-update/bin/../lib/gcc/arm-none-eabi/7.3.1/thumb/v7-m/crtbegin.o
                0x0000000008009c58                PROVIDE (__init_array_end = .)
                0x0000000008009c58                . = ALIGN (0x4)

.fini_array     0x0000000008009c58        0x4
                0x0000000008009c58                . = ALIGN (0x4)
                0x0000000008009c58                PROVIDE (__fini_array_start = .)
 *(SORT_BY_NAME(.fini_array.*))
 *(.fini_array*)
 .fini_array    0x0000000008009c58        0x4 /opt/toolchains/gcc-arm-none-eabi-7-2018-q2-update/bin/../lib/gcc/arm-none-eabi/7.3.1/thumb/v7-m/crtbegin.o
                0x0000000008009c5c                PROVIDE (__fini_array_end = .)
                0x0000000008009c5c                . = ALIGN (0x4)
                0x0000000008009c5c                _sidata = LOADADDR (.data)

.data           0x0000000020000000      0xd74 load address 0x0000000008009c5c
                0x0000000020000000                . = ALIGN (0x4)
                0x0000000020000000                _sdata = .
 *(.data)
 .data          0x0000000020000000       0x20 CMakeFiles/stm32-neural-network.elf.dir/__/libs/stm32f1_dimtass_lib/src/dev_i2c.c.obj
                0x0000000020000000                i2c_list
 .data          0x0000000020000020      0x12c CMakeFiles/stm32-neural-network.elf.dir/__/libs/stm32f1_dimtass_lib/src/dev_spi_master.c.obj
 .data          0x000000002000014c      0x12c CMakeFiles/stm32-neural-network.elf.dir/__/libs/stm32f1_dimtass_lib/src/dev_spi_slave.c.obj
 .data          0x0000000020000278      0x124 CMakeFiles/stm32-neural-network.elf.dir/main.c.obj
                0x0000000020000278                weights
                0x0000000020000290                inputs
                0x0000000020000358                dbg_uart
 .data          0x000000002000039c       0x14 CMakeFiles/stm32-neural-network.elf.dir/system_stm32f10x.c.obj
                0x000000002000039c                AHBPrescTable
                0x00000000200003ac                SystemCoreClock
 .data          0x00000000200003b0       0x14 ../libstdperiph.a(stm32f10x_rcc.c.obj)
 *(.data*)
 .data._impure_ptr
                0x00000000200003c4        0x4 /opt/toolchains/gcc-arm-none-eabi-7-2018-q2-update/bin/../lib/gcc/arm-none-eabi/7.3.1/../../../../arm-none-eabi/lib/thumb/v7-m/libc.a(lib_a-impure.o)
                0x00000000200003c4                _impure_ptr
 .data.impure_data
                0x00000000200003c8      0x428 /opt/toolchains/gcc-arm-none-eabi-7-2018-q2-update/bin/../lib/gcc/arm-none-eabi/7.3.1/../../../../arm-none-eabi/lib/thumb/v7-m/libc.a(lib_a-impure.o)
 .data.__atexit_recursive_mutex
                0x00000000200007f0        0x4 /opt/toolchains/gcc-arm-none-eabi-7-2018-q2-update/bin/../lib/gcc/arm-none-eabi/7.3.1/../../../../arm-none-eabi/lib/thumb/v7-m/libc.a(lib_a-__call_atexit.o)
                0x00000000200007f0                __atexit_recursive_mutex
 .data.__malloc_av_
                0x00000000200007f4      0x408 /opt/toolchains/gcc-arm-none-eabi-7-2018-q2-update/bin/../lib/gcc/arm-none-eabi/7.3.1/../../../../arm-none-eabi/lib/thumb/v7-m/libg.a(lib_a-mallocr.o)
                0x00000000200007f4                __malloc_av_
 .data.__malloc_sbrk_base
                0x0000000020000bfc        0x4 /opt/toolchains/gcc-arm-none-eabi-7-2018-q2-update/bin/../lib/gcc/arm-none-eabi/7.3.1/../../../../arm-none-eabi/lib/thumb/v7-m/libg.a(lib_a-mallocr.o)
                0x0000000020000bfc                __malloc_sbrk_base
 .data.__malloc_trim_threshold
                0x0000000020000c00        0x4 /opt/toolchains/gcc-arm-none-eabi-7-2018-q2-update/bin/../lib/gcc/arm-none-eabi/7.3.1/../../../../arm-none-eabi/lib/thumb/v7-m/libg.a(lib_a-mallocr.o)
                0x0000000020000c00                __malloc_trim_threshold
 .data.__global_locale
                0x0000000020000c04      0x16c /opt/toolchains/gcc-arm-none-eabi-7-2018-q2-update/bin/../lib/gcc/arm-none-eabi/7.3.1/../../../../arm-none-eabi/lib/thumb/v7-m/libg.a(lib_a-locale.o)
                0x0000000020000c04                __global_locale
 .data.__fdlib_version
                0x0000000020000d70        0x1 /opt/toolchains/gcc-arm-none-eabi-7-2018-q2-update/bin/../lib/gcc/arm-none-eabi/7.3.1/../../../../arm-none-eabi/lib/thumb/v7-m/libm.a(lib_a-s_lib_ver.o)
                0x0000000020000d70                __fdlib_version
                0x0000000020000d74                . = ALIGN (0x4)
 *fill*         0x0000000020000d71        0x3 
                0x0000000020000d74                _edata = .

.igot.plt       0x0000000020000d74        0x0 load address 0x000000000800a9d0
 .igot.plt      0x0000000020000d74        0x0 /opt/toolchains/gcc-arm-none-eabi-7-2018-q2-update/bin/../lib/gcc/arm-none-eabi/7.3.1/thumb/v7-m/crtbegin.o
                0x0000000020000d74                . = ALIGN (0x4)

.bss            0x0000000020000d74       0xbc load address 0x000000000800a9d0
                0x0000000020000d74                _sbss = .
                0x0000000020000d74                __bss_start__ = _sbss
 *(.bss)
 .bss           0x0000000020000d74       0x1c /opt/toolchains/gcc-arm-none-eabi-7-2018-q2-update/bin/../lib/gcc/arm-none-eabi/7.3.1/thumb/v7-m/crtbegin.o
 .bss           0x0000000020000d90        0x8 CMakeFiles/stm32-neural-network.elf.dir/__/libs/stm32f1_dimtass_lib/src/dev_spi_slave.c.obj
 .bss           0x0000000020000d98        0x8 CMakeFiles/stm32-neural-network.elf.dir/__/libs/stm32f1_dimtass_lib/src/dev_uart.c.obj
 .bss           0x0000000020000da0        0x8 CMakeFiles/stm32-neural-network.elf.dir/syscalls.c.obj
                0x0000000020000da4                __env
 *(.bss*)
 .bss.__malloc_current_mallinfo
                0x0000000020000da8       0x28 /opt/toolchains/gcc-arm-none-eabi-7-2018-q2-update/bin/../lib/gcc/arm-none-eabi/7.3.1/../../../../arm-none-eabi/lib/thumb/v7-m/libg.a(lib_a-mallocr.o)
                0x0000000020000da8                __malloc_current_mallinfo
 .bss.__malloc_max_sbrked_mem
                0x0000000020000dd0        0x4 /opt/toolchains/gcc-arm-none-eabi-7-2018-q2-update/bin/../lib/gcc/arm-none-eabi/7.3.1/../../../../arm-none-eabi/lib/thumb/v7-m/libg.a(lib_a-mallocr.o)
                0x0000000020000dd0                __malloc_max_sbrked_mem
 .bss.__malloc_max_total_mem
                0x0000000020000dd4        0x4 /opt/toolchains/gcc-arm-none-eabi-7-2018-q2-update/bin/../lib/gcc/arm-none-eabi/7.3.1/../../../../arm-none-eabi/lib/thumb/v7-m/libg.a(lib_a-mallocr.o)
                0x0000000020000dd4                __malloc_max_total_mem
 .bss.__malloc_top_pad
                0x0000000020000dd8        0x4 /opt/toolchains/gcc-arm-none-eabi-7-2018-q2-update/bin/../lib/gcc/arm-none-eabi/7.3.1/../../../../arm-none-eabi/lib/thumb/v7-m/libg.a(lib_a-mallocr.o)
                0x0000000020000dd8                __malloc_top_pad
 *(COMMON)
 COMMON         0x0000000020000ddc       0x21 /opt/toolchains/gcc-arm-none-eabi-7-2018-q2-update/bin/../lib/gcc/arm-none-eabi/7.3.1/../../../../arm-none-eabi/lib/thumb/v7-m/libc.a(lib_a-lock.o)
                0x0000000020000ddc                __lock___atexit_recursive_mutex
                0x0000000020000de0                __lock___arc4random_mutex
                0x0000000020000de4                __lock___env_recursive_mutex
                0x0000000020000de8                __lock___sinit_recursive_mutex
                0x0000000020000dec                __lock___malloc_recursive_mutex
                0x0000000020000df0                __lock___at_quick_exit_mutex
                0x0000000020000df4                __lock___dd_hash_mutex
                0x0000000020000df8                __lock___tz_mutex
                0x0000000020000dfc                __lock___sfp_recursive_mutex
 *fill*         0x0000000020000dfd        0x3 
 COMMON         0x0000000020000e00       0x20 CMakeFiles/stm32-neural-network.elf.dir/__/libs/stm32f1_dimtass_lib/src/dev_spi_master.c.obj
                0x0000000020000e00                spi_available_freq
 COMMON         0x0000000020000e20        0xc CMakeFiles/stm32-neural-network.elf.dir/main.c.obj
                0x0000000020000e20                glb_tmr_1ms
                0x0000000020000e24                benchmark_timer
                0x0000000020000e28                trace_levels
 COMMON         0x0000000020000e2c        0x4 /opt/toolchains/gcc-arm-none-eabi-7-2018-q2-update/bin/../lib/gcc/arm-none-eabi/7.3.1/../../../../arm-none-eabi/lib/thumb/v7-m/libg.a(lib_a-reent.o)
                0x0000000020000e2c                errno
                0x0000000020000e30                . = ALIGN (0x4)
                0x0000000020000e30                _ebss = .
                0x0000000020000e30                __bss_end__ = _ebss

._user_heap_stack
                0x0000000020000e30      0x400 load address 0x000000000800a9d0
                0x0000000020000e30                . = ALIGN (0x8)
                0x0000000020000e30                PROVIDE (end = .)
                [!provide]                        PROVIDE (_end = .)
                0x0000000020000e30                . = (. + _Min_Heap_Size)
                0x0000000020001230                . = (. + _Min_Stack_Size)
 *fill*         0x0000000020000e30      0x400 
                0x0000000020001230                . = ALIGN (0x8)

/DISCARD/
 libc.a(*)
 libm.a(*)
 libgcc.a(*)

.ARM.attributes
                0x0000000000000000       0x2b
 *(.ARM.attributes)
 .ARM.attributes
                0x0000000000000000       0x1d /opt/toolchains/gcc-arm-none-eabi-7-2018-q2-update/bin/../lib/gcc/arm-none-eabi/7.3.1/thumb/v7-m/crti.o
 .ARM.attributes
                0x000000000000001d       0x2d /opt/toolchains/gcc-arm-none-eabi-7-2018-q2-update/bin/../lib/gcc/arm-none-eabi/7.3.1/thumb/v7-m/crtbegin.o
 .ARM.attributes
                0x000000000000004a       0x2d /opt/toolchains/gcc-arm-none-eabi-7-2018-q2-update/bin/../lib/gcc/arm-none-eabi/7.3.1/../../../../arm-none-eabi/lib/thumb/v7-m/libc.a(lib_a-impure.o)
 .ARM.attributes
                0x0000000000000077       0x2d /opt/toolchains/gcc-arm-none-eabi-7-2018-q2-update/bin/../lib/gcc/arm-none-eabi/7.3.1/../../../../arm-none-eabi/lib/thumb/v7-m/libc.a(lib_a-init.o)
 .ARM.attributes
                0x00000000000000a4       0x2d /opt/toolchains/gcc-arm-none-eabi-7-2018-q2-update/bin/../lib/gcc/arm-none-eabi/7.3.1/../../../../arm-none-eabi/lib/thumb/v7-m/libc.a(lib_a-memset.o)
 .ARM.attributes
                0x00000000000000d1       0x2d /opt/toolchains/gcc-arm-none-eabi-7-2018-q2-update/bin/../lib/gcc/arm-none-eabi/7.3.1/../../../../arm-none-eabi/lib/thumb/v7-m/libc.a(lib_a-__call_atexit.o)
 .ARM.attributes
                0x00000000000000fe       0x2d /opt/toolchains/gcc-arm-none-eabi-7-2018-q2-update/bin/../lib/gcc/arm-none-eabi/7.3.1/../../../../arm-none-eabi/lib/thumb/v7-m/libc.a(lib_a-atexit.o)
 .ARM.attributes
                0x000000000000012b       0x2d /opt/toolchains/gcc-arm-none-eabi-7-2018-q2-update/bin/../lib/gcc/arm-none-eabi/7.3.1/../../../../arm-none-eabi/lib/thumb/v7-m/libc.a(lib_a-fini.o)
 .ARM.attributes
                0x0000000000000158       0x2d /opt/toolchains/gcc-arm-none-eabi-7-2018-q2-update/bin/../lib/gcc/arm-none-eabi/7.3.1/../../../../arm-none-eabi/lib/thumb/v7-m/libc.a(lib_a-lock.o)
 .ARM.attributes
                0x0000000000000185       0x2d /opt/toolchains/gcc-arm-none-eabi-7-2018-q2-update/bin/../lib/gcc/arm-none-eabi/7.3.1/../../../../arm-none-eabi/lib/thumb/v7-m/libc.a(lib_a-__atexit.o)
 .ARM.attributes
                0x00000000000001b2       0x2f CMakeFiles/stm32-neural-network.elf.dir/__/libs/stm32f1_dimtass_lib/src/dev_i2c.c.obj
 .ARM.attributes
                0x00000000000001e1       0x2f CMakeFiles/stm32-neural-network.elf.dir/__/libs/stm32f1_dimtass_lib/src/dev_spi_master.c.obj
 .ARM.attributes
                0x0000000000000210       0x2f CMakeFiles/stm32-neural-network.elf.dir/__/libs/stm32f1_dimtass_lib/src/dev_spi_slave.c.obj
 .ARM.attributes
                0x000000000000023f       0x2f CMakeFiles/stm32-neural-network.elf.dir/__/libs/stm32f1_dimtass_lib/src/dev_uart.c.obj
 .ARM.attributes
                0x000000000000026e       0x2f CMakeFiles/stm32-neural-network.elf.dir/main.c.obj
 .ARM.attributes
                0x000000000000029d       0x2f CMakeFiles/stm32-neural-network.elf.dir/system_stm32f10x.c.obj
 .ARM.attributes
                0x00000000000002cc       0x2f CMakeFiles/stm32-neural-network.elf.dir/syscalls.c.obj
 .ARM.attributes
                0x00000000000002fb       0x2f CMakeFiles/stm32-neural-network.elf.dir/stm32f10x_it.c.obj
 .ARM.attributes
                0x000000000000032a       0x2f CMakeFiles/stm32-neural-network.elf.dir/neural_network.c.obj
 .ARM.attributes
                0x0000000000000359       0x21 CMakeFiles/stm32-neural-network.elf.dir/__/config/startup_stm32f10x_md.s.obj
 .ARM.attributes
                0x000000000000037a       0x2f ../libstdperiph.a(misc.c.obj)
 .ARM.attributes
                0x00000000000003a9       0x2f ../libstdperiph.a(stm32f10x_dma.c.obj)
 .ARM.attributes
                0x00000000000003d8       0x2f ../libstdperiph.a(stm32f10x_gpio.c.obj)
 .ARM.attributes
                0x0000000000000407       0x2f ../libstdperiph.a(stm32f10x_i2c.c.obj)
 .ARM.attributes
                0x0000000000000436       0x2f ../libstdperiph.a(stm32f10x_rcc.c.obj)
 .ARM.attributes
                0x0000000000000465       0x2f ../libstdperiph.a(stm32f10x_spi.c.obj)
 .ARM.attributes
                0x0000000000000494       0x2f ../libstdperiph.a(stm32f10x_usart.c.obj)
 .ARM.attributes
                0x00000000000004c3       0x1d /opt/toolchains/gcc-arm-none-eabi-7-2018-q2-update/bin/../lib/gcc/arm-none-eabi/7.3.1/thumb/v7-m/libgcc.a(_arm_addsubdf3.o)
 .ARM.attributes
                0x00000000000004e0       0x1d /opt/toolchains/gcc-arm-none-eabi-7-2018-q2-update/bin/../lib/gcc/arm-none-eabi/7.3.1/thumb/v7-m/libgcc.a(_arm_muldivdf3.o)
 .ARM.attributes
                0x00000000000004fd       0x2d /opt/toolchains/gcc-arm-none-eabi-7-2018-q2-update/bin/../lib/gcc/arm-none-eabi/7.3.1/../../../../arm-none-eabi/lib/thumb/v7-m/libg.a(lib_a-errno.o)
 .ARM.attributes
                0x000000000000052a       0x2d /opt/toolchains/gcc-arm-none-eabi-7-2018-q2-update/bin/../lib/gcc/arm-none-eabi/7.3.1/../../../../arm-none-eabi/lib/thumb/v7-m/libg.a(lib_a-malloc.o)
 .ARM.attributes
                0x0000000000000557       0x2d /opt/toolchains/gcc-arm-none-eabi-7-2018-q2-update/bin/../lib/gcc/arm-none-eabi/7.3.1/../../../../arm-none-eabi/lib/thumb/v7-m/libg.a(lib_a-mallocr.o)
 .ARM.attributes
                0x0000000000000584       0x2d /opt/toolchains/gcc-arm-none-eabi-7-2018-q2-update/bin/../lib/gcc/arm-none-eabi/7.3.1/../../../../arm-none-eabi/lib/thumb/v7-m/libg.a(lib_a-mlock.o)
 .ARM.attributes
                0x00000000000005b1       0x2d /opt/toolchains/gcc-arm-none-eabi-7-2018-q2-update/bin/../lib/gcc/arm-none-eabi/7.3.1/../../../../arm-none-eabi/lib/thumb/v7-m/libg.a(lib_a-printf.o)
 .ARM.attributes
                0x00000000000005de       0x2d /opt/toolchains/gcc-arm-none-eabi-7-2018-q2-update/bin/../lib/gcc/arm-none-eabi/7.3.1/../../../../arm-none-eabi/lib/thumb/v7-m/libg.a(lib_a-putchar.o)
 .ARM.attributes
                0x000000000000060b       0x2d /opt/toolchains/gcc-arm-none-eabi-7-2018-q2-update/bin/../lib/gcc/arm-none-eabi/7.3.1/../../../../arm-none-eabi/lib/thumb/v7-m/libg.a(lib_a-puts.o)
 .ARM.attributes
                0x0000000000000638       0x2d /opt/toolchains/gcc-arm-none-eabi-7-2018-q2-update/bin/../lib/gcc/arm-none-eabi/7.3.1/../../../../arm-none-eabi/lib/thumb/v7-m/libg.a(lib_a-sbrkr.o)
 .ARM.attributes
                0x0000000000000665       0x2d /opt/toolchains/gcc-arm-none-eabi-7-2018-q2-update/bin/../lib/gcc/arm-none-eabi/7.3.1/../../../../arm-none-eabi/lib/thumb/v7-m/libg.a(lib_a-strlen-stub.o)
 .ARM.attributes
                0x0000000000000692       0x2d /opt/toolchains/gcc-arm-none-eabi-7-2018-q2-update/bin/../lib/gcc/arm-none-eabi/7.3.1/../../../../arm-none-eabi/lib/thumb/v7-m/libg.a(lib_a-strncmp.o)
 .ARM.attributes
                0x00000000000006bf       0x2d /opt/toolchains/gcc-arm-none-eabi-7-2018-q2-update/bin/../lib/gcc/arm-none-eabi/7.3.1/../../../../arm-none-eabi/lib/thumb/v7-m/libg.a(lib_a-vfprintf.o)
 .ARM.attributes
                0x00000000000006ec       0x2d /opt/toolchains/gcc-arm-none-eabi-7-2018-q2-update/bin/../lib/gcc/arm-none-eabi/7.3.1/../../../../arm-none-eabi/lib/thumb/v7-m/libg.a(lib_a-wsetup.o)
 .ARM.attributes
                0x0000000000000719       0x2d /opt/toolchains/gcc-arm-none-eabi-7-2018-q2-update/bin/../lib/gcc/arm-none-eabi/7.3.1/../../../../arm-none-eabi/lib/thumb/v7-m/libg.a(lib_a-dtoa.o)
 .ARM.attributes
                0x0000000000000746       0x2d /opt/toolchains/gcc-arm-none-eabi-7-2018-q2-update/bin/../lib/gcc/arm-none-eabi/7.3.1/../../../../arm-none-eabi/lib/thumb/v7-m/libg.a(lib_a-fflush.o)
 .ARM.attributes
                0x0000000000000773       0x2d /opt/toolchains/gcc-arm-none-eabi-7-2018-q2-update/bin/../lib/gcc/arm-none-eabi/7.3.1/../../../../arm-none-eabi/lib/thumb/v7-m/libg.a(lib_a-findfp.o)
 .ARM.attributes
                0x00000000000007a0       0x2d /opt/toolchains/gcc-arm-none-eabi-7-2018-q2-update/bin/../lib/gcc/arm-none-eabi/7.3.1/../../../../arm-none-eabi/lib/thumb/v7-m/libg.a(lib_a-freer.o)
 .ARM.attributes
                0x00000000000007cd       0x2d /opt/toolchains/gcc-arm-none-eabi-7-2018-q2-update/bin/../lib/gcc/arm-none-eabi/7.3.1/../../../../arm-none-eabi/lib/thumb/v7-m/libg.a(lib_a-fvwrite.o)
 .ARM.attributes
                0x00000000000007fa       0x2d /opt/toolchains/gcc-arm-none-eabi-7-2018-q2-update/bin/../lib/gcc/arm-none-eabi/7.3.1/../../../../arm-none-eabi/lib/thumb/v7-m/libg.a(lib_a-fwalk.o)
 .ARM.attributes
                0x0000000000000827       0x2d /opt/toolchains/gcc-arm-none-eabi-7-2018-q2-update/bin/../lib/gcc/arm-none-eabi/7.3.1/../../../../arm-none-eabi/lib/thumb/v7-m/libg.a(lib_a-localeconv.o)
 .ARM.attributes
                0x0000000000000854       0x2d /opt/toolchains/gcc-arm-none-eabi-7-2018-q2-update/bin/../lib/gcc/arm-none-eabi/7.3.1/../../../../arm-none-eabi/lib/thumb/v7-m/libg.a(lib_a-makebuf.o)
 .ARM.attributes
                0x0000000000000881       0x2d /opt/toolchains/gcc-arm-none-eabi-7-2018-q2-update/bin/../lib/gcc/arm-none-eabi/7.3.1/../../../../arm-none-eabi/lib/thumb/v7-m/libg.a(lib_a-memchr-stub.o)
 .ARM.attributes
                0x00000000000008ae       0x1b /opt/toolchains/gcc-arm-none-eabi-7-2018-q2-update/bin/../lib/gcc/arm-none-eabi/7.3.1/../../../../arm-none-eabi/lib/thumb/v7-m/libg.a(lib_a-memcpy.o)
 .ARM.attributes
                0x00000000000008c9       0x2d /opt/toolchains/gcc-arm-none-eabi-7-2018-q2-update/bin/../lib/gcc/arm-none-eabi/7.3.1/../../../../arm-none-eabi/lib/thumb/v7-m/libg.a(lib_a-memmove.o)
 .ARM.attributes
                0x00000000000008f6       0x2d /opt/toolchains/gcc-arm-none-eabi-7-2018-q2-update/bin/../lib/gcc/arm-none-eabi/7.3.1/../../../../arm-none-eabi/lib/thumb/v7-m/libg.a(lib_a-mprec.o)
 .ARM.attributes
                0x0000000000000923       0x2d /opt/toolchains/gcc-arm-none-eabi-7-2018-q2-update/bin/../lib/gcc/arm-none-eabi/7.3.1/../../../../arm-none-eabi/lib/thumb/v7-m/libg.a(lib_a-putc.o)
 .ARM.attributes
                0x0000000000000950       0x2d /opt/toolchains/gcc-arm-none-eabi-7-2018-q2-update/bin/../lib/gcc/arm-none-eabi/7.3.1/../../../../arm-none-eabi/lib/thumb/v7-m/libg.a(lib_a-reallocr.o)
 .ARM.attributes
                0x000000000000097d       0x2d /opt/toolchains/gcc-arm-none-eabi-7-2018-q2-update/bin/../lib/gcc/arm-none-eabi/7.3.1/../../../../arm-none-eabi/lib/thumb/v7-m/libg.a(lib_a-reent.o)
 .ARM.attributes
                0x00000000000009aa       0x2d /opt/toolchains/gcc-arm-none-eabi-7-2018-q2-update/bin/../lib/gcc/arm-none-eabi/7.3.1/../../../../arm-none-eabi/lib/thumb/v7-m/libg.a(lib_a-s_frexp.o)
 .ARM.attributes
                0x00000000000009d7       0x2d /opt/toolchains/gcc-arm-none-eabi-7-2018-q2-update/bin/../lib/gcc/arm-none-eabi/7.3.1/../../../../arm-none-eabi/lib/thumb/v7-m/libg.a(lib_a-stdio.o)
 .ARM.attributes
                0x0000000000000a04       0x2d /opt/toolchains/gcc-arm-none-eabi-7-2018-q2-update/bin/../lib/gcc/arm-none-eabi/7.3.1/../../../../arm-none-eabi/lib/thumb/v7-m/libg.a(lib_a-strncpy.o)
 .ARM.attributes
                0x0000000000000a31       0x2d /opt/toolchains/gcc-arm-none-eabi-7-2018-q2-update/bin/../lib/gcc/arm-none-eabi/7.3.1/../../../../arm-none-eabi/lib/thumb/v7-m/libg.a(lib_a-vfiprintf.o)
 .ARM.attributes
                0x0000000000000a5e       0x2d /opt/toolchains/gcc-arm-none-eabi-7-2018-q2-update/bin/../lib/gcc/arm-none-eabi/7.3.1/../../../../arm-none-eabi/lib/thumb/v7-m/libg.a(lib_a-wbuf.o)
 .ARM.attributes
                0x0000000000000a8b       0x2d /opt/toolchains/gcc-arm-none-eabi-7-2018-q2-update/bin/../lib/gcc/arm-none-eabi/7.3.1/../../../../arm-none-eabi/lib/thumb/v7-m/libg.a(lib_a-writer.o)
 .ARM.attributes
                0x0000000000000ab8       0x2d /opt/toolchains/gcc-arm-none-eabi-7-2018-q2-update/bin/../lib/gcc/arm-none-eabi/7.3.1/../../../../arm-none-eabi/lib/thumb/v7-m/libg.a(lib_a-callocr.o)
 .ARM.attributes
                0x0000000000000ae5       0x2d /opt/toolchains/gcc-arm-none-eabi-7-2018-q2-update/bin/../lib/gcc/arm-none-eabi/7.3.1/../../../../arm-none-eabi/lib/thumb/v7-m/libg.a(lib_a-closer.o)
 .ARM.attributes
                0x0000000000000b12       0x2d /opt/toolchains/gcc-arm-none-eabi-7-2018-q2-update/bin/../lib/gcc/arm-none-eabi/7.3.1/../../../../arm-none-eabi/lib/thumb/v7-m/libg.a(lib_a-fclose.o)
 .ARM.attributes
                0x0000000000000b3f       0x2d /opt/toolchains/gcc-arm-none-eabi-7-2018-q2-update/bin/../lib/gcc/arm-none-eabi/7.3.1/../../../../arm-none-eabi/lib/thumb/v7-m/libg.a(lib_a-fputwc.o)
 .ARM.attributes
                0x0000000000000b6c       0x2d /opt/toolchains/gcc-arm-none-eabi-7-2018-q2-update/bin/../lib/gcc/arm-none-eabi/7.3.1/../../../../arm-none-eabi/lib/thumb/v7-m/libg.a(lib_a-fstatr.o)
 .ARM.attributes
                0x0000000000000b99       0x2d /opt/toolchains/gcc-arm-none-eabi-7-2018-q2-update/bin/../lib/gcc/arm-none-eabi/7.3.1/../../../../arm-none-eabi/lib/thumb/v7-m/libg.a(lib_a-isattyr.o)
 .ARM.attributes
                0x0000000000000bc6       0x2d /opt/toolchains/gcc-arm-none-eabi-7-2018-q2-update/bin/../lib/gcc/arm-none-eabi/7.3.1/../../../../arm-none-eabi/lib/thumb/v7-m/libg.a(lib_a-locale.o)
 .ARM.attributes
                0x0000000000000bf3       0x2d /opt/toolchains/gcc-arm-none-eabi-7-2018-q2-update/bin/../lib/gcc/arm-none-eabi/7.3.1/../../../../arm-none-eabi/lib/thumb/v7-m/libg.a(lib_a-lseekr.o)
 .ARM.attributes
                0x0000000000000c20       0x2d /opt/toolchains/gcc-arm-none-eabi-7-2018-q2-update/bin/../lib/gcc/arm-none-eabi/7.3.1/../../../../arm-none-eabi/lib/thumb/v7-m/libg.a(lib_a-mbtowc_r.o)
 .ARM.attributes
                0x0000000000000c4d       0x2d /opt/toolchains/gcc-arm-none-eabi-7-2018-q2-update/bin/../lib/gcc/arm-none-eabi/7.3.1/../../../../arm-none-eabi/lib/thumb/v7-m/libg.a(lib_a-readr.o)
 .ARM.attributes
                0x0000000000000c7a       0x2d /opt/toolchains/gcc-arm-none-eabi-7-2018-q2-update/bin/../lib/gcc/arm-none-eabi/7.3.1/../../../../arm-none-eabi/lib/thumb/v7-m/libg.a(lib_a-wcrtomb.o)
 .ARM.attributes
                0x0000000000000ca7       0x2d /opt/toolchains/gcc-arm-none-eabi-7-2018-q2-update/bin/../lib/gcc/arm-none-eabi/7.3.1/../../../../arm-none-eabi/lib/thumb/v7-m/libg.a(lib_a-wctomb_r.o)
 .ARM.attributes
                0x0000000000000cd4       0x2d /opt/toolchains/gcc-arm-none-eabi-7-2018-q2-update/bin/../lib/gcc/arm-none-eabi/7.3.1/../../../../arm-none-eabi/lib/thumb/v7-m/libg.a(lib_a-ctype_.o)
 .ARM.attributes
                0x0000000000000d01       0x1d /opt/toolchains/gcc-arm-none-eabi-7-2018-q2-update/bin/../lib/gcc/arm-none-eabi/7.3.1/thumb/v7-m/libgcc.a(_arm_cmpdf2.o)
 .ARM.attributes
                0x0000000000000d1e       0x1d /opt/toolchains/gcc-arm-none-eabi-7-2018-q2-update/bin/../lib/gcc/arm-none-eabi/7.3.1/thumb/v7-m/libgcc.a(_arm_unorddf2.o)
 .ARM.attributes
                0x0000000000000d3b       0x1d /opt/toolchains/gcc-arm-none-eabi-7-2018-q2-update/bin/../lib/gcc/arm-none-eabi/7.3.1/thumb/v7-m/libgcc.a(_arm_fixdfsi.o)
 .ARM.attributes
                0x0000000000000d58       0x1d /opt/toolchains/gcc-arm-none-eabi-7-2018-q2-update/bin/../lib/gcc/arm-none-eabi/7.3.1/thumb/v7-m/libgcc.a(_aeabi_uldivmod.o)
 .ARM.attributes
                0x0000000000000d75       0x2d /opt/toolchains/gcc-arm-none-eabi-7-2018-q2-update/bin/../lib/gcc/arm-none-eabi/7.3.1/thumb/v7-m/libgcc.a(_udivmoddi4.o)
 .ARM.attributes
                0x0000000000000da2       0x1d /opt/toolchains/gcc-arm-none-eabi-7-2018-q2-update/bin/../lib/gcc/arm-none-eabi/7.3.1/thumb/v7-m/libgcc.a(_dvmd_tls.o)
 .ARM.attributes
                0x0000000000000dbf       0x1d /opt/toolchains/gcc-arm-none-eabi-7-2018-q2-update/bin/../lib/gcc/arm-none-eabi/7.3.1/thumb/v7-m/crtn.o
OUTPUT(stm32-neural-network.elf elf32-littlearm)

.debug_frame    0x0000000000000000     0x2a98
 .debug_frame   0x0000000000000000       0x2c /opt/toolchains/gcc-arm-none-eabi-7-2018-q2-update/bin/../lib/gcc/arm-none-eabi/7.3.1/../../../../arm-none-eabi/lib/thumb/v7-m/libc.a(lib_a-init.o)
 .debug_frame   0x000000000000002c       0x38 /opt/toolchains/gcc-arm-none-eabi-7-2018-q2-update/bin/../lib/gcc/arm-none-eabi/7.3.1/../../../../arm-none-eabi/lib/thumb/v7-m/libc.a(lib_a-memset.o)
 .debug_frame   0x0000000000000064       0x5c /opt/toolchains/gcc-arm-none-eabi-7-2018-q2-update/bin/../lib/gcc/arm-none-eabi/7.3.1/../../../../arm-none-eabi/lib/thumb/v7-m/libc.a(lib_a-__call_atexit.o)
 .debug_frame   0x00000000000000c0       0x20 /opt/toolchains/gcc-arm-none-eabi-7-2018-q2-update/bin/../lib/gcc/arm-none-eabi/7.3.1/../../../../arm-none-eabi/lib/thumb/v7-m/libc.a(lib_a-atexit.o)
 .debug_frame   0x00000000000000e0       0x34 /opt/toolchains/gcc-arm-none-eabi-7-2018-q2-update/bin/../lib/gcc/arm-none-eabi/7.3.1/../../../../arm-none-eabi/lib/thumb/v7-m/libc.a(lib_a-fini.o)
 .debug_frame   0x0000000000000114       0xb0 /opt/toolchains/gcc-arm-none-eabi-7-2018-q2-update/bin/../lib/gcc/arm-none-eabi/7.3.1/../../../../arm-none-eabi/lib/thumb/v7-m/libc.a(lib_a-lock.o)
 .debug_frame   0x00000000000001c4       0x34 /opt/toolchains/gcc-arm-none-eabi-7-2018-q2-update/bin/../lib/gcc/arm-none-eabi/7.3.1/../../../../arm-none-eabi/lib/thumb/v7-m/libc.a(lib_a-__atexit.o)
 .debug_frame   0x00000000000001f8      0x1bc CMakeFiles/stm32-neural-network.elf.dir/__/libs/stm32f1_dimtass_lib/src/dev_i2c.c.obj
 .debug_frame   0x00000000000003b4      0x230 CMakeFiles/stm32-neural-network.elf.dir/__/libs/stm32f1_dimtass_lib/src/dev_spi_master.c.obj
 .debug_frame   0x00000000000005e4       0x60 CMakeFiles/stm32-neural-network.elf.dir/__/libs/stm32f1_dimtass_lib/src/dev_spi_slave.c.obj
 .debug_frame   0x0000000000000644      0x150 CMakeFiles/stm32-neural-network.elf.dir/__/libs/stm32f1_dimtass_lib/src/dev_uart.c.obj
 .debug_frame   0x0000000000000794      0x140 CMakeFiles/stm32-neural-network.elf.dir/main.c.obj
 .debug_frame   0x00000000000008d4       0x48 CMakeFiles/stm32-neural-network.elf.dir/system_stm32f10x.c.obj
 .debug_frame   0x000000000000091c      0x1a8 CMakeFiles/stm32-neural-network.elf.dir/syscalls.c.obj
 .debug_frame   0x0000000000000ac4       0xa0 CMakeFiles/stm32-neural-network.elf.dir/stm32f10x_it.c.obj
 .debug_frame   0x0000000000000b64       0x84 CMakeFiles/stm32-neural-network.elf.dir/neural_network.c.obj
 .debug_frame   0x0000000000000be8       0x7c ../libstdperiph.a(misc.c.obj)
 .debug_frame   0x0000000000000c64       0xf0 ../libstdperiph.a(stm32f10x_dma.c.obj)
 .debug_frame   0x0000000000000d54      0x1b0 ../libstdperiph.a(stm32f10x_gpio.c.obj)
 .debug_frame   0x0000000000000f04      0x26c ../libstdperiph.a(stm32f10x_i2c.c.obj)
 .debug_frame   0x0000000000001170      0x224 ../libstdperiph.a(stm32f10x_rcc.c.obj)
 .debug_frame   0x0000000000001394      0x1cc ../libstdperiph.a(stm32f10x_spi.c.obj)
 .debug_frame   0x0000000000001560      0x258 ../libstdperiph.a(stm32f10x_usart.c.obj)
 .debug_frame   0x00000000000017b8       0xac /opt/toolchains/gcc-arm-none-eabi-7-2018-q2-update/bin/../lib/gcc/arm-none-eabi/7.3.1/thumb/v7-m/libgcc.a(_arm_addsubdf3.o)
 .debug_frame   0x0000000000001864       0x50 /opt/toolchains/gcc-arm-none-eabi-7-2018-q2-update/bin/../lib/gcc/arm-none-eabi/7.3.1/thumb/v7-m/libgcc.a(_arm_muldivdf3.o)
 .debug_frame   0x00000000000018b4       0x20 /opt/toolchains/gcc-arm-none-eabi-7-2018-q2-update/bin/../lib/gcc/arm-none-eabi/7.3.1/../../../../arm-none-eabi/lib/thumb/v7-m/libg.a(lib_a-errno.o)
 .debug_frame   0x00000000000018d4       0x30 /opt/toolchains/gcc-arm-none-eabi-7-2018-q2-update/bin/../lib/gcc/arm-none-eabi/7.3.1/../../../../arm-none-eabi/lib/thumb/v7-m/libg.a(lib_a-malloc.o)
 .debug_frame   0x0000000000001904       0x4c /opt/toolchains/gcc-arm-none-eabi-7-2018-q2-update/bin/../lib/gcc/arm-none-eabi/7.3.1/../../../../arm-none-eabi/lib/thumb/v7-m/libg.a(lib_a-mallocr.o)
 .debug_frame   0x0000000000001950       0x30 /opt/toolchains/gcc-arm-none-eabi-7-2018-q2-update/bin/../lib/gcc/arm-none-eabi/7.3.1/../../../../arm-none-eabi/lib/thumb/v7-m/libg.a(lib_a-mlock.o)
 .debug_frame   0x0000000000001980       0x78 /opt/toolchains/gcc-arm-none-eabi-7-2018-q2-update/bin/../lib/gcc/arm-none-eabi/7.3.1/../../../../arm-none-eabi/lib/thumb/v7-m/libg.a(lib_a-printf.o)
 .debug_frame   0x00000000000019f8       0x30 /opt/toolchains/gcc-arm-none-eabi-7-2018-q2-update/bin/../lib/gcc/arm-none-eabi/7.3.1/../../../../arm-none-eabi/lib/thumb/v7-m/libg.a(lib_a-putchar.o)
 .debug_frame   0x0000000000001a28       0x4c /opt/toolchains/gcc-arm-none-eabi-7-2018-q2-update/bin/../lib/gcc/arm-none-eabi/7.3.1/../../../../arm-none-eabi/lib/thumb/v7-m/libg.a(lib_a-puts.o)
 .debug_frame   0x0000000000001a74       0x2c /opt/toolchains/gcc-arm-none-eabi-7-2018-q2-update/bin/../lib/gcc/arm-none-eabi/7.3.1/../../../../arm-none-eabi/lib/thumb/v7-m/libg.a(lib_a-sbrkr.o)
 .debug_frame   0x0000000000001aa0       0x20 /opt/toolchains/gcc-arm-none-eabi-7-2018-q2-update/bin/../lib/gcc/arm-none-eabi/7.3.1/../../../../arm-none-eabi/lib/thumb/v7-m/libg.a(lib_a-strlen-stub.o)
 .debug_frame   0x0000000000001ac0       0x48 /opt/toolchains/gcc-arm-none-eabi-7-2018-q2-update/bin/../lib/gcc/arm-none-eabi/7.3.1/../../../../arm-none-eabi/lib/thumb/v7-m/libg.a(lib_a-strncmp.o)
 .debug_frame   0x0000000000001b08       0x94 /opt/toolchains/gcc-arm-none-eabi-7-2018-q2-update/bin/../lib/gcc/arm-none-eabi/7.3.1/../../../../arm-none-eabi/lib/thumb/v7-m/libg.a(lib_a-vfprintf.o)
 .debug_frame   0x0000000000001b9c       0x2c /opt/toolchains/gcc-arm-none-eabi-7-2018-q2-update/bin/../lib/gcc/arm-none-eabi/7.3.1/../../../../arm-none-eabi/lib/thumb/v7-m/libg.a(lib_a-wsetup.o)
 .debug_frame   0x0000000000001bc8       0x88 /opt/toolchains/gcc-arm-none-eabi-7-2018-q2-update/bin/../lib/gcc/arm-none-eabi/7.3.1/../../../../arm-none-eabi/lib/thumb/v7-m/libg.a(lib_a-dtoa.o)
 .debug_frame   0x0000000000001c50       0x5c /opt/toolchains/gcc-arm-none-eabi-7-2018-q2-update/bin/../lib/gcc/arm-none-eabi/7.3.1/../../../../arm-none-eabi/lib/thumb/v7-m/libg.a(lib_a-fflush.o)
 .debug_frame   0x0000000000001cac      0x150 /opt/toolchains/gcc-arm-none-eabi-7-2018-q2-update/bin/../lib/gcc/arm-none-eabi/7.3.1/../../../../arm-none-eabi/lib/thumb/v7-m/libg.a(lib_a-findfp.o)
 .debug_frame   0x0000000000001dfc       0x80 /opt/toolchains/gcc-arm-none-eabi-7-2018-q2-update/bin/../lib/gcc/arm-none-eabi/7.3.1/../../../../arm-none-eabi/lib/thumb/v7-m/libg.a(lib_a-freer.o)
 .debug_frame   0x0000000000001e7c       0x64 /opt/toolchains/gcc-arm-none-eabi-7-2018-q2-update/bin/../lib/gcc/arm-none-eabi/7.3.1/../../../../arm-none-eabi/lib/thumb/v7-m/libg.a(lib_a-fvwrite.o)
 .debug_frame   0x0000000000001ee0       0x54 /opt/toolchains/gcc-arm-none-eabi-7-2018-q2-update/bin/../lib/gcc/arm-none-eabi/7.3.1/../../../../arm-none-eabi/lib/thumb/v7-m/libg.a(lib_a-fwalk.o)
 .debug_frame   0x0000000000001f34       0x40 /opt/toolchains/gcc-arm-none-eabi-7-2018-q2-update/bin/../lib/gcc/arm-none-eabi/7.3.1/../../../../arm-none-eabi/lib/thumb/v7-m/libg.a(lib_a-localeconv.o)
 .debug_frame   0x0000000000001f74       0x64 /opt/toolchains/gcc-arm-none-eabi-7-2018-q2-update/bin/../lib/gcc/arm-none-eabi/7.3.1/../../../../arm-none-eabi/lib/thumb/v7-m/libg.a(lib_a-makebuf.o)
 .debug_frame   0x0000000000001fd8       0x34 /opt/toolchains/gcc-arm-none-eabi-7-2018-q2-update/bin/../lib/gcc/arm-none-eabi/7.3.1/../../../../arm-none-eabi/lib/thumb/v7-m/libg.a(lib_a-memchr-stub.o)
 .debug_frame   0x000000000000200c       0x40 /opt/toolchains/gcc-arm-none-eabi-7-2018-q2-update/bin/../lib/gcc/arm-none-eabi/7.3.1/../../../../arm-none-eabi/lib/thumb/v7-m/libg.a(lib_a-memmove.o)
 .debug_frame   0x000000000000204c      0x264 /opt/toolchains/gcc-arm-none-eabi-7-2018-q2-update/bin/../lib/gcc/arm-none-eabi/7.3.1/../../../../arm-none-eabi/lib/thumb/v7-m/libg.a(lib_a-mprec.o)
 .debug_frame   0x00000000000022b0       0x50 /opt/toolchains/gcc-arm-none-eabi-7-2018-q2-update/bin/../lib/gcc/arm-none-eabi/7.3.1/../../../../arm-none-eabi/lib/thumb/v7-m/libg.a(lib_a-putc.o)
 .debug_frame   0x0000000000002300       0x58 /opt/toolchains/gcc-arm-none-eabi-7-2018-q2-update/bin/../lib/gcc/arm-none-eabi/7.3.1/../../../../arm-none-eabi/lib/thumb/v7-m/libg.a(lib_a-reallocr.o)
 .debug_frame   0x0000000000002358       0x68 /opt/toolchains/gcc-arm-none-eabi-7-2018-q2-update/bin/../lib/gcc/arm-none-eabi/7.3.1/../../../../arm-none-eabi/lib/thumb/v7-m/libg.a(lib_a-reent.o)
 .debug_frame   0x00000000000023c0       0x30 /opt/toolchains/gcc-arm-none-eabi-7-2018-q2-update/bin/../lib/gcc/arm-none-eabi/7.3.1/../../../../arm-none-eabi/lib/thumb/v7-m/libg.a(lib_a-s_frexp.o)
 .debug_frame   0x00000000000023f0       0x88 /opt/toolchains/gcc-arm-none-eabi-7-2018-q2-update/bin/../lib/gcc/arm-none-eabi/7.3.1/../../../../arm-none-eabi/lib/thumb/v7-m/libg.a(lib_a-stdio.o)
 .debug_frame   0x0000000000002478       0x34 /opt/toolchains/gcc-arm-none-eabi-7-2018-q2-update/bin/../lib/gcc/arm-none-eabi/7.3.1/../../../../arm-none-eabi/lib/thumb/v7-m/libg.a(lib_a-strncpy.o)
 .debug_frame   0x00000000000024ac       0xd8 /opt/toolchains/gcc-arm-none-eabi-7-2018-q2-update/bin/../lib/gcc/arm-none-eabi/7.3.1/../../../../arm-none-eabi/lib/thumb/v7-m/libg.a(lib_a-vfiprintf.o)
 .debug_frame   0x0000000000002584       0x40 /opt/toolchains/gcc-arm-none-eabi-7-2018-q2-update/bin/../lib/gcc/arm-none-eabi/7.3.1/../../../../arm-none-eabi/lib/thumb/v7-m/libg.a(lib_a-wbuf.o)
 .debug_frame   0x00000000000025c4       0x30 /opt/toolchains/gcc-arm-none-eabi-7-2018-q2-update/bin/../lib/gcc/arm-none-eabi/7.3.1/../../../../arm-none-eabi/lib/thumb/v7-m/libg.a(lib_a-writer.o)
 .debug_frame   0x00000000000025f4       0x28 /opt/toolchains/gcc-arm-none-eabi-7-2018-q2-update/bin/../lib/gcc/arm-none-eabi/7.3.1/../../../../arm-none-eabi/lib/thumb/v7-m/libg.a(lib_a-callocr.o)
 .debug_frame   0x000000000000261c       0x2c /opt/toolchains/gcc-arm-none-eabi-7-2018-q2-update/bin/../lib/gcc/arm-none-eabi/7.3.1/../../../../arm-none-eabi/lib/thumb/v7-m/libg.a(lib_a-closer.o)
 .debug_frame   0x0000000000002648       0x3c /opt/toolchains/gcc-arm-none-eabi-7-2018-q2-update/bin/../lib/gcc/arm-none-eabi/7.3.1/../../../../arm-none-eabi/lib/thumb/v7-m/libg.a(lib_a-fclose.o)
 .debug_frame   0x0000000000002684       0x9c /opt/toolchains/gcc-arm-none-eabi-7-2018-q2-update/bin/../lib/gcc/arm-none-eabi/7.3.1/../../../../arm-none-eabi/lib/thumb/v7-m/libg.a(lib_a-fputwc.o)